<?xml version="1.0" encoding="ISO-8859-1" ?>
<link_info>
   <banner>TI ARM Linker PC v18.1.4.LTS</banner>
   <copyright>Copyright (c) 1996-2018 Texas Instruments Incorporated</copyright>
   <link_time>0x5cef0fe1</link_time>
   <link_errors>0x0</link_errors>
   <output_file>GH_Center.out</output_file>
   <entry_point>
      <name>_c_int00_noargs</name>
      <address>0x4669</address>
   </entry_point>
   <input_file_list>
      <input_file id="fl-2">
         <path>.\</path>
         <kind>object</kind>
         <file>display.obj</file>
         <name>display.obj</name>
      </input_file>
      <input_file id="fl-3">
         <path>.\</path>
         <kind>object</kind>
         <file>main.obj</file>
         <name>main.obj</name>
      </input_file>
      <input_file id="fl-4">
         <path>.\</path>
         <kind>object</kind>
         <file>tm4c123gh6pm_startup_ccs.obj</file>
         <name>tm4c123gh6pm_startup_ccs.obj</name>
      </input_file>
      <input_file id="fl-5">
         <path>.\utils\</path>
         <kind>object</kind>
         <file>cmdline.obj</file>
         <name>cmdline.obj</name>
      </input_file>
      <input_file id="fl-6">
         <path>.\utils\</path>
         <kind>object</kind>
         <file>uartstdio.obj</file>
         <name>uartstdio.obj</name>
      </input_file>
      <input_file id="fl-c">
         <kind>object</kind>
         <file>&lt;internal&gt;</file>
         <name>&lt;internal&gt;</name>
      </input_file>
      <input_file id="fl-d">
         <path>C:\Program Files\ti\ccs830\TivaWare_C_Series-2.1.4.178\driverlib\ccs\Debug\</path>
         <kind>archive</kind>
         <file>driverlib.lib</file>
         <name>gpio.obj</name>
      </input_file>
      <input_file id="fl-e">
         <path>C:\Program Files\ti\ccs830\TivaWare_C_Series-2.1.4.178\driverlib\ccs\Debug\</path>
         <kind>archive</kind>
         <file>driverlib.lib</file>
         <name>interrupt.obj</name>
      </input_file>
      <input_file id="fl-f">
         <path>C:\Program Files\ti\ccs830\TivaWare_C_Series-2.1.4.178\driverlib\ccs\Debug\</path>
         <kind>archive</kind>
         <file>driverlib.lib</file>
         <name>sysctl.obj</name>
      </input_file>
      <input_file id="fl-10">
         <path>C:\Program Files\ti\ccs830\TivaWare_C_Series-2.1.4.178\driverlib\ccs\Debug\</path>
         <kind>archive</kind>
         <file>driverlib.lib</file>
         <name>systick.obj</name>
      </input_file>
      <input_file id="fl-11">
         <path>C:\Program Files\ti\ccs830\TivaWare_C_Series-2.1.4.178\driverlib\ccs\Debug\</path>
         <kind>archive</kind>
         <file>driverlib.lib</file>
         <name>timer.obj</name>
      </input_file>
      <input_file id="fl-12">
         <path>C:\Program Files\ti\ccs830\TivaWare_C_Series-2.1.4.178\driverlib\ccs\Debug\</path>
         <kind>archive</kind>
         <file>driverlib.lib</file>
         <name>uart.obj</name>
      </input_file>
      <input_file id="fl-13">
         <path>C:\Program Files\ti\ccs830\TivaWare_C_Series-2.1.4.178\driverlib\ccs\Debug\</path>
         <kind>archive</kind>
         <file>driverlib.lib</file>
         <name>cpu.obj</name>
      </input_file>
      <input_file id="fl-c9">
         <path>C:\Program Files\ti\ccs830\ccsv8\tools\compiler\ti-cgt-arm_18.1.4.LTS\lib\</path>
         <kind>archive</kind>
         <file>rtsv7M4_T_le_v4SPD16_eabi.lib</file>
         <name>u_divt2.asm.obj</name>
      </input_file>
      <input_file id="fl-ca">
         <path>C:\Program Files\ti\ccs830\ccsv8\tools\compiler\ti-cgt-arm_18.1.4.LTS\lib\</path>
         <kind>archive</kind>
         <file>rtsv7M4_T_le_v4SPD16_eabi.lib</file>
         <name>memcpy_t2.asm.obj</name>
      </input_file>
      <input_file id="fl-cb">
         <path>C:\Program Files\ti\ccs830\ccsv8\tools\compiler\ti-cgt-arm_18.1.4.LTS\lib\</path>
         <kind>archive</kind>
         <file>rtsv7M4_T_le_v4SPD16_eabi.lib</file>
         <name>memset_t2.asm.obj</name>
      </input_file>
      <input_file id="fl-cc">
         <path>C:\Program Files\ti\ccs830\ccsv8\tools\compiler\ti-cgt-arm_18.1.4.LTS\lib\</path>
         <kind>archive</kind>
         <file>rtsv7M4_T_le_v4SPD16_eabi.lib</file>
         <name>copy_zero_init.c.obj</name>
      </input_file>
      <input_file id="fl-cd">
         <path>C:\Program Files\ti\ccs830\ccsv8\tools\compiler\ti-cgt-arm_18.1.4.LTS\lib\</path>
         <kind>archive</kind>
         <file>rtsv7M4_T_le_v4SPD16_eabi.lib</file>
         <name>copy_decompress_none.c.obj</name>
      </input_file>
      <input_file id="fl-ce">
         <path>C:\Program Files\ti\ccs830\ccsv8\tools\compiler\ti-cgt-arm_18.1.4.LTS\lib\</path>
         <kind>archive</kind>
         <file>rtsv7M4_T_le_v4SPD16_eabi.lib</file>
         <name>copy_decompress_lzss.c.obj</name>
      </input_file>
      <input_file id="fl-cf">
         <path>C:\Program Files\ti\ccs830\ccsv8\tools\compiler\ti-cgt-arm_18.1.4.LTS\lib\</path>
         <kind>archive</kind>
         <file>rtsv7M4_T_le_v4SPD16_eabi.lib</file>
         <name>boot_cortex_m.c.obj</name>
      </input_file>
      <input_file id="fl-d0">
         <path>C:\Program Files\ti\ccs830\ccsv8\tools\compiler\ti-cgt-arm_18.1.4.LTS\lib\</path>
         <kind>archive</kind>
         <file>rtsv7M4_T_le_v4SPD16_eabi.lib</file>
         <name>exit.c.obj</name>
      </input_file>
      <input_file id="fl-d1">
         <path>C:\Program Files\ti\ccs830\ccsv8\tools\compiler\ti-cgt-arm_18.1.4.LTS\lib\</path>
         <kind>archive</kind>
         <file>rtsv7M4_T_le_v4SPD16_eabi.lib</file>
         <name>_lock.c.obj</name>
      </input_file>
      <input_file id="fl-d2">
         <path>C:\Program Files\ti\ccs830\ccsv8\tools\compiler\ti-cgt-arm_18.1.4.LTS\lib\</path>
         <kind>archive</kind>
         <file>rtsv7M4_T_le_v4SPD16_eabi.lib</file>
         <name>args_main.c.obj</name>
      </input_file>
      <input_file id="fl-d3">
         <path>C:\Program Files\ti\ccs830\ccsv8\tools\compiler\ti-cgt-arm_18.1.4.LTS\lib\</path>
         <kind>archive</kind>
         <file>rtsv7M4_T_le_v4SPD16_eabi.lib</file>
         <name>atoi.c.obj</name>
      </input_file>
      <input_file id="fl-d4">
         <path>C:\Program Files\ti\ccs830\ccsv8\tools\compiler\ti-cgt-arm_18.1.4.LTS\lib\</path>
         <kind>archive</kind>
         <file>rtsv7M4_T_le_v4SPD16_eabi.lib</file>
         <name>ctype.c.obj</name>
      </input_file>
      <input_file id="fl-d5">
         <path>C:\Program Files\ti\ccs830\ccsv8\tools\compiler\ti-cgt-arm_18.1.4.LTS\lib\</path>
         <kind>archive</kind>
         <file>rtsv7M4_T_le_v4SPD16_eabi.lib</file>
         <name>sprintf.c.obj</name>
      </input_file>
      <input_file id="fl-d6">
         <path>C:\Program Files\ti\ccs830\ccsv8\tools\compiler\ti-cgt-arm_18.1.4.LTS\lib\</path>
         <kind>archive</kind>
         <file>rtsv7M4_T_le_v4SPD16_eabi.lib</file>
         <name>strcat.c.obj</name>
      </input_file>
      <input_file id="fl-d7">
         <path>C:\Program Files\ti\ccs830\ccsv8\tools\compiler\ti-cgt-arm_18.1.4.LTS\lib\</path>
         <kind>archive</kind>
         <file>rtsv7M4_T_le_v4SPD16_eabi.lib</file>
         <name>strcmp.c.obj</name>
      </input_file>
      <input_file id="fl-d8">
         <path>C:\Program Files\ti\ccs830\ccsv8\tools\compiler\ti-cgt-arm_18.1.4.LTS\lib\</path>
         <kind>archive</kind>
         <file>rtsv7M4_T_le_v4SPD16_eabi.lib</file>
         <name>strcpy.c.obj</name>
      </input_file>
      <input_file id="fl-d9">
         <path>C:\Program Files\ti\ccs830\ccsv8\tools\compiler\ti-cgt-arm_18.1.4.LTS\lib\</path>
         <kind>archive</kind>
         <file>rtsv7M4_T_le_v4SPD16_eabi.lib</file>
         <name>strlen.c.obj</name>
      </input_file>
      <input_file id="fl-da">
         <path>C:\Program Files\ti\ccs830\ccsv8\tools\compiler\ti-cgt-arm_18.1.4.LTS\lib\</path>
         <kind>archive</kind>
         <file>rtsv7M4_T_le_v4SPD16_eabi.lib</file>
         <name>div0.asm.obj</name>
      </input_file>
      <input_file id="fl-db">
         <path>C:\Program Files\ti\ccs830\ccsv8\tools\compiler\ti-cgt-arm_18.1.4.LTS\lib\</path>
         <kind>archive</kind>
         <file>rtsv7M4_T_le_v4SPD16_eabi.lib</file>
         <name>autoinit.c.obj</name>
      </input_file>
      <input_file id="fl-dc">
         <path>C:\Program Files\ti\ccs830\ccsv8\tools\compiler\ti-cgt-arm_18.1.4.LTS\lib\</path>
         <kind>archive</kind>
         <file>rtsv7M4_T_le_v4SPD16_eabi.lib</file>
         <name>pre_init.c.obj</name>
      </input_file>
      <input_file id="fl-dd">
         <path>C:\Program Files\ti\ccs830\ccsv8\tools\compiler\ti-cgt-arm_18.1.4.LTS\lib\</path>
         <kind>archive</kind>
         <file>rtsv7M4_T_le_v4SPD16_eabi.lib</file>
         <name>cpy_tbl.c.obj</name>
      </input_file>
      <input_file id="fl-de">
         <path>C:\Program Files\ti\ccs830\ccsv8\tools\compiler\ti-cgt-arm_18.1.4.LTS\lib\</path>
         <kind>archive</kind>
         <file>rtsv7M4_T_le_v4SPD16_eabi.lib</file>
         <name>_printfi.c.obj</name>
      </input_file>
      <input_file id="fl-df">
         <path>C:\Program Files\ti\ccs830\ccsv8\tools\compiler\ti-cgt-arm_18.1.4.LTS\lib\</path>
         <kind>archive</kind>
         <file>rtsv7M4_T_le_v4SPD16_eabi.lib</file>
         <name>ltoa.c.obj</name>
      </input_file>
      <input_file id="fl-e0">
         <path>C:\Program Files\ti\ccs830\ccsv8\tools\compiler\ti-cgt-arm_18.1.4.LTS\lib\</path>
         <kind>archive</kind>
         <file>rtsv7M4_T_le_v4SPD16_eabi.lib</file>
         <name>memccpy.c.obj</name>
      </input_file>
      <input_file id="fl-e1">
         <path>C:\Program Files\ti\ccs830\ccsv8\tools\compiler\ti-cgt-arm_18.1.4.LTS\lib\</path>
         <kind>archive</kind>
         <file>rtsv7M4_T_le_v4SPD16_eabi.lib</file>
         <name>strchr.c.obj</name>
      </input_file>
      <input_file id="fl-e2">
         <path>C:\Program Files\ti\ccs830\ccsv8\tools\compiler\ti-cgt-arm_18.1.4.LTS\lib\</path>
         <kind>archive</kind>
         <file>rtsv7M4_T_le_v4SPD16_eabi.lib</file>
         <name>wcslen.c.obj</name>
      </input_file>
      <input_file id="fl-e3">
         <path>C:\Program Files\ti\ccs830\ccsv8\tools\compiler\ti-cgt-arm_18.1.4.LTS\lib\</path>
         <kind>archive</kind>
         <file>rtsv7M4_T_le_v4SPD16_eabi.lib</file>
         <name>s_frexp.c.obj</name>
      </input_file>
      <input_file id="fl-e4">
         <path>C:\Program Files\ti\ccs830\ccsv8\tools\compiler\ti-cgt-arm_18.1.4.LTS\lib\</path>
         <kind>archive</kind>
         <file>rtsv7M4_T_le_v4SPD16_eabi.lib</file>
         <name>s_scalbn.c.obj</name>
      </input_file>
      <input_file id="fl-e5">
         <path>C:\Program Files\ti\ccs830\ccsv8\tools\compiler\ti-cgt-arm_18.1.4.LTS\lib\</path>
         <kind>archive</kind>
         <file>rtsv7M4_T_le_v4SPD16_eabi.lib</file>
         <name>fd_add_t2.asm.obj</name>
      </input_file>
      <input_file id="fl-e6">
         <path>C:\Program Files\ti\ccs830\ccsv8\tools\compiler\ti-cgt-arm_18.1.4.LTS\lib\</path>
         <kind>archive</kind>
         <file>rtsv7M4_T_le_v4SPD16_eabi.lib</file>
         <name>fd_cmp_t2.asm.obj</name>
      </input_file>
      <input_file id="fl-e7">
         <path>C:\Program Files\ti\ccs830\ccsv8\tools\compiler\ti-cgt-arm_18.1.4.LTS\lib\</path>
         <kind>archive</kind>
         <file>rtsv7M4_T_le_v4SPD16_eabi.lib</file>
         <name>fd_div_t2.asm.obj</name>
      </input_file>
      <input_file id="fl-e8">
         <path>C:\Program Files\ti\ccs830\ccsv8\tools\compiler\ti-cgt-arm_18.1.4.LTS\lib\</path>
         <kind>archive</kind>
         <file>rtsv7M4_T_le_v4SPD16_eabi.lib</file>
         <name>fd_mul_t2.asm.obj</name>
      </input_file>
      <input_file id="fl-e9">
         <path>C:\Program Files\ti\ccs830\ccsv8\tools\compiler\ti-cgt-arm_18.1.4.LTS\lib\</path>
         <kind>archive</kind>
         <file>rtsv7M4_T_le_v4SPD16_eabi.lib</file>
         <name>fd_toi_t2.asm.obj</name>
      </input_file>
      <input_file id="fl-ea">
         <path>C:\Program Files\ti\ccs830\ccsv8\tools\compiler\ti-cgt-arm_18.1.4.LTS\lib\</path>
         <kind>archive</kind>
         <file>rtsv7M4_T_le_v4SPD16_eabi.lib</file>
         <name>i_tofd_t2.asm.obj</name>
      </input_file>
      <input_file id="fl-eb">
         <path>C:\Program Files\ti\ccs830\ccsv8\tools\compiler\ti-cgt-arm_18.1.4.LTS\lib\</path>
         <kind>archive</kind>
         <file>rtsv7M4_T_le_v4SPD16_eabi.lib</file>
         <name>ull_div_t2.asm.obj</name>
      </input_file>
      <input_file id="fl-ec">
         <path>C:\Program Files\ti\ccs830\ccsv8\tools\compiler\ti-cgt-arm_18.1.4.LTS\lib\</path>
         <kind>archive</kind>
         <file>rtsv7M4_T_le_v4SPD16_eabi.lib</file>
         <name>errno.c.obj</name>
      </input_file>
      <input_file id="fl-ed">
         <path>C:\Program Files\ti\ccs830\ccsv8\tools\compiler\ti-cgt-arm_18.1.4.LTS\lib\</path>
         <kind>archive</kind>
         <file>rtsv7M4_T_le_v4SPD16_eabi.lib</file>
         <name>s_copysign.c.obj</name>
      </input_file>
   </input_file_list>
   <object_component_list>
      <object_component id="oc-f">
         <name>.intvecs</name>
         <load_address>0x0</load_address>
         <run_address>0x0</run_address>
         <size>0x26c</size>
         <input_file_ref idref="fl-4"/>
      </object_component>
      <object_component id="oc-98">
         <name>.text</name>
         <load_address>0x26c</load_address>
         <run_address>0x26c</run_address>
         <size>0x1a2c</size>
         <input_file_ref idref="fl-3"/>
      </object_component>
      <object_component id="oc-272">
         <name>.text:__TI_printfi</name>
         <load_address>0x1c98</load_address>
         <run_address>0x1c98</run_address>
         <size>0xa5e</size>
         <input_file_ref idref="fl-de"/>
      </object_component>
      <object_component id="oc-2f2">
         <name>.text</name>
         <load_address>0x26f6</load_address>
         <run_address>0x26f6</run_address>
         <size>0x2</size>
         <input_file_ref idref="fl-da"/>
      </object_component>
      <object_component id="oc-11b">
         <name>.text</name>
         <load_address>0x26f8</load_address>
         <run_address>0x26f8</run_address>
         <size>0x49c</size>
         <input_file_ref idref="fl-6"/>
      </object_component>
      <object_component id="oc-321">
         <name>.text:_pconv_a</name>
         <load_address>0x2b94</load_address>
         <run_address>0x2b94</run_address>
         <size>0x270</size>
         <input_file_ref idref="fl-de"/>
      </object_component>
      <object_component id="oc-1a2">
         <name>.text</name>
         <load_address>0x2e04</load_address>
         <run_address>0x2e04</run_address>
         <size>0x248</size>
         <input_file_ref idref="fl-2"/>
      </object_component>
      <object_component id="oc-30f">
         <name>.text:_pconv_g</name>
         <load_address>0x304c</load_address>
         <run_address>0x304c</run_address>
         <size>0x1d0</size>
         <input_file_ref idref="fl-de"/>
      </object_component>
      <object_component id="oc-3a6">
         <name>.text</name>
         <load_address>0x321c</load_address>
         <run_address>0x321c</run_address>
         <size>0x1b6</size>
         <input_file_ref idref="fl-e5"/>
      </object_component>
      <object_component id="oc-31b">
         <name>.text:_pconv_e</name>
         <load_address>0x33d4</load_address>
         <run_address>0x33d4</run_address>
         <size>0x13c</size>
         <input_file_ref idref="fl-de"/>
      </object_component>
      <object_component id="oc-38c">
         <name>.text</name>
         <load_address>0x3510</load_address>
         <run_address>0x3510</run_address>
         <size>0x136</size>
         <input_file_ref idref="fl-e7"/>
      </object_component>
      <object_component id="oc-1ae">
         <name>.text:GPIOPadConfigSet</name>
         <load_address>0x3646</load_address>
         <run_address>0x3646</run_address>
         <size>0x132</size>
         <input_file_ref idref="fl-d"/>
      </object_component>
      <object_component id="oc-3b8">
         <name>.text:fcvt</name>
         <load_address>0x3778</load_address>
         <run_address>0x3778</run_address>
         <size>0x124</size>
         <input_file_ref idref="fl-de"/>
      </object_component>
      <object_component id="oc-c0">
         <name>.text:SysCtlClockGet</name>
         <load_address>0x389c</load_address>
         <run_address>0x389c</run_address>
         <size>0x110</size>
         <input_file_ref idref="fl-f"/>
      </object_component>
      <object_component id="oc-3cc">
         <name>.text:scalbn</name>
         <load_address>0x39ac</load_address>
         <run_address>0x39ac</run_address>
         <size>0x110</size>
         <input_file_ref idref="fl-e4"/>
      </object_component>
      <object_component id="oc-387">
         <name>.text</name>
         <load_address>0x3abc</load_address>
         <run_address>0x3abc</run_address>
         <size>0xfc</size>
         <input_file_ref idref="fl-e8"/>
      </object_component>
      <object_component id="oc-19c">
         <name>.text:SysCtlClockSet</name>
         <load_address>0x3bb8</load_address>
         <run_address>0x3bb8</run_address>
         <size>0xf4</size>
         <input_file_ref idref="fl-f"/>
      </object_component>
      <object_component id="oc-304">
         <name>.text:_ltostr</name>
         <load_address>0x3cac</load_address>
         <run_address>0x3cac</run_address>
         <size>0xb1</size>
         <input_file_ref idref="fl-de"/>
      </object_component>
      <object_component id="oc-38">
         <name>.text</name>
         <load_address>0x3d5e</load_address>
         <run_address>0x3d5e</run_address>
         <size>0x9c</size>
         <input_file_ref idref="fl-ca"/>
      </object_component>
      <object_component id="oc-380">
         <name>.text</name>
         <load_address>0x3dfa</load_address>
         <run_address>0x3dfa</run_address>
         <size>0x96</size>
         <input_file_ref idref="fl-eb"/>
      </object_component>
      <object_component id="oc-30a">
         <name>.text:__aeabi_cdcmple</name>
         <load_address>0x3e90</load_address>
         <run_address>0x3e90</run_address>
         <size>0x86</size>
         <input_file_ref idref="fl-e6"/>
      </object_component>
      <object_component id="oc-391">
         <name>.text:__aeabi_cdrcmple</name>
         <load_address>0x3f16</load_address>
         <run_address>0x3f16</run_address>
         <size>0x86</size>
         <input_file_ref idref="fl-e6"/>
      </object_component>
      <object_component id="oc-8c">
         <name>.text</name>
         <load_address>0x3f9c</load_address>
         <run_address>0x3f9c</run_address>
         <size>0x7a</size>
         <input_file_ref idref="fl-cb"/>
      </object_component>
      <object_component id="oc-3b1">
         <name>.text:_mcpy</name>
         <load_address>0x4016</load_address>
         <run_address>0x4016</run_address>
         <size>0x6e</size>
         <input_file_ref idref="fl-de"/>
      </object_component>
      <object_component id="oc-12d">
         <name>.text:IntDisable</name>
         <load_address>0x4084</load_address>
         <run_address>0x4084</run_address>
         <size>0x68</size>
         <input_file_ref idref="fl-e"/>
      </object_component>
      <object_component id="oc-f1">
         <name>.text:IntEnable</name>
         <load_address>0x40ec</load_address>
         <run_address>0x40ec</run_address>
         <size>0x68</size>
         <input_file_ref idref="fl-e"/>
      </object_component>
      <object_component id="oc-12">
         <name>.text:decompress:lzss:__TI_decompress_lzss</name>
         <load_address>0x4154</load_address>
         <run_address>0x4154</run_address>
         <size>0x68</size>
         <input_file_ref idref="fl-ce"/>
      </object_component>
      <object_component id="oc-3c6">
         <name>.text:frexp</name>
         <load_address>0x41bc</load_address>
         <run_address>0x41bc</run_address>
         <size>0x64</size>
         <input_file_ref idref="fl-e3"/>
      </object_component>
      <object_component id="oc-df">
         <name>.text:TimerConfigure</name>
         <load_address>0x4220</load_address>
         <run_address>0x4220</run_address>
         <size>0x60</size>
         <input_file_ref idref="fl-11"/>
      </object_component>
      <object_component id="oc-315">
         <name>.text:_pconv_f</name>
         <load_address>0x4280</load_address>
         <run_address>0x4280</run_address>
         <size>0x56</size>
         <input_file_ref idref="fl-de"/>
      </object_component>
      <object_component id="oc-39b">
         <name>.text:ltoa</name>
         <load_address>0x42d6</load_address>
         <run_address>0x42d6</run_address>
         <size>0x54</size>
         <input_file_ref idref="fl-df"/>
      </object_component>
      <object_component id="oc-3ab">
         <name>.text:_ecpy</name>
         <load_address>0x432a</load_address>
         <run_address>0x432a</run_address>
         <size>0x52</size>
         <input_file_ref idref="fl-de"/>
      </object_component>
      <object_component id="oc-216">
         <name>.text:_TimerIntNumberGet</name>
         <load_address>0x437c</load_address>
         <run_address>0x437c</run_address>
         <size>0x4c</size>
         <input_file_ref idref="fl-11"/>
      </object_component>
      <object_component id="oc-18a">
         <name>.text:atoi</name>
         <load_address>0x43c8</load_address>
         <run_address>0x43c8</run_address>
         <size>0x4c</size>
         <input_file_ref idref="fl-d3"/>
      </object_component>
      <object_component id="oc-109">
         <name>.text:GPIOPinConfigure</name>
         <load_address>0x4414</load_address>
         <run_address>0x4414</run_address>
         <size>0x48</size>
         <input_file_ref idref="fl-d"/>
      </object_component>
      <object_component id="oc-396">
         <name>.text</name>
         <load_address>0x445c</load_address>
         <run_address>0x445c</run_address>
         <size>0x48</size>
         <input_file_ref idref="fl-e9"/>
      </object_component>
      <object_component id="oc-121">
         <name>.text:UARTConfigSetExpClk</name>
         <load_address>0x44a4</load_address>
         <run_address>0x44a4</run_address>
         <size>0x46</size>
         <input_file_ref idref="fl-12"/>
      </object_component>
      <object_component id="oc-1d0">
         <name>.text:__TI_auto_init_nobinit_nopinit:__TI_auto_init_nobinit_nopinit</name>
         <load_address>0x44ec</load_address>
         <run_address>0x44ec</run_address>
         <size>0x44</size>
         <input_file_ref idref="fl-db"/>
      </object_component>
      <object_component id="oc-263">
         <name>.text:_UARTIntNumberGet</name>
         <load_address>0x4530</load_address>
         <run_address>0x4530</run_address>
         <size>0x40</size>
         <input_file_ref idref="fl-12"/>
      </object_component>
      <object_component id="oc-24e">
         <name>.text</name>
         <load_address>0x4570</load_address>
         <run_address>0x4570</run_address>
         <size>0x40</size>
         <input_file_ref idref="fl-c9"/>
      </object_component>
      <object_component id="oc-169">
         <name>.text:sprintf</name>
         <load_address>0x45b0</load_address>
         <run_address>0x45b0</run_address>
         <size>0x40</size>
         <input_file_ref idref="fl-d5"/>
      </object_component>
      <object_component id="oc-3be">
         <name>.text:_fcpy</name>
         <load_address>0x45f0</load_address>
         <run_address>0x45f0</run_address>
         <size>0x3e</size>
         <input_file_ref idref="fl-de"/>
      </object_component>
      <object_component id="oc-23f">
         <name>.text:SysCtlPeripheralPresent</name>
         <load_address>0x4630</load_address>
         <run_address>0x4630</run_address>
         <size>0x38</size>
         <input_file_ref idref="fl-f"/>
      </object_component>
      <object_component id="oc-56">
         <name>.text:_c_int00_noargs:_c_int00_noargs</name>
         <load_address>0x4668</load_address>
         <run_address>0x4668</run_address>
         <size>0x38</size>
         <input_file_ref idref="fl-cf"/>
      </object_component>
      <object_component id="oc-21c">
         <name>.text:IntRegister</name>
         <load_address>0x46a0</load_address>
         <run_address>0x46a0</run_address>
         <size>0x34</size>
         <input_file_ref idref="fl-e"/>
      </object_component>
      <object_component id="oc-d9">
         <name>.text:SysCtlPeripheralEnable</name>
         <load_address>0x46d4</load_address>
         <run_address>0x46d4</run_address>
         <size>0x34</size>
         <input_file_ref idref="fl-f"/>
      </object_component>
      <object_component id="oc-3a1">
         <name>.text</name>
         <load_address>0x4708</load_address>
         <run_address>0x4708</run_address>
         <size>0x2e</size>
         <input_file_ref idref="fl-ea"/>
      </object_component>
      <object_component id="oc-236">
         <name>.text:GPIODirModeSet</name>
         <load_address>0x4736</load_address>
         <run_address>0x4736</run_address>
         <size>0x2a</size>
         <input_file_ref idref="fl-d"/>
      </object_component>
      <object_component id="oc-133">
         <name>.text:UARTDisable</name>
         <load_address>0x4760</load_address>
         <run_address>0x4760</run_address>
         <size>0x20</size>
         <input_file_ref idref="fl-12"/>
      </object_component>
      <object_component id="oc-175">
         <name>.text:strcat</name>
         <load_address>0x4780</load_address>
         <run_address>0x4780</run_address>
         <size>0x1e</size>
         <input_file_ref idref="fl-d6"/>
      </object_component>
      <object_component id="oc-327">
         <name>.text:memccpy</name>
         <load_address>0x479e</load_address>
         <run_address>0x479e</run_address>
         <size>0x1c</size>
         <input_file_ref idref="fl-e0"/>
      </object_component>
      <object_component id="oc-1a8">
         <name>.text:GPIOPinTypeGPIOOutput</name>
         <load_address>0x47ba</load_address>
         <run_address>0x47ba</run_address>
         <size>0x18</size>
         <input_file_ref idref="fl-d"/>
      </object_component>
      <object_component id="oc-eb">
         <name>.text:TimerIntRegister</name>
         <load_address>0x47d2</load_address>
         <run_address>0x47d2</run_address>
         <size>0x18</size>
         <input_file_ref idref="fl-11"/>
      </object_component>
      <object_component id="oc-145">
         <name>.text:UARTIntRegister</name>
         <load_address>0x47ea</load_address>
         <run_address>0x47ea</run_address>
         <size>0x18</size>
         <input_file_ref idref="fl-12"/>
      </object_component>
      <object_component id="oc-278">
         <name>.text:_outs</name>
         <load_address>0x4802</load_address>
         <run_address>0x4802</run_address>
         <size>0x18</size>
         <input_file_ref idref="fl-d5"/>
      </object_component>
      <object_component id="oc-3d2">
         <name>.text:strchr</name>
         <load_address>0x481a</load_address>
         <run_address>0x481a</run_address>
         <size>0x16</size>
         <input_file_ref idref="fl-e1"/>
      </object_component>
      <object_component id="oc-d3">
         <name>.text:SysTickEnable</name>
         <load_address>0x4830</load_address>
         <run_address>0x4830</run_address>
         <size>0x14</size>
         <input_file_ref idref="fl-10"/>
      </object_component>
      <object_component id="oc-127">
         <name>.text:UARTEnable</name>
         <load_address>0x4844</load_address>
         <run_address>0x4844</run_address>
         <size>0x14</size>
         <input_file_ref idref="fl-12"/>
      </object_component>
      <object_component id="oc-41d">
         <name>.text:copysign</name>
         <load_address>0x4858</load_address>
         <run_address>0x4858</run_address>
         <size>0x14</size>
         <input_file_ref idref="fl-ed"/>
      </object_component>
      <object_component id="oc-16f">
         <name>.text:strcpy</name>
         <load_address>0x486c</load_address>
         <run_address>0x486c</run_address>
         <size>0x14</size>
         <input_file_ref idref="fl-d8"/>
      </object_component>
      <object_component id="oc-17b">
         <name>.text:strlen</name>
         <load_address>0x4880</load_address>
         <run_address>0x4880</run_address>
         <size>0x14</size>
         <input_file_ref idref="fl-d9"/>
      </object_component>
      <object_component id="oc-10f">
         <name>.text:GPIOPinTypeUART</name>
         <load_address>0x4894</load_address>
         <run_address>0x4894</run_address>
         <size>0x12</size>
         <input_file_ref idref="fl-d"/>
      </object_component>
      <object_component id="oc-e5">
         <name>.text:TimerLoadSet</name>
         <load_address>0x48a6</load_address>
         <run_address>0x48a6</run_address>
         <size>0x12</size>
         <input_file_ref idref="fl-11"/>
      </object_component>
      <object_component id="oc-32d">
         <name>.text:wcslen</name>
         <load_address>0x48b8</load_address>
         <run_address>0x48b8</run_address>
         <size>0x12</size>
         <input_file_ref idref="fl-e2"/>
      </object_component>
      <object_component id="oc-103">
         <name>.text:IntMasterEnable</name>
         <load_address>0x48ca</load_address>
         <run_address>0x48ca</run_address>
         <size>0x10</size>
         <input_file_ref idref="fl-e"/>
      </object_component>
      <object_component id="oc-cd">
         <name>.text:SysTickPeriodSet</name>
         <load_address>0x48dc</load_address>
         <run_address>0x48dc</run_address>
         <size>0x10</size>
         <input_file_ref idref="fl-10"/>
      </object_component>
      <object_component id="oc-fd">
         <name>.text:TimerEnable</name>
         <load_address>0x48ec</load_address>
         <run_address>0x48ec</run_address>
         <size>0xe</size>
         <input_file_ref idref="fl-11"/>
      </object_component>
      <object_component id="oc-151">
         <name>.text:UARTCharsAvail</name>
         <load_address>0x48fa</load_address>
         <run_address>0x48fa</run_address>
         <size>0xe</size>
         <input_file_ref idref="fl-12"/>
      </object_component>
      <object_component id="oc-18">
         <name>.text:decompress:none:__TI_decompress_none</name>
         <load_address>0x4908</load_address>
         <run_address>0x4908</run_address>
         <size>0xe</size>
         <input_file_ref idref="fl-cd"/>
      </object_component>
      <object_component id="oc-22a">
         <name>.text:CPUcpsie</name>
         <load_address>0x4916</load_address>
         <run_address>0x4916</run_address>
         <size>0xc</size>
         <input_file_ref idref="fl-13"/>
      </object_component>
      <object_component id="oc-4a">
         <name>.text:decompress:ZI:__TI_zero_init</name>
         <load_address>0x4922</load_address>
         <run_address>0x4922</run_address>
         <size>0xc</size>
         <input_file_ref idref="fl-cc"/>
      </object_component>
      <object_component id="oc-24">
         <name>.text</name>
         <load_address>0x492e</load_address>
         <run_address>0x492e</run_address>
         <size>0xc</size>
         <input_file_ref idref="fl-4"/>
      </object_component>
      <object_component id="oc-14b">
         <name>.text:UARTCharGet</name>
         <load_address>0x493a</load_address>
         <run_address>0x493a</run_address>
         <size>0xa</size>
         <input_file_ref idref="fl-12"/>
      </object_component>
      <object_component id="oc-15d">
         <name>.text:UARTCharPut</name>
         <load_address>0x4944</load_address>
         <run_address>0x4944</run_address>
         <size>0xa</size>
         <input_file_ref idref="fl-12"/>
      </object_component>
      <object_component id="oc-139">
         <name>.text:UARTFIFODisable</name>
         <load_address>0x494e</load_address>
         <run_address>0x494e</run_address>
         <size>0xa</size>
         <input_file_ref idref="fl-12"/>
      </object_component>
      <object_component id="oc-190">
         <name>.text:UARTIntStatus</name>
         <load_address>0x4958</load_address>
         <run_address>0x4958</run_address>
         <size>0xa</size>
         <input_file_ref idref="fl-12"/>
      </object_component>
      <object_component id="oc-27e">
         <name>.text:_outc</name>
         <load_address>0x4962</load_address>
         <run_address>0x4962</run_address>
         <size>0xa</size>
         <input_file_ref idref="fl-d5"/>
      </object_component>
      <object_component id="oc-f7">
         <name>.text:TimerIntEnable</name>
         <load_address>0x496c</load_address>
         <run_address>0x496c</run_address>
         <size>0x8</size>
         <input_file_ref idref="fl-11"/>
      </object_component>
      <object_component id="oc-157">
         <name>.text:UARTBusy</name>
         <load_address>0x4974</load_address>
         <run_address>0x4974</run_address>
         <size>0x8</size>
         <input_file_ref idref="fl-12"/>
      </object_component>
      <object_component id="oc-13f">
         <name>.text:UARTIntEnable</name>
         <load_address>0x497c</load_address>
         <run_address>0x497c</run_address>
         <size>0x8</size>
         <input_file_ref idref="fl-12"/>
      </object_component>
      <object_component id="oc-333">
         <name>.text:__aeabi_errno_addr</name>
         <load_address>0x4984</load_address>
         <run_address>0x4984</run_address>
         <size>0x8</size>
         <input_file_ref idref="fl-ec"/>
      </object_component>
      <object_component id="oc-1b4">
         <name>.text:GPIOPinWrite</name>
         <load_address>0x498c</load_address>
         <run_address>0x498c</run_address>
         <size>0x6</size>
         <input_file_ref idref="fl-d"/>
      </object_component>
      <object_component id="oc-c6">
         <name>.text:SysCtlDelay</name>
         <load_address>0x4992</load_address>
         <run_address>0x4992</run_address>
         <size>0x6</size>
         <input_file_ref idref="fl-f"/>
      </object_component>
      <object_component id="oc-115">
         <name>.text:UARTClockSourceSet</name>
         <load_address>0x4998</load_address>
         <run_address>0x4998</run_address>
         <size>0x6</size>
         <input_file_ref idref="fl-12"/>
      </object_component>
      <object_component id="oc-c7">
         <name>.text:TimerIntClear</name>
         <load_address>0x499e</load_address>
         <run_address>0x499e</run_address>
         <size>0x4</size>
         <input_file_ref idref="fl-11"/>
      </object_component>
      <object_component id="oc-196">
         <name>.text:UARTIntClear</name>
         <load_address>0x49a2</load_address>
         <run_address>0x49a2</run_address>
         <size>0x4</size>
         <input_file_ref idref="fl-12"/>
      </object_component>
      <object_component id="oc-92">
         <name>.text:_system_pre_init</name>
         <load_address>0x49a6</load_address>
         <run_address>0x49a6</run_address>
         <size>0x4</size>
         <input_file_ref idref="fl-dc"/>
      </object_component>
      <object_component id="oc-1c4">
         <name>.text:abort:abort</name>
         <load_address>0x49aa</load_address>
         <run_address>0x49aa</run_address>
         <size>0x4</size>
         <input_file_ref idref="fl-d0"/>
      </object_component>
      <object_component id="oc-292">
         <name>.const:.string:_ctypes_</name>
         <load_address>0x49b0</load_address>
         <run_address>0x49b0</run_address>
         <size>0x101</size>
         <input_file_ref idref="fl-d4"/>
      </object_component>
      <object_component id="oc-231">
         <name>.const:g_pui32GPIOBaseAddrs</name>
         <load_address>0x4ab4</load_address>
         <run_address>0x4ab4</run_address>
         <size>0x90</size>
         <input_file_ref idref="fl-d"/>
      </object_component>
      <object_component id="oc-223">
         <name>.const</name>
         <load_address>0x4b44</load_address>
         <run_address>0x4b44</run_address>
         <size>0x70</size>
         <input_file_ref idref="fl-e"/>
      </object_component>
      <object_component id="oc-204">
         <name>.const:g_pui32Xtals</name>
         <load_address>0x4bb4</load_address>
         <run_address>0x4bb4</run_address>
         <size>0x6c</size>
         <input_file_ref idref="fl-f"/>
      </object_component>
      <object_component id="oc-2d4">
         <name>.const:g_ppui32TimerIntMap</name>
         <load_address>0x4c20</load_address>
         <run_address>0x4c20</run_address>
         <size>0x60</size>
         <input_file_ref idref="fl-11"/>
      </object_component>
      <object_component id="oc-2d7">
         <name>.const:g_ppui32TimerIntMapSnowflake</name>
         <load_address>0x4c80</load_address>
         <run_address>0x4c80</run_address>
         <size>0x40</size>
         <input_file_ref idref="fl-11"/>
      </object_component>
      <object_component id="oc-2fd">
         <name>.const:g_ppui32UARTIntMap</name>
         <load_address>0x4cc0</load_address>
         <run_address>0x4cc0</run_address>
         <size>0x40</size>
         <input_file_ref idref="fl-12"/>
      </object_component>
      <object_component id="oc-300">
         <name>.const:g_ppui32UARTIntMapSnowflake</name>
         <load_address>0x4d00</load_address>
         <run_address>0x4d00</run_address>
         <size>0x40</size>
         <input_file_ref idref="fl-12"/>
      </object_component>
      <object_component id="oc-184">
         <name>.const:.string:$P$T1$2</name>
         <load_address>0x4d40</load_address>
         <run_address>0x4d40</run_address>
         <size>0x1d</size>
         <input_file_ref idref="fl-3"/>
      </object_component>
      <object_component id="oc-2f8">
         <name>.const:.string</name>
         <load_address>0x4d60</load_address>
         <run_address>0x4d60</run_address>
         <size>0x12</size>
         <input_file_ref idref="fl-6"/>
      </object_component>
      <object_component id="oc-187">
         <name>.const:.string:$P$T2$3</name>
         <load_address>0x4d72</load_address>
         <run_address>0x4d72</run_address>
         <size>0xf</size>
         <input_file_ref idref="fl-3"/>
      </object_component>
      <object_component id="oc-24b">
         <name>.const:g_ui32UARTBase</name>
         <load_address>0x4d84</load_address>
         <run_address>0x4d84</run_address>
         <size>0xc</size>
         <input_file_ref idref="fl-6"/>
      </object_component>
      <object_component id="oc-245">
         <name>.const:g_ui32UARTPeriph</name>
         <load_address>0x4d90</load_address>
         <run_address>0x4d90</run_address>
         <size>0xc</size>
         <input_file_ref idref="fl-6"/>
      </object_component>
      <object_component id="oc-181">
         <name>.const:.string:$P$T0$1</name>
         <load_address>0x4d9c</load_address>
         <run_address>0x4d9c</run_address>
         <size>0x8</size>
         <input_file_ref idref="fl-3"/>
      </object_component>
      <object_component id="oc-253">
         <name>.const</name>
         <load_address>0x4da4</load_address>
         <run_address>0x4da4</run_address>
         <size>0x4</size>
         <input_file_ref idref="fl-6"/>
      </object_component>
      <object_component id="oc-471">
         <name>.cinit..data.load</name>
         <load_address>0x4da8</load_address>
         <run_address>0x4da8</run_address>
         <size>0x10</size>
      </object_component>
      <object_component id="oc-46e">
         <name>__TI_handler_table</name>
         <load_address>0x4db8</load_address>
         <run_address>0x4db8</run_address>
         <size>0xc</size>
      </object_component>
      <object_component id="oc-472">
         <name>.cinit..bss.load</name>
         <load_address>0x4dc8</load_address>
         <run_address>0x4dc8</run_address>
         <size>0x8</size>
      </object_component>
      <object_component id="oc-470">
         <name>.cinit..vtable.load</name>
         <load_address>0x4dd0</load_address>
         <run_address>0x4dd0</run_address>
         <size>0x8</size>
      </object_component>
      <object_component id="oc-46f">
         <name>__TI_cinit_table</name>
         <load_address>0x4dd8</load_address>
         <run_address>0x4dd8</run_address>
         <size>0x18</size>
      </object_component>
      <object_component id="oc-2db">
         <name>.vtable</name>
         <uninitialized>true</uninitialized>
         <run_address>0x20000000</run_address>
         <size>0x26c</size>
         <input_file_ref idref="fl-e"/>
      </object_component>
      <object_component id="oc-163">
         <name>.data</name>
         <load_address>0x20004e70</load_address>
         <run_address>0x20004e70</run_address>
         <size>0x1c</size>
         <input_file_ref idref="fl-3"/>
      </object_component>
      <object_component id="oc-248">
         <name>.data</name>
         <load_address>0x20004e8c</load_address>
         <run_address>0x20004e8c</run_address>
         <size>0x5</size>
         <input_file_ref idref="fl-6"/>
      </object_component>
      <object_component id="oc-3e2">
         <name>.data</name>
         <load_address>0x20004e94</load_address>
         <run_address>0x20004e94</run_address>
         <size>0x4</size>
         <input_file_ref idref="fl-ec"/>
      </object_component>
      <object_component id="oc-166">
         <name>.bss:ReceivedData</name>
         <uninitialized>true</uninitialized>
         <run_address>0x20004a6c</run_address>
         <size>0x200</size>
         <input_file_ref idref="fl-3"/>
      </object_component>
      <object_component id="oc-1ba">
         <name>.bss:localDB</name>
         <uninitialized>true</uninitialized>
         <run_address>0x2000026c</run_address>
         <size>0x4800</size>
         <input_file_ref idref="fl-3"/>
      </object_component>
      <object_component id="oc-21">
         <name>.stack</name>
         <uninitialized>true</uninitialized>
         <run_address>0x20004c70</run_address>
         <size>0x4</size>
         <input_file_ref idref="fl-cf"/>
      </object_component>
      <object_component id="oc-473">
         <name>.stack</name>
         <uninitialized>true</uninitialized>
         <run_address>0x20004c70</run_address>
         <size>0x0</size>
      </object_component>
      <object_component id="oc-af">
         <name>.debug_info</name>
         <load_address>0x0</load_address>
         <run_address>0x0</run_address>
         <size>0x345</size>
         <input_file_ref idref="fl-2"/>
      </object_component>
      <object_component id="oc-1a4">
         <name>.debug_info</name>
         <load_address>0x345</load_address>
         <run_address>0x345</run_address>
         <size>0x99f</size>
         <input_file_ref idref="fl-2"/>
      </object_component>
      <object_component id="oc-6d">
         <name>.debug_info</name>
         <load_address>0xce4</load_address>
         <run_address>0xce4</run_address>
         <size>0x26b</size>
         <input_file_ref idref="fl-2"/>
      </object_component>
      <object_component id="oc-33">
         <name>.debug_info</name>
         <load_address>0xf4f</load_address>
         <run_address>0xf4f</run_address>
         <size>0x84</size>
         <input_file_ref idref="fl-2"/>
      </object_component>
      <object_component id="oc-aa">
         <name>.debug_info</name>
         <load_address>0xfd3</load_address>
         <run_address>0xfd3</run_address>
         <size>0x297</size>
         <input_file_ref idref="fl-2"/>
      </object_component>
      <object_component id="oc-72">
         <name>.debug_info</name>
         <load_address>0x126a</load_address>
         <run_address>0x126a</run_address>
         <size>0xbb</size>
         <input_file_ref idref="fl-2"/>
      </object_component>
      <object_component id="oc-1c3">
         <name>.debug_info</name>
         <load_address>0x1325</load_address>
         <run_address>0x1325</run_address>
         <size>0xbd1</size>
         <input_file_ref idref="fl-3"/>
      </object_component>
      <object_component id="oc-167">
         <name>.debug_info</name>
         <load_address>0x1ef6</load_address>
         <run_address>0x1ef6</run_address>
         <size>0xd0</size>
         <input_file_ref idref="fl-3"/>
      </object_component>
      <object_component id="oc-1bb">
         <name>.debug_info</name>
         <load_address>0x1fc6</load_address>
         <run_address>0x1fc6</run_address>
         <size>0xc6</size>
         <input_file_ref idref="fl-3"/>
      </object_component>
      <object_component id="oc-164">
         <name>.debug_info</name>
         <load_address>0x208c</load_address>
         <run_address>0x208c</run_address>
         <size>0x1f0</size>
         <input_file_ref idref="fl-3"/>
      </object_component>
      <object_component id="oc-182">
         <name>.debug_info</name>
         <load_address>0x227c</load_address>
         <run_address>0x227c</run_address>
         <size>0xc7</size>
         <input_file_ref idref="fl-3"/>
      </object_component>
      <object_component id="oc-185">
         <name>.debug_info</name>
         <load_address>0x2343</load_address>
         <run_address>0x2343</run_address>
         <size>0xc7</size>
         <input_file_ref idref="fl-3"/>
      </object_component>
      <object_component id="oc-188">
         <name>.debug_info</name>
         <load_address>0x240a</load_address>
         <run_address>0x240a</run_address>
         <size>0xc7</size>
         <input_file_ref idref="fl-3"/>
      </object_component>
      <object_component id="oc-9a">
         <name>.debug_info</name>
         <load_address>0x24d1</load_address>
         <run_address>0x24d1</run_address>
         <size>0x2f54</size>
         <input_file_ref idref="fl-3"/>
      </object_component>
      <object_component id="oc-1be">
         <name>.debug_info</name>
         <load_address>0x5425</load_address>
         <run_address>0x5425</run_address>
         <size>0x8b</size>
         <input_file_ref idref="fl-3"/>
      </object_component>
      <object_component id="oc-2a2">
         <name>.debug_info</name>
         <load_address>0x54b0</load_address>
         <run_address>0x54b0</run_address>
         <size>0xcc</size>
         <input_file_ref idref="fl-3"/>
      </object_component>
      <object_component id="oc-258">
         <name>.debug_info</name>
         <load_address>0x557c</load_address>
         <run_address>0x557c</run_address>
         <size>0x2c</size>
         <input_file_ref idref="fl-3"/>
      </object_component>
      <object_component id="oc-2c">
         <name>.debug_info</name>
         <load_address>0x55a8</load_address>
         <run_address>0x55a8</run_address>
         <size>0x2a6</size>
         <input_file_ref idref="fl-4"/>
      </object_component>
      <object_component id="oc-10">
         <name>.debug_info</name>
         <load_address>0x584e</load_address>
         <run_address>0x584e</run_address>
         <size>0xe5</size>
         <input_file_ref idref="fl-4"/>
      </object_component>
      <object_component id="oc-25">
         <name>.debug_info</name>
         <load_address>0x5933</load_address>
         <run_address>0x5933</run_address>
         <size>0x261</size>
         <input_file_ref idref="fl-4"/>
      </object_component>
      <object_component id="oc-b7">
         <name>.debug_info</name>
         <load_address>0x5b94</load_address>
         <run_address>0x5b94</run_address>
         <size>0x2c</size>
         <input_file_ref idref="fl-5"/>
      </object_component>
      <object_component id="oc-257">
         <name>.debug_info</name>
         <load_address>0x5bc0</load_address>
         <run_address>0x5bc0</run_address>
         <size>0x414</size>
         <input_file_ref idref="fl-6"/>
      </object_component>
      <object_component id="oc-249">
         <name>.debug_info</name>
         <load_address>0x5fd4</load_address>
         <run_address>0x5fd4</run_address>
         <size>0x10b</size>
         <input_file_ref idref="fl-6"/>
      </object_component>
      <object_component id="oc-254">
         <name>.debug_info</name>
         <load_address>0x60df</load_address>
         <run_address>0x60df</run_address>
         <size>0x105</size>
         <input_file_ref idref="fl-6"/>
      </object_component>
      <object_component id="oc-24c">
         <name>.debug_info</name>
         <load_address>0x61e4</load_address>
         <run_address>0x61e4</run_address>
         <size>0x113</size>
         <input_file_ref idref="fl-6"/>
      </object_component>
      <object_component id="oc-246">
         <name>.debug_info</name>
         <load_address>0x62f7</load_address>
         <run_address>0x62f7</run_address>
         <size>0x117</size>
         <input_file_ref idref="fl-6"/>
      </object_component>
      <object_component id="oc-11c">
         <name>.debug_info</name>
         <load_address>0x640e</load_address>
         <run_address>0x640e</run_address>
         <size>0xa6c</size>
         <input_file_ref idref="fl-6"/>
      </object_component>
      <object_component id="oc-235">
         <name>.debug_info</name>
         <load_address>0x6e7a</load_address>
         <run_address>0x6e7a</run_address>
         <size>0x240</size>
         <input_file_ref idref="fl-d"/>
      </object_component>
      <object_component id="oc-232">
         <name>.debug_info</name>
         <load_address>0x70ba</load_address>
         <run_address>0x70ba</run_address>
         <size>0x15b</size>
         <input_file_ref idref="fl-d"/>
      </object_component>
      <object_component id="oc-1b7">
         <name>.debug_info</name>
         <load_address>0x7215</load_address>
         <run_address>0x7215</run_address>
         <size>0x2a3</size>
         <input_file_ref idref="fl-d"/>
      </object_component>
      <object_component id="oc-239">
         <name>.debug_info</name>
         <load_address>0x74b8</load_address>
         <run_address>0x74b8</run_address>
         <size>0x2b3</size>
         <input_file_ref idref="fl-d"/>
      </object_component>
      <object_component id="oc-1b1">
         <name>.debug_info</name>
         <load_address>0x776b</load_address>
         <run_address>0x776b</run_address>
         <size>0x316</size>
         <input_file_ref idref="fl-d"/>
      </object_component>
      <object_component id="oc-112">
         <name>.debug_info</name>
         <load_address>0x7a81</load_address>
         <run_address>0x7a81</run_address>
         <size>0x27b</size>
         <input_file_ref idref="fl-d"/>
      </object_component>
      <object_component id="oc-1ab">
         <name>.debug_info</name>
         <load_address>0x7cfc</load_address>
         <run_address>0x7cfc</run_address>
         <size>0x2b7</size>
         <input_file_ref idref="fl-d"/>
      </object_component>
      <object_component id="oc-10b">
         <name>.debug_info</name>
         <load_address>0x7fb3</load_address>
         <run_address>0x7fb3</run_address>
         <size>0x280</size>
         <input_file_ref idref="fl-d"/>
      </object_component>
      <object_component id="oc-208">
         <name>.debug_info</name>
         <load_address>0x8233</load_address>
         <run_address>0x8233</run_address>
         <size>0x18b</size>
         <input_file_ref idref="fl-d"/>
      </object_component>
      <object_component id="oc-227">
         <name>.debug_info</name>
         <load_address>0x83be</load_address>
         <run_address>0x83be</run_address>
         <size>0x20e</size>
         <input_file_ref idref="fl-e"/>
      </object_component>
      <object_component id="oc-224">
         <name>.debug_info</name>
         <load_address>0x85cc</load_address>
         <run_address>0x85cc</run_address>
         <size>0x210</size>
         <input_file_ref idref="fl-e"/>
      </object_component>
      <object_component id="oc-2dc">
         <name>.debug_info</name>
         <load_address>0x87dc</load_address>
         <run_address>0x87dc</run_address>
         <size>0x157</size>
         <input_file_ref idref="fl-e"/>
      </object_component>
      <object_component id="oc-21d">
         <name>.debug_info</name>
         <load_address>0x8933</load_address>
         <run_address>0x8933</run_address>
         <size>0x2c1</size>
         <input_file_ref idref="fl-e"/>
      </object_component>
      <object_component id="oc-105">
         <name>.debug_info</name>
         <load_address>0x8bf4</load_address>
         <run_address>0x8bf4</run_address>
         <size>0x23e</size>
         <input_file_ref idref="fl-e"/>
      </object_component>
      <object_component id="oc-f4">
         <name>.debug_info</name>
         <load_address>0x8e32</load_address>
         <run_address>0x8e32</run_address>
         <size>0x268</size>
         <input_file_ref idref="fl-e"/>
      </object_component>
      <object_component id="oc-12e">
         <name>.debug_info</name>
         <load_address>0x909a</load_address>
         <run_address>0x909a</run_address>
         <size>0x26a</size>
         <input_file_ref idref="fl-e"/>
      </object_component>
      <object_component id="oc-213">
         <name>.debug_info</name>
         <load_address>0x9304</load_address>
         <run_address>0x9304</run_address>
         <size>0x298</size>
         <input_file_ref idref="fl-f"/>
      </object_component>
      <object_component id="oc-205">
         <name>.debug_info</name>
         <load_address>0x959c</load_address>
         <run_address>0x959c</run_address>
         <size>0x14d</size>
         <input_file_ref idref="fl-f"/>
      </object_component>
      <object_component id="oc-241">
         <name>.debug_info</name>
         <load_address>0x96e9</load_address>
         <run_address>0x96e9</run_address>
         <size>0x283</size>
         <input_file_ref idref="fl-f"/>
      </object_component>
      <object_component id="oc-db">
         <name>.debug_info</name>
         <load_address>0x996c</load_address>
         <run_address>0x996c</run_address>
         <size>0x27d</size>
         <input_file_ref idref="fl-f"/>
      </object_component>
      <object_component id="oc-19e">
         <name>.debug_info</name>
         <load_address>0x9be9</load_address>
         <run_address>0x9be9</run_address>
         <size>0x2db</size>
         <input_file_ref idref="fl-f"/>
      </object_component>
      <object_component id="oc-c2">
         <name>.debug_info</name>
         <load_address>0x9ec4</load_address>
         <run_address>0x9ec4</run_address>
         <size>0x2b5</size>
         <input_file_ref idref="fl-f"/>
      </object_component>
      <object_component id="oc-2cf">
         <name>.debug_info</name>
         <load_address>0xa179</load_address>
         <run_address>0xa179</run_address>
         <size>0x5f</size>
         <input_file_ref idref="fl-f"/>
      </object_component>
      <object_component id="oc-210">
         <name>.debug_info</name>
         <load_address>0xa1d8</load_address>
         <run_address>0xa1d8</run_address>
         <size>0x19d</size>
         <input_file_ref idref="fl-10"/>
      </object_component>
      <object_component id="oc-ce">
         <name>.debug_info</name>
         <load_address>0xa375</load_address>
         <run_address>0xa375</run_address>
         <size>0x261</size>
         <input_file_ref idref="fl-10"/>
      </object_component>
      <object_component id="oc-d4">
         <name>.debug_info</name>
         <load_address>0xa5d6</load_address>
         <run_address>0xa5d6</run_address>
         <size>0x221</size>
         <input_file_ref idref="fl-10"/>
      </object_component>
      <object_component id="oc-20e">
         <name>.debug_info</name>
         <load_address>0xa7f7</load_address>
         <run_address>0xa7f7</run_address>
         <size>0x223</size>
         <input_file_ref idref="fl-11"/>
      </object_component>
      <object_component id="oc-2d5">
         <name>.debug_info</name>
         <load_address>0xaa1a</load_address>
         <run_address>0xaa1a</run_address>
         <size>0x15a</size>
         <input_file_ref idref="fl-11"/>
      </object_component>
      <object_component id="oc-2d8">
         <name>.debug_info</name>
         <load_address>0xab74</load_address>
         <run_address>0xab74</run_address>
         <size>0x16c</size>
         <input_file_ref idref="fl-11"/>
      </object_component>
      <object_component id="oc-e6">
         <name>.debug_info</name>
         <load_address>0xace0</load_address>
         <run_address>0xace0</run_address>
         <size>0x2ba</size>
         <input_file_ref idref="fl-11"/>
      </object_component>
      <object_component id="oc-217">
         <name>.debug_info</name>
         <load_address>0xaf9a</load_address>
         <run_address>0xaf9a</run_address>
         <size>0x2eb</size>
         <input_file_ref idref="fl-11"/>
      </object_component>
      <object_component id="oc-ec">
         <name>.debug_info</name>
         <load_address>0xb285</load_address>
         <run_address>0xb285</run_address>
         <size>0x2e4</size>
         <input_file_ref idref="fl-11"/>
      </object_component>
      <object_component id="oc-f8">
         <name>.debug_info</name>
         <load_address>0xb569</load_address>
         <run_address>0xb569</run_address>
         <size>0x294</size>
         <input_file_ref idref="fl-11"/>
      </object_component>
      <object_component id="oc-c8">
         <name>.debug_info</name>
         <load_address>0xb7fd</load_address>
         <run_address>0xb7fd</run_address>
         <size>0x292</size>
         <input_file_ref idref="fl-11"/>
      </object_component>
      <object_component id="oc-fe">
         <name>.debug_info</name>
         <load_address>0xba8f</load_address>
         <run_address>0xba8f</run_address>
         <size>0x27f</size>
         <input_file_ref idref="fl-11"/>
      </object_component>
      <object_component id="oc-e0">
         <name>.debug_info</name>
         <load_address>0xbd0e</load_address>
         <run_address>0xbd0e</run_address>
         <size>0x28c</size>
         <input_file_ref idref="fl-11"/>
      </object_component>
      <object_component id="oc-23e">
         <name>.debug_info</name>
         <load_address>0xbf9a</load_address>
         <run_address>0xbf9a</run_address>
         <size>0x227</size>
         <input_file_ref idref="fl-12"/>
      </object_component>
      <object_component id="oc-2fe">
         <name>.debug_info</name>
         <load_address>0xc1c1</load_address>
         <run_address>0xc1c1</run_address>
         <size>0x157</size>
         <input_file_ref idref="fl-12"/>
      </object_component>
      <object_component id="oc-301">
         <name>.debug_info</name>
         <load_address>0xc318</load_address>
         <run_address>0xc318</run_address>
         <size>0x169</size>
         <input_file_ref idref="fl-12"/>
      </object_component>
      <object_component id="oc-264">
         <name>.debug_info</name>
         <load_address>0xc481</load_address>
         <run_address>0xc481</run_address>
         <size>0x27e</size>
         <input_file_ref idref="fl-12"/>
      </object_component>
      <object_component id="oc-191">
         <name>.debug_info</name>
         <load_address>0xc6ff</load_address>
         <run_address>0xc6ff</run_address>
         <size>0x27f</size>
         <input_file_ref idref="fl-12"/>
      </object_component>
      <object_component id="oc-146">
         <name>.debug_info</name>
         <load_address>0xc97e</load_address>
         <run_address>0xc97e</run_address>
         <size>0x2c3</size>
         <input_file_ref idref="fl-12"/>
      </object_component>
      <object_component id="oc-140">
         <name>.debug_info</name>
         <load_address>0xcc41</load_address>
         <run_address>0xcc41</run_address>
         <size>0x28f</size>
         <input_file_ref idref="fl-12"/>
      </object_component>
      <object_component id="oc-197">
         <name>.debug_info</name>
         <load_address>0xced0</load_address>
         <run_address>0xced0</run_address>
         <size>0x28d</size>
         <input_file_ref idref="fl-12"/>
      </object_component>
      <object_component id="oc-13b">
         <name>.debug_info</name>
         <load_address>0xd15d</load_address>
         <run_address>0xd15d</run_address>
         <size>0x251</size>
         <input_file_ref idref="fl-12"/>
      </object_component>
      <object_component id="oc-129">
         <name>.debug_info</name>
         <load_address>0xd3ae</load_address>
         <run_address>0xd3ae</run_address>
         <size>0x247</size>
         <input_file_ref idref="fl-12"/>
      </object_component>
      <object_component id="oc-135">
         <name>.debug_info</name>
         <load_address>0xd5f5</load_address>
         <run_address>0xd5f5</run_address>
         <size>0x249</size>
         <input_file_ref idref="fl-12"/>
      </object_component>
      <object_component id="oc-123">
         <name>.debug_info</name>
         <load_address>0xd83e</load_address>
         <run_address>0xd83e</run_address>
         <size>0x326</size>
         <input_file_ref idref="fl-12"/>
      </object_component>
      <object_component id="oc-117">
         <name>.debug_info</name>
         <load_address>0xdb64</load_address>
         <run_address>0xdb64</run_address>
         <size>0x291</size>
         <input_file_ref idref="fl-12"/>
      </object_component>
      <object_component id="oc-153">
         <name>.debug_info</name>
         <load_address>0xddf5</load_address>
         <run_address>0xddf5</run_address>
         <size>0x253</size>
         <input_file_ref idref="fl-12"/>
      </object_component>
      <object_component id="oc-15f">
         <name>.debug_info</name>
         <load_address>0xe048</load_address>
         <run_address>0xe048</run_address>
         <size>0x273</size>
         <input_file_ref idref="fl-12"/>
      </object_component>
      <object_component id="oc-14d">
         <name>.debug_info</name>
         <load_address>0xe2bb</load_address>
         <run_address>0xe2bb</run_address>
         <size>0x24d</size>
         <input_file_ref idref="fl-12"/>
      </object_component>
      <object_component id="oc-159">
         <name>.debug_info</name>
         <load_address>0xe508</load_address>
         <run_address>0xe508</run_address>
         <size>0x247</size>
         <input_file_ref idref="fl-12"/>
      </object_component>
      <object_component id="oc-22e">
         <name>.debug_info</name>
         <load_address>0xe74f</load_address>
         <run_address>0xe74f</run_address>
         <size>0x212</size>
         <input_file_ref idref="fl-13"/>
      </object_component>
      <object_component id="oc-250">
         <name>.debug_info</name>
         <load_address>0xe961</load_address>
         <run_address>0xe961</run_address>
         <size>0x145</size>
         <input_file_ref idref="fl-c9"/>
      </object_component>
      <object_component id="oc-39">
         <name>.debug_info</name>
         <load_address>0xeaa6</load_address>
         <run_address>0xeaa6</run_address>
         <size>0x11c</size>
         <input_file_ref idref="fl-ca"/>
      </object_component>
      <object_component id="oc-8f">
         <name>.debug_info</name>
         <load_address>0xebc2</load_address>
         <run_address>0xebc2</run_address>
         <size>0x14a</size>
         <input_file_ref idref="fl-cb"/>
      </object_component>
      <object_component id="oc-8b">
         <name>.debug_info</name>
         <load_address>0xed0c</load_address>
         <run_address>0xed0c</run_address>
         <size>0x31e</size>
         <input_file_ref idref="fl-cc"/>
      </object_component>
      <object_component id="oc-4c">
         <name>.debug_info</name>
         <load_address>0xf02a</load_address>
         <run_address>0xf02a</run_address>
         <size>0x1b5</size>
         <input_file_ref idref="fl-cc"/>
      </object_component>
      <object_component id="oc-86">
         <name>.debug_info</name>
         <load_address>0xf1df</load_address>
         <run_address>0xf1df</run_address>
         <size>0x46</size>
         <input_file_ref idref="fl-cc"/>
      </object_component>
      <object_component id="oc-43">
         <name>.debug_info</name>
         <load_address>0xf225</load_address>
         <run_address>0xf225</run_address>
         <size>0x2a8</size>
         <input_file_ref idref="fl-cd"/>
      </object_component>
      <object_component id="oc-19">
         <name>.debug_info</name>
         <load_address>0xf4cd</load_address>
         <run_address>0xf4cd</run_address>
         <size>0x1ea</size>
         <input_file_ref idref="fl-cd"/>
      </object_component>
      <object_component id="oc-3e">
         <name>.debug_info</name>
         <load_address>0xf6b7</load_address>
         <run_address>0xf6b7</run_address>
         <size>0x46</size>
         <input_file_ref idref="fl-cd"/>
      </object_component>
      <object_component id="oc-7e">
         <name>.debug_info</name>
         <load_address>0xf6fd</load_address>
         <run_address>0xf6fd</run_address>
         <size>0x2c</size>
         <input_file_ref idref="fl-cd"/>
      </object_component>
      <object_component id="oc-7c">
         <name>.debug_info</name>
         <load_address>0xf729</load_address>
         <run_address>0xf729</run_address>
         <size>0x29e</size>
         <input_file_ref idref="fl-ce"/>
      </object_component>
      <object_component id="oc-16">
         <name>.debug_info</name>
         <load_address>0xf9c7</load_address>
         <run_address>0xf9c7</run_address>
         <size>0x250</size>
         <input_file_ref idref="fl-ce"/>
      </object_component>
      <object_component id="oc-2e">
         <name>.debug_info</name>
         <load_address>0xfc17</load_address>
         <run_address>0xfc17</run_address>
         <size>0x60</size>
         <input_file_ref idref="fl-ce"/>
      </object_component>
      <object_component id="oc-b0">
         <name>.debug_info</name>
         <load_address>0xfc77</load_address>
         <run_address>0xfc77</run_address>
         <size>0x46</size>
         <input_file_ref idref="fl-ce"/>
      </object_component>
      <object_component id="oc-77">
         <name>.debug_info</name>
         <load_address>0xfcbd</load_address>
         <run_address>0xfcbd</run_address>
         <size>0x39</size>
         <input_file_ref idref="fl-ce"/>
      </object_component>
      <object_component id="oc-22">
         <name>.debug_info</name>
         <load_address>0xfcf6</load_address>
         <run_address>0xfcf6</run_address>
         <size>0x10b</size>
         <input_file_ref idref="fl-cf"/>
      </object_component>
      <object_component id="oc-57">
         <name>.debug_info</name>
         <load_address>0xfe01</load_address>
         <run_address>0xfe01</run_address>
         <size>0x1af</size>
         <input_file_ref idref="fl-cf"/>
      </object_component>
      <object_component id="oc-1c6">
         <name>.debug_info</name>
         <load_address>0xffb0</load_address>
         <run_address>0xffb0</run_address>
         <size>0x122</size>
         <input_file_ref idref="fl-d0"/>
      </object_component>
      <object_component id="oc-296">
         <name>.debug_info</name>
         <load_address>0x100d2</load_address>
         <run_address>0x100d2</run_address>
         <size>0x2b9</size>
         <input_file_ref idref="fl-d3"/>
      </object_component>
      <object_component id="oc-18d">
         <name>.debug_info</name>
         <load_address>0x1038b</load_address>
         <run_address>0x1038b</run_address>
         <size>0x17c</size>
         <input_file_ref idref="fl-d3"/>
      </object_component>
      <object_component id="oc-351">
         <name>.debug_info</name>
         <load_address>0x10507</load_address>
         <run_address>0x10507</run_address>
         <size>0xf9</size>
         <input_file_ref idref="fl-d4"/>
      </object_component>
      <object_component id="oc-293">
         <name>.debug_info</name>
         <load_address>0x10600</load_address>
         <run_address>0x10600</run_address>
         <size>0x105</size>
         <input_file_ref idref="fl-d4"/>
      </object_component>
      <object_component id="oc-285">
         <name>.debug_info</name>
         <load_address>0x10705</load_address>
         <run_address>0x10705</run_address>
         <size>0x333</size>
         <input_file_ref idref="fl-d5"/>
      </object_component>
      <object_component id="oc-16a">
         <name>.debug_info</name>
         <load_address>0x10a38</load_address>
         <run_address>0x10a38</run_address>
         <size>0x1d1</size>
         <input_file_ref idref="fl-d5"/>
      </object_component>
      <object_component id="oc-27a">
         <name>.debug_info</name>
         <load_address>0x10c09</load_address>
         <run_address>0x10c09</run_address>
         <size>0x18d</size>
         <input_file_ref idref="fl-d5"/>
      </object_component>
      <object_component id="oc-280">
         <name>.debug_info</name>
         <load_address>0x10d96</load_address>
         <run_address>0x10d96</run_address>
         <size>0x16d</size>
         <input_file_ref idref="fl-d5"/>
      </object_component>
      <object_component id="oc-3e9">
         <name>.debug_info</name>
         <load_address>0x10f03</load_address>
         <run_address>0x10f03</run_address>
         <size>0x2c</size>
         <input_file_ref idref="fl-d5"/>
      </object_component>
      <object_component id="oc-289">
         <name>.debug_info</name>
         <load_address>0x10f2f</load_address>
         <run_address>0x10f2f</run_address>
         <size>0x2a4</size>
         <input_file_ref idref="fl-d6"/>
      </object_component>
      <object_component id="oc-178">
         <name>.debug_info</name>
         <load_address>0x111d3</load_address>
         <run_address>0x111d3</run_address>
         <size>0x26d</size>
         <input_file_ref idref="fl-d6"/>
      </object_component>
      <object_component id="oc-287">
         <name>.debug_info</name>
         <load_address>0x11440</load_address>
         <run_address>0x11440</run_address>
         <size>0x2a4</size>
         <input_file_ref idref="fl-d8"/>
      </object_component>
      <object_component id="oc-170">
         <name>.debug_info</name>
         <load_address>0x116e4</load_address>
         <run_address>0x116e4</run_address>
         <size>0x252</size>
         <input_file_ref idref="fl-d8"/>
      </object_component>
      <object_component id="oc-28b">
         <name>.debug_info</name>
         <load_address>0x11936</load_address>
         <run_address>0x11936</run_address>
         <size>0x28f</size>
         <input_file_ref idref="fl-d9"/>
      </object_component>
      <object_component id="oc-17c">
         <name>.debug_info</name>
         <load_address>0x11bc5</load_address>
         <run_address>0x11bc5</run_address>
         <size>0x24b</size>
         <input_file_ref idref="fl-d9"/>
      </object_component>
      <object_component id="oc-2f3">
         <name>.debug_info</name>
         <load_address>0x11e10</load_address>
         <run_address>0x11e10</run_address>
         <size>0x118</size>
         <input_file_ref idref="fl-da"/>
      </object_component>
      <object_component id="oc-2b2">
         <name>.debug_info</name>
         <load_address>0x11f28</load_address>
         <run_address>0x11f28</run_address>
         <size>0x552</size>
         <input_file_ref idref="fl-db"/>
      </object_component>
      <object_component id="oc-1d1">
         <name>.debug_info</name>
         <load_address>0x1247a</load_address>
         <run_address>0x1247a</run_address>
         <size>0x1a6</size>
         <input_file_ref idref="fl-db"/>
      </object_component>
      <object_component id="oc-364">
         <name>.debug_info</name>
         <load_address>0x12620</load_address>
         <run_address>0x12620</run_address>
         <size>0x39</size>
         <input_file_ref idref="fl-db"/>
      </object_component>
      <object_component id="oc-3fd">
         <name>.debug_info</name>
         <load_address>0x12659</load_address>
         <run_address>0x12659</run_address>
         <size>0x39</size>
         <input_file_ref idref="fl-db"/>
      </object_component>
      <object_component id="oc-369">
         <name>.debug_info</name>
         <load_address>0x12692</load_address>
         <run_address>0x12692</run_address>
         <size>0x39</size>
         <input_file_ref idref="fl-db"/>
      </object_component>
      <object_component id="oc-36e">
         <name>.debug_info</name>
         <load_address>0x126cb</load_address>
         <run_address>0x126cb</run_address>
         <size>0xcd</size>
         <input_file_ref idref="fl-db"/>
      </object_component>
      <object_component id="oc-93">
         <name>.debug_info</name>
         <load_address>0x12798</load_address>
         <run_address>0x12798</run_address>
         <size>0x153</size>
         <input_file_ref idref="fl-dc"/>
      </object_component>
      <object_component id="oc-33a">
         <name>.debug_info</name>
         <load_address>0x128eb</load_address>
         <run_address>0x128eb</run_address>
         <size>0x8b1</size>
         <input_file_ref idref="fl-de"/>
      </object_component>
      <object_component id="oc-305">
         <name>.debug_info</name>
         <load_address>0x1319c</load_address>
         <run_address>0x1319c</run_address>
         <size>0x21e</size>
         <input_file_ref idref="fl-de"/>
      </object_component>
      <object_component id="oc-3ac">
         <name>.debug_info</name>
         <load_address>0x133ba</load_address>
         <run_address>0x133ba</run_address>
         <size>0x1b3</size>
         <input_file_ref idref="fl-de"/>
      </object_component>
      <object_component id="oc-3b2">
         <name>.debug_info</name>
         <load_address>0x1356d</load_address>
         <run_address>0x1356d</run_address>
         <size>0x21b</size>
         <input_file_ref idref="fl-de"/>
      </object_component>
      <object_component id="oc-310">
         <name>.debug_info</name>
         <load_address>0x13788</load_address>
         <run_address>0x13788</run_address>
         <size>0x3bb</size>
         <input_file_ref idref="fl-de"/>
      </object_component>
      <object_component id="oc-3b9">
         <name>.debug_info</name>
         <load_address>0x13b43</load_address>
         <run_address>0x13b43</run_address>
         <size>0x305</size>
         <input_file_ref idref="fl-de"/>
      </object_component>
      <object_component id="oc-3bf">
         <name>.debug_info</name>
         <load_address>0x13e48</load_address>
         <run_address>0x13e48</run_address>
         <size>0x215</size>
         <input_file_ref idref="fl-de"/>
      </object_component>
      <object_component id="oc-316">
         <name>.debug_info</name>
         <load_address>0x1405d</load_address>
         <run_address>0x1405d</run_address>
         <size>0x215</size>
         <input_file_ref idref="fl-de"/>
      </object_component>
      <object_component id="oc-31c">
         <name>.debug_info</name>
         <load_address>0x14272</load_address>
         <run_address>0x14272</run_address>
         <size>0x304</size>
         <input_file_ref idref="fl-de"/>
      </object_component>
      <object_component id="oc-322">
         <name>.debug_info</name>
         <load_address>0x14576</load_address>
         <run_address>0x14576</run_address>
         <size>0x4b0</size>
         <input_file_ref idref="fl-de"/>
      </object_component>
      <object_component id="oc-273">
         <name>.debug_info</name>
         <load_address>0x14a26</load_address>
         <run_address>0x14a26</run_address>
         <size>0x5d8</size>
         <input_file_ref idref="fl-de"/>
      </object_component>
      <object_component id="oc-33b">
         <name>.debug_info</name>
         <load_address>0x14ffe</load_address>
         <run_address>0x14ffe</run_address>
         <size>0x86</size>
         <input_file_ref idref="fl-de"/>
      </object_component>
      <object_component id="oc-3ee">
         <name>.debug_info</name>
         <load_address>0x15084</load_address>
         <run_address>0x15084</run_address>
         <size>0x39</size>
         <input_file_ref idref="fl-de"/>
      </object_component>
      <object_component id="oc-434">
         <name>.debug_info</name>
         <load_address>0x150bd</load_address>
         <run_address>0x150bd</run_address>
         <size>0xb6</size>
         <input_file_ref idref="fl-de"/>
      </object_component>
      <object_component id="oc-3f3">
         <name>.debug_info</name>
         <load_address>0x15173</load_address>
         <run_address>0x15173</run_address>
         <size>0x46</size>
         <input_file_ref idref="fl-de"/>
      </object_component>
      <object_component id="oc-340">
         <name>.debug_info</name>
         <load_address>0x151b9</load_address>
         <run_address>0x151b9</run_address>
         <size>0x46</size>
         <input_file_ref idref="fl-de"/>
      </object_component>
      <object_component id="oc-40f">
[...]
         <object_component_ref idref="oc-98"/>
      </symbol>
      <symbol id="sm-26b">
         <name>main</name>
         <value>0x1361</value>
         <object_component_ref idref="oc-98"/>
      </symbol>
      <symbol id="sm-26c">
         <name>sendTime</name>
         <value>0x20004e7e</value>
         <object_component_ref idref="oc-163"/>
      </symbol>
      <symbol id="sm-26d">
         <name>CIPCLOSEesp</name>
         <value>0x7d9</value>
         <object_component_ref idref="oc-98"/>
      </symbol>
      <symbol id="sm-26e">
         <name>postToDB</name>
         <value>0xfbf</value>
         <object_component_ref idref="oc-98"/>
      </symbol>
      <symbol id="sm-26f">
         <name>SearchIndexOf</name>
         <value>0x405</value>
         <object_component_ref idref="oc-98"/>
      </symbol>
      <symbol id="sm-270">
         <name>delayMs</name>
         <value>0x26d</value>
         <object_component_ref idref="oc-98"/>
      </symbol>
      <symbol id="sm-271">
         <name>CIPAPesp</name>
         <value>0x703</value>
         <object_component_ref idref="oc-98"/>
      </symbol>
      <symbol id="sm-272">
         <name>isConnection</name>
         <value>0x20004e7c</value>
         <object_component_ref idref="oc-163"/>
      </symbol>
      <symbol id="sm-273">
         <name>setSystem</name>
         <value>0xfd3</value>
         <object_component_ref idref="oc-98"/>
      </symbol>
      <symbol id="sm-274">
         <name>isDelayed</name>
         <value>0x20004e80</value>
         <object_component_ref idref="oc-163"/>
      </symbol>
      <symbol id="sm-275">
         <name>delayTime</name>
         <value>0x20004e84</value>
         <object_component_ref idref="oc-163"/>
      </symbol>
      <symbol id="sm-276">
         <name>CIPSENDesp</name>
         <value>0x86d</value>
         <object_component_ref idref="oc-98"/>
      </symbol>
      <symbol id="sm-277">
         <name>ATesp</name>
         <value>0x5c9</value>
         <object_component_ref idref="oc-98"/>
      </symbol>
      <symbol id="sm-278">
         <name>recvFind</name>
         <value>0x591</value>
         <object_component_ref idref="oc-98"/>
      </symbol>
      <symbol id="sm-279">
         <name>cMode</name>
         <value>0x20004e7d</value>
         <object_component_ref idref="oc-163"/>
      </symbol>
      <symbol id="sm-27a">
         <name>RSTesp</name>
         <value>0x609</value>
         <object_component_ref idref="oc-98"/>
      </symbol>
      <symbol id="sm-27b">
         <name>Timer5IntHandler</name>
         <value>0x29f</value>
         <object_component_ref idref="oc-98"/>
      </symbol>
      <symbol id="sm-27c">
         <name>dcFromDB</name>
         <value>0xfb3</value>
         <object_component_ref idref="oc-98"/>
      </symbol>
      <symbol id="sm-27d">
         <name>btHandler</name>
         <value>0x1105</value>
         <object_component_ref idref="oc-98"/>
      </symbol>
      <symbol id="sm-27e">
         <name>SendATCommand</name>
         <value>0x4d5</value>
         <object_component_ref idref="oc-98"/>
      </symbol>
      <symbol id="sm-29a">
         <name>ResetISR</name>
         <value>0x492f</value>
         <object_component_ref idref="oc-24"/>
      </symbol>
      <symbol id="sm-29b">
         <name>g_pfnVectors</name>
         <value>0x0</value>
         <object_component_ref idref="oc-f"/>
      </symbol>
      <symbol id="sm-310">
         <name>UARTgetc</name>
         <value>0x283f</value>
         <object_component_ref idref="oc-11b"/>
      </symbol>
      <symbol id="sm-311">
         <name>UARTgets</name>
         <value>0x2785</value>
         <object_component_ref idref="oc-11b"/>
      </symbol>
      <symbol id="sm-312">
         <name>UARTStdioConfig</name>
         <value>0x26f9</value>
         <object_component_ref idref="oc-11b"/>
      </symbol>
      <symbol id="sm-313">
         <name>UARTwrite</name>
         <value>0x273f</value>
         <object_component_ref idref="oc-11b"/>
      </symbol>
      <symbol id="sm-314">
         <name>UARTprintf</name>
         <value>0x2b5f</value>
         <object_component_ref idref="oc-11b"/>
      </symbol>
      <symbol id="sm-315">
         <name>UARTvprintf</name>
         <value>0x2865</value>
         <object_component_ref idref="oc-11b"/>
      </symbol>
      <symbol id="sm-35c">
         <name>GPIOPinConfigure</name>
         <value>0x4415</value>
         <object_component_ref idref="oc-109"/>
      </symbol>
      <symbol id="sm-35d">
         <name>GPIOPinTypeUART</name>
         <value>0x4895</value>
         <object_component_ref idref="oc-10f"/>
      </symbol>
      <symbol id="sm-35e">
         <name>GPIOPinTypeGPIOOutput</name>
         <value>0x47bb</value>
         <object_component_ref idref="oc-1a8"/>
      </symbol>
      <symbol id="sm-35f">
         <name>GPIODirModeSet</name>
         <value>0x4737</value>
         <object_component_ref idref="oc-236"/>
      </symbol>
      <symbol id="sm-360">
         <name>GPIOPinWrite</name>
         <value>0x498d</value>
         <object_component_ref idref="oc-1b4"/>
      </symbol>
      <symbol id="sm-361">
         <name>GPIOPadConfigSet</name>
         <value>0x3647</value>
         <object_component_ref idref="oc-1ae"/>
      </symbol>
      <symbol id="sm-3b6">
         <name>IntEnable</name>
         <value>0x40ed</value>
         <object_component_ref idref="oc-f1"/>
      </symbol>
      <symbol id="sm-3b7">
         <name>IntDisable</name>
         <value>0x4085</value>
         <object_component_ref idref="oc-12d"/>
      </symbol>
      <symbol id="sm-3b8">
         <name>IntRegister</name>
         <value>0x46a1</value>
         <object_component_ref idref="oc-21c"/>
      </symbol>
      <symbol id="sm-3b9">
         <name>g_pfnRAMVectors</name>
         <value>0x20000000</value>
         <object_component_ref idref="oc-2db"/>
      </symbol>
      <symbol id="sm-3ba">
         <name>IntMasterEnable</name>
         <value>0x48cb</value>
         <object_component_ref idref="oc-103"/>
      </symbol>
      <symbol id="sm-417">
         <name>SysCtlPeripheralPresent</name>
         <value>0x4631</value>
         <object_component_ref idref="oc-23f"/>
      </symbol>
      <symbol id="sm-418">
         <name>SysCtlClockSet</name>
         <value>0x3bb9</value>
         <object_component_ref idref="oc-19c"/>
      </symbol>
      <symbol id="sm-419">
         <name>SysCtlDelay</name>
         <value>0x4993</value>
         <object_component_ref idref="oc-c6"/>
      </symbol>
      <symbol id="sm-41a">
         <name>SysCtlPeripheralEnable</name>
         <value>0x46d5</value>
         <object_component_ref idref="oc-d9"/>
      </symbol>
      <symbol id="sm-41b">
         <name>SysCtlClockGet</name>
         <value>0x389d</value>
         <object_component_ref idref="oc-c0"/>
      </symbol>
      <symbol id="sm-434">
         <name>SysTickEnable</name>
         <value>0x4831</value>
         <object_component_ref idref="oc-d3"/>
      </symbol>
      <symbol id="sm-435">
         <name>SysTickPeriodSet</name>
         <value>0x48dd</value>
         <object_component_ref idref="oc-cd"/>
      </symbol>
      <symbol id="sm-490">
         <name>TimerLoadSet</name>
         <value>0x48a7</value>
         <object_component_ref idref="oc-e5"/>
      </symbol>
      <symbol id="sm-491">
         <name>TimerIntRegister</name>
         <value>0x47d3</value>
         <object_component_ref idref="oc-eb"/>
      </symbol>
      <symbol id="sm-492">
         <name>TimerEnable</name>
         <value>0x48ed</value>
         <object_component_ref idref="oc-fd"/>
      </symbol>
      <symbol id="sm-493">
         <name>TimerIntEnable</name>
         <value>0x496d</value>
         <object_component_ref idref="oc-f7"/>
      </symbol>
      <symbol id="sm-494">
         <name>TimerConfigure</name>
         <value>0x4221</value>
         <object_component_ref idref="oc-df"/>
      </symbol>
      <symbol id="sm-495">
         <name>TimerIntClear</name>
         <value>0x499f</value>
         <object_component_ref idref="oc-c7"/>
      </symbol>
      <symbol id="sm-527">
         <name>UARTFIFODisable</name>
         <value>0x494f</value>
         <object_component_ref idref="oc-139"/>
      </symbol>
      <symbol id="sm-528">
         <name>UARTConfigSetExpClk</name>
         <value>0x44a5</value>
         <object_component_ref idref="oc-121"/>
      </symbol>
      <symbol id="sm-529">
         <name>UARTDisable</name>
         <value>0x4761</value>
         <object_component_ref idref="oc-133"/>
      </symbol>
      <symbol id="sm-52a">
         <name>UARTBusy</name>
         <value>0x4975</value>
         <object_component_ref idref="oc-157"/>
      </symbol>
      <symbol id="sm-52b">
         <name>UARTIntEnable</name>
         <value>0x497d</value>
         <object_component_ref idref="oc-13f"/>
      </symbol>
      <symbol id="sm-52c">
         <name>UARTCharsAvail</name>
         <value>0x48fb</value>
         <object_component_ref idref="oc-151"/>
      </symbol>
      <symbol id="sm-52d">
         <name>UARTClockSourceSet</name>
         <value>0x4999</value>
         <object_component_ref idref="oc-115"/>
      </symbol>
      <symbol id="sm-52e">
         <name>UARTCharPut</name>
         <value>0x4945</value>
         <object_component_ref idref="oc-15d"/>
      </symbol>
      <symbol id="sm-52f">
         <name>UARTEnable</name>
         <value>0x4845</value>
         <object_component_ref idref="oc-127"/>
      </symbol>
      <symbol id="sm-530">
         <name>UARTIntClear</name>
         <value>0x49a3</value>
         <object_component_ref idref="oc-196"/>
      </symbol>
      <symbol id="sm-531">
         <name>UARTIntStatus</name>
         <value>0x4959</value>
         <object_component_ref idref="oc-190"/>
      </symbol>
      <symbol id="sm-532">
         <name>UARTCharGet</name>
         <value>0x493b</value>
         <object_component_ref idref="oc-14b"/>
      </symbol>
      <symbol id="sm-533">
         <name>UARTIntRegister</name>
         <value>0x47eb</value>
         <object_component_ref idref="oc-145"/>
      </symbol>
      <symbol id="sm-53d">
         <name>CPUcpsie</name>
         <value>0x4917</value>
         <object_component_ref idref="oc-22a"/>
      </symbol>
      <symbol id="sm-54c">
         <name>__aeabi_uidivmod</name>
         <value>0x4571</value>
         <object_component_ref idref="oc-24e"/>
      </symbol>
      <symbol id="sm-54d">
         <name>__aeabi_uidiv</name>
         <value>0x4571</value>
         <object_component_ref idref="oc-24e"/>
      </symbol>
      <symbol id="sm-568">
         <name>memcpy</name>
         <value>0x3d5f</value>
         <object_component_ref idref="oc-38"/>
      </symbol>
      <symbol id="sm-569">
         <name>__aeabi_memcpy</name>
         <value>0x3d5f</value>
         <object_component_ref idref="oc-38"/>
      </symbol>
      <symbol id="sm-56a">
         <name>__aeabi_memcpy8</name>
         <value>0x3d5f</value>
         <object_component_ref idref="oc-38"/>
      </symbol>
      <symbol id="sm-56b">
         <name>__aeabi_memcpy4</name>
         <value>0x3d5f</value>
         <object_component_ref idref="oc-38"/>
      </symbol>
      <symbol id="sm-57a">
         <name>__aeabi_memset</name>
         <value>0x3f9f</value>
         <object_component_ref idref="oc-8c"/>
      </symbol>
      <symbol id="sm-57b">
         <name>memset</name>
         <value>0x3fa5</value>
         <object_component_ref idref="oc-8c"/>
      </symbol>
      <symbol id="sm-57c">
         <name>__aeabi_memset8</name>
         <value>0x3f9f</value>
         <object_component_ref idref="oc-8c"/>
      </symbol>
      <symbol id="sm-57d">
         <name>__aeabi_memset4</name>
         <value>0x3f9f</value>
         <object_component_ref idref="oc-8c"/>
      </symbol>
      <symbol id="sm-57e">
         <name>__aeabi_memclr8</name>
         <value>0x3f9d</value>
         <object_component_ref idref="oc-8c"/>
      </symbol>
      <symbol id="sm-57f">
         <name>__aeabi_memclr4</name>
         <value>0x3f9d</value>
         <object_component_ref idref="oc-8c"/>
      </symbol>
      <symbol id="sm-580">
         <name>__aeabi_memclr</name>
         <value>0x3f9d</value>
         <object_component_ref idref="oc-8c"/>
      </symbol>
      <symbol id="sm-592">
         <name>__TI_zero_init</name>
         <value>0x4923</value>
         <object_component_ref idref="oc-4a"/>
      </symbol>
      <symbol id="sm-5a9">
         <name>__TI_decompress_none</name>
         <value>0x4909</value>
         <object_component_ref idref="oc-18"/>
      </symbol>
      <symbol id="sm-5cc">
         <name>__TI_decompress_lzss</name>
         <value>0x4155</value>
         <object_component_ref idref="oc-12"/>
      </symbol>
      <symbol id="sm-5df">
         <name>__stack</name>
         <value>0x20004c70</value>
         <object_component_ref idref="oc-21"/>
      </symbol>
      <symbol id="sm-5e0">
         <name>_c_int00_noargs</name>
         <value>0x4669</value>
         <object_component_ref idref="oc-56"/>
      </symbol>
      <symbol id="sm-5eb">
         <name>C$$EXIT</name>
         <value>0x49ab</value>
         <object_component_ref idref="oc-1c4"/>
      </symbol>
      <symbol id="sm-5ec">
         <name>abort</name>
         <value>0x49ab</value>
         <object_component_ref idref="oc-1c4"/>
      </symbol>
      <symbol id="sm-604">
         <name>atoi</name>
         <value>0x43c9</value>
         <object_component_ref idref="oc-18a"/>
      </symbol>
      <symbol id="sm-60f">
         <name>_ctypes_</name>
         <value>0x49b0</value>
         <object_component_ref idref="oc-292"/>
      </symbol>
      <symbol id="sm-636">
         <name>sprintf</name>
         <value>0x45b1</value>
         <object_component_ref idref="oc-169"/>
      </symbol>
      <symbol id="sm-646">
         <name>strcat</name>
         <value>0x4781</value>
         <object_component_ref idref="oc-175"/>
      </symbol>
      <symbol id="sm-655">
         <name>strcpy</name>
         <value>0x486d</value>
         <object_component_ref idref="oc-16f"/>
      </symbol>
      <symbol id="sm-663">
         <name>strlen</name>
         <value>0x4881</value>
         <object_component_ref idref="oc-17b"/>
      </symbol>
      <symbol id="sm-66d">
         <name>__aeabi_idiv0</name>
         <value>0x26f7</value>
         <object_component_ref idref="oc-2f2"/>
      </symbol>
      <symbol id="sm-66e">
         <name>__aeabi_ldiv0</name>
         <value>0x26f7</value>
         <object_component_ref idref="oc-2f2"/>
      </symbol>
      <symbol id="sm-696">
         <name>__TI_auto_init_nobinit_nopinit</name>
         <value>0x44ed</value>
         <object_component_ref idref="oc-1d0"/>
      </symbol>
      <symbol id="sm-6a0">
         <name>_system_pre_init</name>
         <value>0x49a7</value>
         <object_component_ref idref="oc-92"/>
      </symbol>
      <symbol id="sm-806">
         <name>__TI_printfi</name>
         <value>0x1c99</value>
         <object_component_ref idref="oc-272"/>
      </symbol>
      <symbol id="sm-815">
         <name>ltoa</name>
         <value>0x42d7</value>
         <object_component_ref idref="oc-39b"/>
      </symbol>
      <symbol id="sm-825">
         <name>memccpy</name>
         <value>0x479f</value>
         <object_component_ref idref="oc-327"/>
      </symbol>
      <symbol id="sm-835">
         <name>strchr</name>
         <value>0x481b</value>
         <object_component_ref idref="oc-3d2"/>
      </symbol>
      <symbol id="sm-84e">
         <name>wcslen</name>
         <value>0x48b9</value>
         <object_component_ref idref="oc-32d"/>
      </symbol>
      <symbol id="sm-86e">
         <name>frexpl</name>
         <value>0x41bd</value>
         <object_component_ref idref="oc-3c6"/>
      </symbol>
      <symbol id="sm-86f">
         <name>frexp</name>
         <value>0x41bd</value>
         <object_component_ref idref="oc-3c6"/>
      </symbol>
      <symbol id="sm-88c">
         <name>scalbn</name>
         <value>0x39ad</value>
         <object_component_ref idref="oc-3cc"/>
      </symbol>
      <symbol id="sm-88d">
         <name>scalbnl</name>
         <value>0x39ad</value>
         <object_component_ref idref="oc-3cc"/>
      </symbol>
      <symbol id="sm-88e">
         <name>ldexpl</name>
         <value>0x39ad</value>
         <object_component_ref idref="oc-3cc"/>
      </symbol>
      <symbol id="sm-88f">
         <name>ldexp</name>
         <value>0x39ad</value>
         <object_component_ref idref="oc-3cc"/>
      </symbol>
      <symbol id="sm-8a6">
         <name>__aeabi_dsub</name>
         <value>0x321d</value>
         <object_component_ref idref="oc-3a6"/>
      </symbol>
      <symbol id="sm-8a7">
         <name>__aeabi_dadd</name>
         <value>0x3227</value>
         <object_component_ref idref="oc-3a6"/>
      </symbol>
      <symbol id="sm-8c9">
         <name>__aeabi_cdcmpeq</name>
         <value>0x3e91</value>
         <object_component_ref idref="oc-30a"/>
      </symbol>
      <symbol id="sm-8ca">
         <name>__aeabi_cdcmple</name>
         <value>0x3e91</value>
         <object_component_ref idref="oc-30a"/>
      </symbol>
      <symbol id="sm-8cb">
         <name>__aeabi_cdrcmple</name>
         <value>0x3f17</value>
         <object_component_ref idref="oc-391"/>
      </symbol>
      <symbol id="sm-8df">
         <name>__aeabi_ddiv</name>
         <value>0x3511</value>
         <object_component_ref idref="oc-38c"/>
      </symbol>
      <symbol id="sm-8ea">
         <name>__aeabi_dmul</name>
         <value>0x3abd</value>
         <object_component_ref idref="oc-387"/>
      </symbol>
      <symbol id="sm-8f4">
         <name>__aeabi_d2iz</name>
         <value>0x445d</value>
         <object_component_ref idref="oc-396"/>
      </symbol>
      <symbol id="sm-8fe">
         <name>__aeabi_i2d</name>
         <value>0x4709</value>
         <object_component_ref idref="oc-3a1"/>
      </symbol>
      <symbol id="sm-90b">
         <name>__aeabi_uldivmod</name>
         <value>0x3dfb</value>
         <object_component_ref idref="oc-380"/>
      </symbol>
      <symbol id="sm-921">
         <name>__aeabi_errno_addr</name>
         <value>0x4985</value>
         <object_component_ref idref="oc-333"/>
      </symbol>
      <symbol id="sm-922">
         <name>errno</name>
         <value>0x20004e94</value>
         <object_component_ref idref="oc-3e2"/>
      </symbol>
      <symbol id="sm-92c">
         <name>copysign</name>
         <value>0x4859</value>
         <object_component_ref idref="oc-41d"/>
      </symbol>
      <symbol id="sm-92d">
         <name>copysignl</name>
         <value>0x4859</value>
         <object_component_ref idref="oc-41d"/>
      </symbol>
      <symbol id="sm-92e">
         <name>__TI_static_base__</name>
         <value>0x0</value>
      </symbol>
      <symbol id="sm-931">
         <name>__mpu_init</name>
         <value>0x0</value>
      </symbol>
      <symbol id="sm-932">
         <name>_system_post_cinit</name>
         <value>0x0</value>
      </symbol>
   </symbol_table>
   <title>Link successful</title>
</link_info>
