******************************************************************************
                  TI ARM Linker PC v18.1.4                     
******************************************************************************
>> Linked Thu May 30 02:04:01 2019

OUTPUT FILE NAME:   <GH_Center.out>
ENTRY POINT SYMBOL: "_c_int00_noargs"  address: 00004669


MEMORY CONFIGURATION

         name            origin    length      used     unused   attr    fill
----------------------  --------  ---------  --------  --------  ----  --------
  FLASH                 00000000   00040000  00004dee  0003b212  R  X
  SRAM                  20000000   00008000  00004e94  0000316c  RW X


SEGMENT ALLOCATION MAP

run origin  load origin   length   init length attrs members
----------  ----------- ---------- ----------- ----- -------
00000000    00000000    00004df0   00004df0    r-x
  00000000    00000000    0000026c   0000026c    r-- .intvecs
  0000026c    0000026c    00004742   00004742    r-x .text
  000049b0    000049b0    000003f8   000003f8    r-- .const
  00004da8    00004da8    00000048   00000048    r-- .cinit
20000000    20000000    00004e98   00000000    rw-
  20000000    20000000    0000026c   00000000    rw- .vtable
  2000026c    2000026c    00004a00   00000000    rw- .bss
  20004c70    20004c70    00000200   00000000    rw- .stack
  20004e70    20004e70    00000028   00000000    rw- .data


SECTION ALLOCATION MAP

 output                                  attributes/
section   page    origin      length       input sections
--------  ----  ----------  ----------   ----------------
.intvecs   0    00000000    0000026c     
                  00000000    0000026c     tm4c123gh6pm_startup_ccs.obj (.intvecs)

.text      0    0000026c    00004742     
                  0000026c    00001a2c     main.obj (.text)
                  00001c98    00000a5e     rtsv7M4_T_le_v4SPD16_eabi.lib : _printfi.c.obj (.text:__TI_printfi)
                  000026f6    00000002                                   : div0.asm.obj (.text)
                  000026f8    0000049c     uartstdio.obj (.text)
                  00002b94    00000270     rtsv7M4_T_le_v4SPD16_eabi.lib : _printfi.c.obj (.text:_pconv_a)
                  00002e04    00000248     display.obj (.text)
                  0000304c    000001d0     rtsv7M4_T_le_v4SPD16_eabi.lib : _printfi.c.obj (.text:_pconv_g)
                  0000321c    000001b6                                   : fd_add_t2.asm.obj (.text)
                  000033d2    00000002     --HOLE-- [fill = 0]
                  000033d4    0000013c                                   : _printfi.c.obj (.text:_pconv_e)
                  00003510    00000136                                   : fd_div_t2.asm.obj (.text)
                  00003646    00000132     driverlib.lib : gpio.obj (.text:GPIOPadConfigSet)
                  00003778    00000124     rtsv7M4_T_le_v4SPD16_eabi.lib : _printfi.c.obj (.text:fcvt)
                  0000389c    00000110     driverlib.lib : sysctl.obj (.text:SysCtlClockGet)
                  000039ac    00000110     rtsv7M4_T_le_v4SPD16_eabi.lib : s_scalbn.c.obj (.text:scalbn)
                  00003abc    000000fc                                   : fd_mul_t2.asm.obj (.text)
                  00003bb8    000000f4     driverlib.lib : sysctl.obj (.text:SysCtlClockSet)
                  00003cac    000000b1     rtsv7M4_T_le_v4SPD16_eabi.lib : _printfi.c.obj (.text:_ltostr)
                  00003d5d    00000001     --HOLE-- [fill = 0]
                  00003d5e    0000009c                                   : memcpy_t2.asm.obj (.text)
                  00003dfa    00000096                                   : ull_div_t2.asm.obj (.text)
                  00003e90    00000086                                   : fd_cmp_t2.asm.obj (.text:__aeabi_cdcmple)
                  00003f16    00000086                                   : fd_cmp_t2.asm.obj (.text:__aeabi_cdrcmple)
                  00003f9c    0000007a                                   : memset_t2.asm.obj (.text)
                  00004016    0000006e                                   : _printfi.c.obj (.text:_mcpy)
                  00004084    00000068     driverlib.lib : interrupt.obj (.text:IntDisable)
                  000040ec    00000068                   : interrupt.obj (.text:IntEnable)
                  00004154    00000068     rtsv7M4_T_le_v4SPD16_eabi.lib : copy_decompress_lzss.c.obj (.text:decompress:lzss:__TI_decompress_lzss)
                  000041bc    00000064                                   : s_frexp.c.obj (.text:frexp)
                  00004220    00000060     driverlib.lib : timer.obj (.text:TimerConfigure)
                  00004280    00000056     rtsv7M4_T_le_v4SPD16_eabi.lib : _printfi.c.obj (.text:_pconv_f)
                  000042d6    00000054                                   : ltoa.c.obj (.text:ltoa)
                  0000432a    00000052                                   : _printfi.c.obj (.text:_ecpy)
                  0000437c    0000004c     driverlib.lib : timer.obj (.text:_TimerIntNumberGet)
                  000043c8    0000004c     rtsv7M4_T_le_v4SPD16_eabi.lib : atoi.c.obj (.text:atoi)
                  00004414    00000048     driverlib.lib : gpio.obj (.text:GPIOPinConfigure)
                  0000445c    00000048     rtsv7M4_T_le_v4SPD16_eabi.lib : fd_toi_t2.asm.obj (.text)
                  000044a4    00000046     driverlib.lib : uart.obj (.text:UARTConfigSetExpClk)
                  000044ea    00000002     --HOLE-- [fill = 0]
                  000044ec    00000044     rtsv7M4_T_le_v4SPD16_eabi.lib : autoinit.c.obj (.text:__TI_auto_init_nobinit_nopinit:__TI_auto_init_nobinit_nopinit)
                  00004530    00000040     driverlib.lib : uart.obj (.text:_UARTIntNumberGet)
                  00004570    00000040     rtsv7M4_T_le_v4SPD16_eabi.lib : u_divt2.asm.obj (.text)
                  000045b0    00000040                                   : sprintf.c.obj (.text:sprintf)
                  000045f0    0000003e                                   : _printfi.c.obj (.text:_fcpy)
                  0000462e    00000002     --HOLE-- [fill = 0]
                  00004630    00000038     driverlib.lib : sysctl.obj (.text:SysCtlPeripheralPresent)
                  00004668    00000038     rtsv7M4_T_le_v4SPD16_eabi.lib : boot_cortex_m.c.obj (.text:_c_int00_noargs:_c_int00_noargs)
                  000046a0    00000034     driverlib.lib : interrupt.obj (.text:IntRegister)
                  000046d4    00000034                   : sysctl.obj (.text:SysCtlPeripheralEnable)
                  00004708    0000002e     rtsv7M4_T_le_v4SPD16_eabi.lib : i_tofd_t2.asm.obj (.text)
                  00004736    0000002a     driverlib.lib : gpio.obj (.text:GPIODirModeSet)
                  00004760    00000020                   : uart.obj (.text:UARTDisable)
                  00004780    0000001e     rtsv7M4_T_le_v4SPD16_eabi.lib : strcat.c.obj (.text:strcat)
                  0000479e    0000001c                                   : memccpy.c.obj (.text:memccpy)
                  000047ba    00000018     driverlib.lib : gpio.obj (.text:GPIOPinTypeGPIOOutput)
                  000047d2    00000018                   : timer.obj (.text:TimerIntRegister)
                  000047ea    00000018                   : uart.obj (.text:UARTIntRegister)
                  00004802    00000018     rtsv7M4_T_le_v4SPD16_eabi.lib : sprintf.c.obj (.text:_outs)
                  0000481a    00000016                                   : strchr.c.obj (.text:strchr)
                  00004830    00000014     driverlib.lib : systick.obj (.text:SysTickEnable)
                  00004844    00000014                   : uart.obj (.text:UARTEnable)
                  00004858    00000014     rtsv7M4_T_le_v4SPD16_eabi.lib : s_copysign.c.obj (.text:copysign)
                  0000486c    00000014                                   : strcpy.c.obj (.text:strcpy)
                  00004880    00000014                                   : strlen.c.obj (.text:strlen)
                  00004894    00000012     driverlib.lib : gpio.obj (.text:GPIOPinTypeUART)
                  000048a6    00000012                   : timer.obj (.text:TimerLoadSet)
                  000048b8    00000012     rtsv7M4_T_le_v4SPD16_eabi.lib : wcslen.c.obj (.text:wcslen)
                  000048ca    00000010     driverlib.lib : interrupt.obj (.text:IntMasterEnable)
                  000048da    00000002     --HOLE-- [fill = 0]
                  000048dc    00000010                   : systick.obj (.text:SysTickPeriodSet)
                  000048ec    0000000e                   : timer.obj (.text:TimerEnable)
                  000048fa    0000000e                   : uart.obj (.text:UARTCharsAvail)
                  00004908    0000000e     rtsv7M4_T_le_v4SPD16_eabi.lib : copy_decompress_none.c.obj (.text:decompress:none:__TI_decompress_none)
                  00004916    0000000c     driverlib.lib : cpu.obj (.text:CPUcpsie)
                  00004922    0000000c     rtsv7M4_T_le_v4SPD16_eabi.lib : copy_zero_init.c.obj (.text:decompress:ZI:__TI_zero_init)
                  0000492e    0000000c     tm4c123gh6pm_startup_ccs.obj (.text)
                  0000493a    0000000a     driverlib.lib : uart.obj (.text:UARTCharGet)
                  00004944    0000000a                   : uart.obj (.text:UARTCharPut)
                  0000494e    0000000a                   : uart.obj (.text:UARTFIFODisable)
                  00004958    0000000a                   : uart.obj (.text:UARTIntStatus)
                  00004962    0000000a     rtsv7M4_T_le_v4SPD16_eabi.lib : sprintf.c.obj (.text:_outc)
                  0000496c    00000008     driverlib.lib : timer.obj (.text:TimerIntEnable)
                  00004974    00000008                   : uart.obj (.text:UARTBusy)
                  0000497c    00000008                   : uart.obj (.text:UARTIntEnable)
                  00004984    00000008     rtsv7M4_T_le_v4SPD16_eabi.lib : errno.c.obj (.text:__aeabi_errno_addr)
                  0000498c    00000006     driverlib.lib : gpio.obj (.text:GPIOPinWrite)
                  00004992    00000006                   : sysctl.obj (.text:SysCtlDelay)
                  00004998    00000006                   : uart.obj (.text:UARTClockSourceSet)
                  0000499e    00000004                   : timer.obj (.text:TimerIntClear)
                  000049a2    00000004                   : uart.obj (.text:UARTIntClear)
                  000049a6    00000004     rtsv7M4_T_le_v4SPD16_eabi.lib : pre_init.c.obj (.text:_system_pre_init)
                  000049aa    00000004                                   : exit.c.obj (.text:abort:abort)

.const     0    000049b0    000003f8     
                  000049b0    00000101     rtsv7M4_T_le_v4SPD16_eabi.lib : ctype.c.obj (.const:.string:_ctypes_)
                  00004ab1    00000003     --HOLE-- [fill = 0]
                  00004ab4    00000090     driverlib.lib : gpio.obj (.const:g_pui32GPIOBaseAddrs)
                  00004b44    00000070                   : interrupt.obj (.const)
                  00004bb4    0000006c                   : sysctl.obj (.const:g_pui32Xtals)
                  00004c20    00000060                   : timer.obj (.const:g_ppui32TimerIntMap)
                  00004c80    00000040                   : timer.obj (.const:g_ppui32TimerIntMapSnowflake)
                  00004cc0    00000040                   : uart.obj (.const:g_ppui32UARTIntMap)
                  00004d00    00000040                   : uart.obj (.const:g_ppui32UARTIntMapSnowflake)
                  00004d40    0000001d     main.obj (.const:.string:$P$T1$2)
                  00004d5d    00000003     --HOLE-- [fill = 0]
                  00004d60    00000012     uartstdio.obj (.const:.string)
                  00004d72    0000000f     main.obj (.const:.string:$P$T2$3)
                  00004d81    00000003     --HOLE-- [fill = 0]
                  00004d84    0000000c     uartstdio.obj (.const:g_ui32UARTBase)
                  00004d90    0000000c     uartstdio.obj (.const:g_ui32UARTPeriph)
                  00004d9c    00000008     main.obj (.const:.string:$P$T0$1)
                  00004da4    00000004     uartstdio.obj (.const)

.cinit     0    00004da8    00000048     
                  00004da8    00000010     (.cinit..data.load) [load image, compression = lzss]
                  00004db8    0000000c     (__TI_handler_table)
                  00004dc4    00000004     --HOLE-- [fill = 0]
                  00004dc8    00000008     (.cinit..bss.load) [load image, compression = zero_init]
                  00004dd0    00000008     (.cinit..vtable.load) [load image, compression = zero_init]
                  00004dd8    00000018     (__TI_cinit_table)

.init_array 
*          0    00000000    00000000     UNINITIALIZED

.vtable    0    20000000    0000026c     UNINITIALIZED
                  20000000    0000026c     driverlib.lib : interrupt.obj (.vtable)

.bss       0    2000026c    00004a00     UNINITIALIZED
                  2000026c    00004800     main.obj (.bss:localDB)
                  20004a6c    00000200     main.obj (.bss:ReceivedData)

.data      0    20004e70    00000028     UNINITIALIZED
                  20004e70    0000001c     main.obj (.data)
                  20004e8c    00000005     uartstdio.obj (.data)
                  20004e91    00000003     --HOLE--
                  20004e94    00000004     rtsv7M4_T_le_v4SPD16_eabi.lib : errno.c.obj (.data)

.stack     0    20004c70    00000200     UNINITIALIZED
                  20004c70    00000004     rtsv7M4_T_le_v4SPD16_eabi.lib : boot_cortex_m.c.obj (.stack)
                  20004c74    000001fc     --HOLE--

MODULE SUMMARY

       Module                         code    ro data   rw data
       ------                         ----    -------   -------
    .\
       main.obj                       6700    52        18972  
       tm4c123gh6pm_startup_ccs.obj   12      620       0      
       display.obj                    584     0         0      
    +--+------------------------------+-------+---------+---------+
       Total:                         7296    672       18972  
                                                               
    .\utils\
       uartstdio.obj                  1180    46        5      
    +--+------------------------------+-------+---------+---------+
       Total:                         1180    46        5      
                                                               
    C:/Program Files/ti/ccs830/TivaWare_C_Series-2.1.4.178/driverlib/ccs/Debug/driverlib.lib
       interrupt.obj                  276     112       620    
       sysctl.obj                     630     108       0      
       gpio.obj                       468     144       0      
       uart.obj                       290     128       0      
       timer.obj                      240     160       0      
       systick.obj                    36      0         0      
       cpu.obj                        12      0         0      
    +--+------------------------------+-------+---------+---------+
       Total:                         1952    652       620    
                                                               
    C:\Program Files\ti\ccs830\ccsv8\tools\compiler\ti-cgt-arm_18.1.4.LTS\lib\rtsv7M4_T_le_v4SPD16_eabi.lib
       _printfi.c.obj                 4867    0         0      
       fd_add_t2.asm.obj              438     0         0      
       fd_div_t2.asm.obj              310     0         0      
       s_scalbn.c.obj                 272     0         0      
       fd_cmp_t2.asm.obj              268     0         0      
       ctype.c.obj                    0       257       0      
       fd_mul_t2.asm.obj              252     0         0      
       memcpy_t2.asm.obj              156     0         0      
       ull_div_t2.asm.obj             150     0         0      
       memset_t2.asm.obj              122     0         0      
       copy_decompress_lzss.c.obj     104     0         0      
       s_frexp.c.obj                  100     0         0      
       sprintf.c.obj                  98      0         0      
       ltoa.c.obj                     84      0         0      
       atoi.c.obj                     76      0         0      
       fd_toi_t2.asm.obj              72      0         0      
       autoinit.c.obj                 68      0         0      
       u_divt2.asm.obj                64      0         0      
       boot_cortex_m.c.obj            56      0         0      
       i_tofd_t2.asm.obj              46      0         0      
       strcat.c.obj                   30      0         0      
       memccpy.c.obj                  28      0         0      
       strchr.c.obj                   22      0         0      
       s_copysign.c.obj               20      0         0      
       strcpy.c.obj                   20      0         0      
       strlen.c.obj                   20      0         0      
       wcslen.c.obj                   18      0         0      
       copy_decompress_none.c.obj     14      0         0      
       copy_zero_init.c.obj           12      0         0      
       errno.c.obj                    8       0         4      
       exit.c.obj                     4       0         0      
       pre_init.c.obj                 4       0         0      
       div0.asm.obj                   2       0         0      
    +--+------------------------------+-------+---------+---------+
       Total:                         7805    257       4      
                                                               
       Stack:                         0       0         512    
       Linker Generated:              0       68        0      
    +--+------------------------------+-------+---------+---------+
       Grand Total:                   18233   1695      20113  


LINKER GENERATED COPY TABLES

__TI_cinit_table @ 00004dd8 records: 3, size/record: 8, table size: 24
	.data: load addr=00004da8, load size=00000010 bytes, run addr=20004e70, run size=00000028 bytes, compression=lzss
	.bss: load addr=00004dc8, load size=00000008 bytes, run addr=2000026c, run size=00004a00 bytes, compression=zero_init
	.vtable: load addr=00004dd0, load size=00000008 bytes, run addr=20000000, run size=0000026c bytes, compression=zero_init


LINKER GENERATED HANDLER TABLE

__TI_handler_table @ 00004db8 records: 3, size/record: 4, table size: 12
	index: 0, handler: __TI_zero_init
	index: 1, handler: __TI_decompress_lzss
	index: 2, handler: __TI_decompress_none


GLOBAL SYMBOLS: SORTED ALPHABETICALLY BY Name 

address   name                          
-------   ----                          
000005c9  ATesp                         
000049ab  C$$EXIT                       
00000703  CIPAPesp                      
000007d9  CIPCLOSEesp                   
00000725  CIPMUXesp                     
0000086d  CIPSENDesp                    
0000074d  CIPSERVEResp                  
000007b7  CIPSTARTesp                   
00004917  CPUcpsie                      
00000691  CWJAPesp                      
00000783  CWLIFesp                      
00000651  CWMODEesp                     
000006bf  CWQAPesp                      
000006e1  CWSAPesp                      
00004737  GPIODirModeSet                
00003647  GPIOPadConfigSet              
00004415  GPIOPinConfigure              
000047bb  GPIOPinTypeGPIOOutput         
00004895  GPIOPinTypeUART               
0000498d  GPIOPinWrite                  
0000038d  InitBToothUART                
0000034b  InitESPUART                   
0000030f  InitUART                      
00004085  IntDisable                    
000040ed  IntEnable                     
000048cb  IntMasterEnable               
000046a1  IntRegister                   
00000609  RSTesp                        
0000492f  ResetISR                      
00000405  SearchIndexOf                 
000004d5  SendATCommand                 
0000389d  SysCtlClockGet                
00003bb9  SysCtlClockSet                
00004993  SysCtlDelay                   
000046d5  SysCtlPeripheralEnable        
00004631  SysCtlPeripheralPresent       
00004831  SysTickEnable                 
000048dd  SysTickPeriodSet              
0000029f  Timer5IntHandler              
00004221  TimerConfigure                
000048ed  TimerEnable                   
0000499f  TimerIntClear                 
0000496d  TimerIntEnable                
000047d3  TimerIntRegister              
000048a7  TimerLoadSet                  
00004975  UARTBusy                      
0000493b  UARTCharGet                   
00004945  UARTCharPut                   
000048fb  UARTCharsAvail                
00004999  UARTClockSourceSet            
000044a5  UARTConfigSetExpClk           
00004761  UARTDisable                   
00004845  UARTEnable                    
0000494f  UARTFIFODisable               
000049a3  UARTIntClear                  
0000497d  UARTIntEnable                 
000047eb  UARTIntRegister               
00004959  UARTIntStatus                 
000026f9  UARTStdioConfig               
0000283f  UARTgetc                      
00002785  UARTgets                      
00002b5f  UARTprintf                    
00002865  UARTvprintf                   
0000273f  UARTwrite                     
20004e70  __STACK_END                   
00000200  __STACK_SIZE                  
20004e70  __STACK_TOP                   
00004dd8  __TI_CINIT_Base               
00004df0  __TI_CINIT_Limit              
00004db8  __TI_Handler_Table_Base       
00004dc4  __TI_Handler_Table_Limit      
000044ed  __TI_auto_init_nobinit_nopinit
00004155  __TI_decompress_lzss          
00004909  __TI_decompress_none          
ffffffff  __TI_pprof_out_hndl           
00001c99  __TI_printfi                  
ffffffff  __TI_prof_data_size           
ffffffff  __TI_prof_data_start          
00000000  __TI_static_base__            
00004923  __TI_zero_init                
00003e91  __aeabi_cdcmpeq               
00003e91  __aeabi_cdcmple               
00003f17  __aeabi_cdrcmple              
0000445d  __aeabi_d2iz                  
00003227  __aeabi_dadd                  
00003511  __aeabi_ddiv                  
00003abd  __aeabi_dmul                  
0000321d  __aeabi_dsub                  
00004985  __aeabi_errno_addr            
00004709  __aeabi_i2d                   
000026f7  __aeabi_idiv0                 
000026f7  __aeabi_ldiv0                 
00003f9d  __aeabi_memclr                
00003f9d  __aeabi_memclr4               
00003f9d  __aeabi_memclr8               
00003d5f  __aeabi_memcpy                
00003d5f  __aeabi_memcpy4               
00003d5f  __aeabi_memcpy8               
00003f9f  __aeabi_memset                
00003f9f  __aeabi_memset4               
00003f9f  __aeabi_memset8               
00004571  __aeabi_uidiv                 
00004571  __aeabi_uidivmod              
00003dfb  __aeabi_uldivmod              
ffffffff  __binit__                     
ffffffff  __c_args__                    
UNDEFED   __mpu_init                    
20004c70  __stack                       
00004669  _c_int00_noargs               
000049b0  _ctypes_                      
UNDEFED   _system_post_cinit            
000049a7  _system_pre_init              
000049ab  abort                         
000043c9  atoi                          
ffffffff  binit                         
00001105  btHandler                     
20004e7f  btStart                       
20004e7d  cMode                         
00002ed5  clearLCD                      
00000c43  closeServerByResetting        
00000f75  connectToDB                   
00004859  copysign                      
00004859  copysignl                     
00000a05  createServer                  
00002f2b  cursorOffLCD                  
00002f1f  cursorOnLCD                   
00000fb3  dcFromDB                      
0000026d  delayMs                       
20004e84  delayTime                     
00000287  delayUs                       
00002f37  displayOffLCD                 
00002f43  displayOnLCD                  
20004e94  errno                         
000004ad  flushUART                     
000041bd  frexp                         
000041bd  frexpl                        
20000000  g_pfnRAMVectors               
00000000  g_pfnVectors                  
00000d0d  getData                       
00002ef5  homeLCD                       
00002f4f  initLCD                       
20004e7c  isConnection                  
20004e80  isDelayed                     
00000f39  isESPworks                    
000039ad  ldexp                         
000039ad  ldexpl                        
000042d7  ltoa                          
00001361  main                          
0000479f  memccpy                       
00003d5f  memcpy                        
00003fa5  memset                        
00000309  millis                        
00000fbf  postToDB                      
0000301d  printLCD                      
00002e05  pulseLCD                      
00000591  recvFind                      
00000519  recvString                    
00000fe7  restartTIVA                   
000039ad  scalbn                        
000039ad  scalbnl                       
00002e55  sendByte                      
20004e7e  sendTime                      
0000103b  sendToBT                      
00002f07  setBlockCursorLCD             
00002e39  setCmd                        
00002e95  setCursorPositionLCD          
00002e47  setData                       
00002f13  setLineCursorLCD              
00000bc1  setLocalMode                  
00000ab7  setOnlineMode                 
00000fd3  setSystem                     
000045b1  sprintf                       
00004781  strcat                        
0000481b  strchr                        
0000486d  strcpy                        
00004881  strlen                        
000002b3  timerInit                     
000048b9  wcslen                        


GLOBAL SYMBOLS: SORTED BY Symbol Address 

address   name                          
-------   ----                          
00000000  __TI_static_base__            
00000000  g_pfnVectors                  
00000200  __STACK_SIZE                  
0000026d  delayMs                       
00000287  delayUs                       
0000029f  Timer5IntHandler              
000002b3  timerInit                     
00000309  millis                        
0000030f  InitUART                      
0000034b  InitESPUART                   
0000038d  InitBToothUART                
00000405  SearchIndexOf                 
000004ad  flushUART                     
000004d5  SendATCommand                 
00000519  recvString                    
00000591  recvFind                      
000005c9  ATesp                         
00000609  RSTesp                        
00000651  CWMODEesp                     
00000691  CWJAPesp                      
000006bf  CWQAPesp                      
000006e1  CWSAPesp                      
00000703  CIPAPesp                      
00000725  CIPMUXesp                     
0000074d  CIPSERVEResp                  
00000783  CWLIFesp                      
000007b7  CIPSTARTesp                   
000007d9  CIPCLOSEesp                   
0000086d  CIPSENDesp                    
00000a05  createServer                  
00000ab7  setOnlineMode                 
00000bc1  setLocalMode                  
00000c43  closeServerByResetting        
00000d0d  getData                       
00000f39  isESPworks                    
00000f75  connectToDB                   
00000fb3  dcFromDB                      
00000fbf  postToDB                      
00000fd3  setSystem                     
00000fe7  restartTIVA                   
0000103b  sendToBT                      
00001105  btHandler                     
00001361  main                          
00001c99  __TI_printfi                  
000026f7  __aeabi_idiv0                 
000026f7  __aeabi_ldiv0                 
000026f9  UARTStdioConfig               
0000273f  UARTwrite                     
00002785  UARTgets                      
0000283f  UARTgetc                      
00002865  UARTvprintf                   
00002b5f  UARTprintf                    
00002e05  pulseLCD                      
00002e39  setCmd                        
00002e47  setData                       
00002e55  sendByte                      
00002e95  setCursorPositionLCD          
00002ed5  clearLCD                      
00002ef5  homeLCD                       
00002f07  setBlockCursorLCD             
00002f13  setLineCursorLCD              
00002f1f  cursorOnLCD                   
00002f2b  cursorOffLCD                  
00002f37  displayOffLCD                 
00002f43  displayOnLCD                  
00002f4f  initLCD                       
0000301d  printLCD                      
0000321d  __aeabi_dsub                  
00003227  __aeabi_dadd                  
00003511  __aeabi_ddiv                  
00003647  GPIOPadConfigSet              
0000389d  SysCtlClockGet                
000039ad  ldexp                         
000039ad  ldexpl                        
000039ad  scalbn                        
000039ad  scalbnl                       
00003abd  __aeabi_dmul                  
00003bb9  SysCtlClockSet                
00003d5f  __aeabi_memcpy                
00003d5f  __aeabi_memcpy4               
00003d5f  __aeabi_memcpy8               
00003d5f  memcpy                        
00003dfb  __aeabi_uldivmod              
00003e91  __aeabi_cdcmpeq               
00003e91  __aeabi_cdcmple               
00003f17  __aeabi_cdrcmple              
00003f9d  __aeabi_memclr                
00003f9d  __aeabi_memclr4               
00003f9d  __aeabi_memclr8               
00003f9f  __aeabi_memset                
00003f9f  __aeabi_memset4               
00003f9f  __aeabi_memset8               
00003fa5  memset                        
00004085  IntDisable                    
000040ed  IntEnable                     
00004155  __TI_decompress_lzss          
000041bd  frexp                         
000041bd  frexpl                        
00004221  TimerConfigure                
000042d7  ltoa                          
000043c9  atoi                          
00004415  GPIOPinConfigure              
0000445d  __aeabi_d2iz                  
000044a5  UARTConfigSetExpClk           
000044ed  __TI_auto_init_nobinit_nopinit
00004571  __aeabi_uidiv                 
00004571  __aeabi_uidivmod              
000045b1  sprintf                       
00004631  SysCtlPeripheralPresent       
00004669  _c_int00_noargs               
000046a1  IntRegister                   
000046d5  SysCtlPeripheralEnable        
00004709  __aeabi_i2d                   
00004737  GPIODirModeSet                
00004761  UARTDisable                   
00004781  strcat                        
0000479f  memccpy                       
000047bb  GPIOPinTypeGPIOOutput         
000047d3  TimerIntRegister              
000047eb  UARTIntRegister               
0000481b  strchr                        
00004831  SysTickEnable                 
00004845  UARTEnable                    
00004859  copysign                      
00004859  copysignl                     
0000486d  strcpy                        
00004881  strlen                        
00004895  GPIOPinTypeUART               
000048a7  TimerLoadSet                  
000048b9  wcslen                        
000048cb  IntMasterEnable               
000048dd  SysTickPeriodSet              
000048ed  TimerEnable                   
000048fb  UARTCharsAvail                
00004909  __TI_decompress_none          
00004917  CPUcpsie                      
00004923  __TI_zero_init                
0000492f  ResetISR                      
0000493b  UARTCharGet                   
00004945  UARTCharPut                   
0000494f  UARTFIFODisable               
00004959  UARTIntStatus                 
0000496d  TimerIntEnable                
00004975  UARTBusy                      
0000497d  UARTIntEnable                 
00004985  __aeabi_errno_addr            
0000498d  GPIOPinWrite                  
00004993  SysCtlDelay                   
00004999  UARTClockSourceSet            
0000499f  TimerIntClear                 
000049a3  UARTIntClear                  
000049a7  _system_pre_init              
000049ab  C$$EXIT                       
000049ab  abort                         
000049b0  _ctypes_                      
00004db8  __TI_Handler_Table_Base       
00004dc4  __TI_Handler_Table_Limit      
00004dd8  __TI_CINIT_Base               
00004df0  __TI_CINIT_Limit              
20000000  g_pfnRAMVectors               
20004c70  __stack                       
20004e70  __STACK_END                   
20004e70  __STACK_TOP                   
20004e7c  isConnection                  
20004e7d  cMode                         
20004e7e  sendTime                      
20004e7f  btStart                       
20004e80  isDelayed                     
20004e84  delayTime                     
20004e94  errno                         
ffffffff  __TI_pprof_out_hndl           
ffffffff  __TI_prof_data_size           
ffffffff  __TI_prof_data_start          
ffffffff  __binit__                     
ffffffff  __c_args__                    
ffffffff  binit                         
UNDEFED   __mpu_init                    
UNDEFED   _system_post_cinit            

[178 symbols]
