******************************************************************************
                  TI ARM Linker PC v18.1.4                     
******************************************************************************
>> Linked Wed May 29 20:34:46 2019

OUTPUT FILE NAME:   <rgb.out>
ENTRY POINT SYMBOL: "_c_int00_noargs"  address: 00004485


MEMORY CONFIGURATION

         name            origin    length      used     unused   attr    fill
----------------------  --------  ---------  --------  --------  ----  --------
  FLASH                 00000000   00040000  00004c02  0003b3fe  R  X
  SRAM                  20000000   00008000  00004e90  00003170  RW X


SEGMENT ALLOCATION MAP

run origin  load origin   length   init length attrs members
----------  ----------- ---------- ----------- ----- -------
00000000    00000000    00004c08   00004c08    r-x
  00000000    00000000    0000026c   0000026c    r-- .intvecs
  0000026c    0000026c    0000455e   0000455e    r-x .text
  000047cc    000047cc    000003f8   000003f8    r-- .const
  00004bc8    00004bc8    00000040   00000040    r-- .cinit
20000000    20000000    00004e94   00000000    rw-
  20000000    20000000    0000026c   00000000    rw- .vtable
  2000026c    2000026c    00004a00   00000000    rw- .bss
  20004c70    20004c70    00000200   00000000    rw- .stack
  20004e70    20004e70    00000024   00000000    rw- .data


SECTION ALLOCATION MAP

 output                                  attributes/
section   page    origin      length       input sections
--------  ----  ----------  ----------   ----------------
.intvecs   0    00000000    0000026c     
                  00000000    0000026c     tm4c123gh6pm_startup_ccs.obj (.intvecs)

.text      0    0000026c    0000455e     
                  0000026c    00001848     main.obj (.text)
                  00001ab4    00000a5e     rtsv7M4_T_le_v4SPD16_eabi.lib : _printfi.c.obj (.text:__TI_printfi)
                  00002512    00000002                                   : div0.asm.obj (.text)
                  00002514    0000049c     uartstdio.obj (.text)
                  000029b0    00000270     rtsv7M4_T_le_v4SPD16_eabi.lib : _printfi.c.obj (.text:_pconv_a)
                  00002c20    00000248     display.obj (.text)
                  00002e68    000001d0     rtsv7M4_T_le_v4SPD16_eabi.lib : _printfi.c.obj (.text:_pconv_g)
                  00003038    000001b6                                   : fd_add_t2.asm.obj (.text)
                  000031ee    00000002     --HOLE-- [fill = 0]
                  000031f0    0000013c                                   : _printfi.c.obj (.text:_pconv_e)
                  0000332c    00000136                                   : fd_div_t2.asm.obj (.text)
                  00003462    00000132     driverlib.lib : gpio.obj (.text:GPIOPadConfigSet)
                  00003594    00000124     rtsv7M4_T_le_v4SPD16_eabi.lib : _printfi.c.obj (.text:fcvt)
                  000036b8    00000110     driverlib.lib : sysctl.obj (.text:SysCtlClockGet)
                  000037c8    00000110     rtsv7M4_T_le_v4SPD16_eabi.lib : s_scalbn.c.obj (.text:scalbn)
                  000038d8    000000fc                                   : fd_mul_t2.asm.obj (.text)
                  000039d4    000000f4     driverlib.lib : sysctl.obj (.text:SysCtlClockSet)
                  00003ac8    000000b1     rtsv7M4_T_le_v4SPD16_eabi.lib : _printfi.c.obj (.text:_ltostr)
                  00003b79    00000001     --HOLE-- [fill = 0]
                  00003b7a    0000009c                                   : memcpy_t2.asm.obj (.text)
                  00003c16    00000096                                   : ull_div_t2.asm.obj (.text)
                  00003cac    00000086                                   : fd_cmp_t2.asm.obj (.text:__aeabi_cdcmple)
                  00003d32    00000086                                   : fd_cmp_t2.asm.obj (.text:__aeabi_cdrcmple)
                  00003db8    0000007a                                   : memset_t2.asm.obj (.text)
                  00003e32    0000006e                                   : _printfi.c.obj (.text:_mcpy)
                  00003ea0    00000068     driverlib.lib : interrupt.obj (.text:IntDisable)
                  00003f08    00000068                   : interrupt.obj (.text:IntEnable)
                  00003f70    00000068     rtsv7M4_T_le_v4SPD16_eabi.lib : copy_decompress_lzss.c.obj (.text:decompress:lzss:__TI_decompress_lzss)
                  00003fd8    00000064                                   : s_frexp.c.obj (.text:frexp)
                  0000403c    00000060     driverlib.lib : timer.obj (.text:TimerConfigure)
                  0000409c    00000056     rtsv7M4_T_le_v4SPD16_eabi.lib : _printfi.c.obj (.text:_pconv_f)
                  000040f2    00000054                                   : ltoa.c.obj (.text:ltoa)
                  00004146    00000052                                   : _printfi.c.obj (.text:_ecpy)
                  00004198    0000004c     driverlib.lib : timer.obj (.text:_TimerIntNumberGet)
                  000041e4    0000004c     rtsv7M4_T_le_v4SPD16_eabi.lib : atoi.c.obj (.text:atoi)
                  00004230    00000048     driverlib.lib : gpio.obj (.text:GPIOPinConfigure)
                  00004278    00000048     rtsv7M4_T_le_v4SPD16_eabi.lib : fd_toi_t2.asm.obj (.text)
                  000042c0    00000046     driverlib.lib : uart.obj (.text:UARTConfigSetExpClk)
                  00004306    00000002     --HOLE-- [fill = 0]
                  00004308    00000044     rtsv7M4_T_le_v4SPD16_eabi.lib : autoinit.c.obj (.text:__TI_auto_init_nobinit_nopinit:__TI_auto_init_nobinit_nopinit)
                  0000434c    00000040     driverlib.lib : uart.obj (.text:_UARTIntNumberGet)
                  0000438c    00000040     rtsv7M4_T_le_v4SPD16_eabi.lib : u_divt2.asm.obj (.text)
                  000043cc    00000040                                   : sprintf.c.obj (.text:sprintf)
                  0000440c    0000003e                                   : _printfi.c.obj (.text:_fcpy)
                  0000444a    00000002     --HOLE-- [fill = 0]
                  0000444c    00000038     driverlib.lib : sysctl.obj (.text:SysCtlPeripheralPresent)
                  00004484    00000038     rtsv7M4_T_le_v4SPD16_eabi.lib : boot_cortex_m.c.obj (.text:_c_int00_noargs:_c_int00_noargs)
                  000044bc    00000034     driverlib.lib : interrupt.obj (.text:IntRegister)
                  000044f0    00000034                   : sysctl.obj (.text:SysCtlPeripheralEnable)
                  00004524    0000002e     rtsv7M4_T_le_v4SPD16_eabi.lib : i_tofd_t2.asm.obj (.text)
                  00004552    0000002a     driverlib.lib : gpio.obj (.text:GPIODirModeSet)
                  0000457c    00000020                   : uart.obj (.text:UARTDisable)
                  0000459c    0000001e     rtsv7M4_T_le_v4SPD16_eabi.lib : strcat.c.obj (.text:strcat)
                  000045ba    0000001c                                   : memccpy.c.obj (.text:memccpy)
                  000045d6    00000018     driverlib.lib : gpio.obj (.text:GPIOPinTypeGPIOOutput)
                  000045ee    00000018                   : timer.obj (.text:TimerIntRegister)
                  00004606    00000018                   : uart.obj (.text:UARTIntRegister)
                  0000461e    00000018     rtsv7M4_T_le_v4SPD16_eabi.lib : sprintf.c.obj (.text:_outs)
                  00004636    00000016                                   : strchr.c.obj (.text:strchr)
                  0000464c    00000014     driverlib.lib : systick.obj (.text:SysTickEnable)
                  00004660    00000014                   : uart.obj (.text:UARTEnable)
                  00004674    00000014     rtsv7M4_T_le_v4SPD16_eabi.lib : s_copysign.c.obj (.text:copysign)
                  00004688    00000014                                   : strcpy.c.obj (.text:strcpy)
                  0000469c    00000014                                   : strlen.c.obj (.text:strlen)
                  000046b0    00000012     driverlib.lib : gpio.obj (.text:GPIOPinTypeUART)
                  000046c2    00000012                   : timer.obj (.text:TimerLoadSet)
                  000046d4    00000012     rtsv7M4_T_le_v4SPD16_eabi.lib : wcslen.c.obj (.text:wcslen)
                  000046e6    00000010     driverlib.lib : interrupt.obj (.text:IntMasterEnable)
                  000046f6    00000002     --HOLE-- [fill = 0]
                  000046f8    00000010                   : systick.obj (.text:SysTickPeriodSet)
                  00004708    0000000e                   : timer.obj (.text:TimerEnable)
                  00004716    0000000e                   : uart.obj (.text:UARTCharsAvail)
                  00004724    0000000e     rtsv7M4_T_le_v4SPD16_eabi.lib : copy_decompress_none.c.obj (.text:decompress:none:__TI_decompress_none)
                  00004732    0000000c     driverlib.lib : cpu.obj (.text:CPUcpsie)
                  0000473e    0000000c     rtsv7M4_T_le_v4SPD16_eabi.lib : copy_zero_init.c.obj (.text:decompress:ZI:__TI_zero_init)
                  0000474a    0000000c     tm4c123gh6pm_startup_ccs.obj (.text)
                  00004756    0000000a     driverlib.lib : uart.obj (.text:UARTCharGet)
                  00004760    0000000a                   : uart.obj (.text:UARTCharPut)
                  0000476a    0000000a                   : uart.obj (.text:UARTFIFODisable)
                  00004774    0000000a                   : uart.obj (.text:UARTIntStatus)
                  0000477e    0000000a     rtsv7M4_T_le_v4SPD16_eabi.lib : sprintf.c.obj (.text:_outc)
                  00004788    00000008     driverlib.lib : timer.obj (.text:TimerIntEnable)
                  00004790    00000008                   : uart.obj (.text:UARTBusy)
                  00004798    00000008                   : uart.obj (.text:UARTIntEnable)
                  000047a0    00000008     rtsv7M4_T_le_v4SPD16_eabi.lib : errno.c.obj (.text:__aeabi_errno_addr)
                  000047a8    00000006     driverlib.lib : gpio.obj (.text:GPIOPinWrite)
                  000047ae    00000006                   : sysctl.obj (.text:SysCtlDelay)
                  000047b4    00000006                   : uart.obj (.text:UARTClockSourceSet)
                  000047ba    00000004                   : timer.obj (.text:TimerIntClear)
                  000047be    00000004                   : uart.obj (.text:UARTIntClear)
                  000047c2    00000004     rtsv7M4_T_le_v4SPD16_eabi.lib : pre_init.c.obj (.text:_system_pre_init)
                  000047c6    00000004                                   : exit.c.obj (.text:abort:abort)

.const     0    000047cc    000003f8     
                  000047cc    00000101     rtsv7M4_T_le_v4SPD16_eabi.lib : ctype.c.obj (.const:.string:_ctypes_)
                  000048cd    00000003     --HOLE-- [fill = 0]
                  000048d0    00000090     driverlib.lib : gpio.obj (.const:g_pui32GPIOBaseAddrs)
                  00004960    00000070                   : interrupt.obj (.const)
                  000049d0    0000006c                   : sysctl.obj (.const:g_pui32Xtals)
                  00004a3c    00000060                   : timer.obj (.const:g_ppui32TimerIntMap)
                  00004a9c    00000040                   : timer.obj (.const:g_ppui32TimerIntMapSnowflake)
                  00004adc    00000040                   : uart.obj (.const:g_ppui32UARTIntMap)
                  00004b1c    00000040                   : uart.obj (.const:g_ppui32UARTIntMapSnowflake)
                  00004b5c    0000001d     main.obj (.const:.string:$P$T1$2)
                  00004b79    00000003     --HOLE-- [fill = 0]
                  00004b7c    00000012     uartstdio.obj (.const:.string)
                  00004b8e    0000000f     main.obj (.const:.string:$P$T2$3)
                  00004b9d    00000003     --HOLE-- [fill = 0]
                  00004ba0    0000000c     uartstdio.obj (.const:g_ui32UARTBase)
                  00004bac    0000000c     uartstdio.obj (.const:g_ui32UARTPeriph)
                  00004bb8    00000008     main.obj (.const:.string:$P$T0$1)
                  00004bc0    00000004     uartstdio.obj (.const)

.cinit     0    00004bc8    00000040     
                  00004bc8    0000000c     (__TI_handler_table)
                  00004bd4    0000000b     (.cinit..data.load) [load image, compression = lzss]
                  00004bdf    00000001     --HOLE-- [fill = 0]
                  00004be0    00000008     (.cinit..bss.load) [load image, compression = zero_init]
                  00004be8    00000008     (.cinit..vtable.load) [load image, compression = zero_init]
                  00004bf0    00000018     (__TI_cinit_table)

.init_array 
*          0    00000000    00000000     UNINITIALIZED

.vtable    0    20000000    0000026c     UNINITIALIZED
                  20000000    0000026c     driverlib.lib : interrupt.obj (.vtable)

.bss       0    2000026c    00004a00     UNINITIALIZED
                  2000026c    00004800     main.obj (.bss:localDB)
                  20004a6c    00000200     main.obj (.bss:ReceivedData)

.data      0    20004e70    00000024     UNINITIALIZED
                  20004e70    00000018     main.obj (.data)
                  20004e88    00000005     uartstdio.obj (.data)
                  20004e8d    00000003     --HOLE--
                  20004e90    00000004     rtsv7M4_T_le_v4SPD16_eabi.lib : errno.c.obj (.data)

.stack     0    20004c70    00000200     UNINITIALIZED
                  20004c70    00000004     rtsv7M4_T_le_v4SPD16_eabi.lib : boot_cortex_m.c.obj (.stack)
                  20004c74    000001fc     --HOLE--

MODULE SUMMARY

       Module                         code    ro data   rw data
       ------                         ----    -------   -------
    .\
       main.obj                       6216    52        18968  
       tm4c123gh6pm_startup_ccs.obj   12      620       0      
       display.obj                    584     0         0      
    +--+------------------------------+-------+---------+---------+
       Total:                         6812    672       18968  
                                                               
    .\utils\
       uartstdio.obj                  1180    46        5      
    +--+------------------------------+-------+---------+---------+
       Total:                         1180    46        5      
                                                               
    C:/Program Files/ti/ccs830/TivaWare_C_Series-2.1.4.178/driverlib/ccs/Debug/driverlib.lib
       interrupt.obj                  276     112       620    
       sysctl.obj                     630     108       0      
       gpio.obj                       468     144       0      
       uart.obj                       290     128       0      
       timer.obj                      240     160       0      
       systick.obj                    36      0         0      
       cpu.obj                        12      0         0      
    +--+------------------------------+-------+---------+---------+
       Total:                         1952    652       620    
                                                               
    C:\Program Files\ti\ccs830\ccsv8\tools\compiler\ti-cgt-arm_18.1.4.LTS\lib\rtsv7M4_T_le_v4SPD16_eabi.lib
       _printfi.c.obj                 4867    0         0      
       fd_add_t2.asm.obj              438     0         0      
       fd_div_t2.asm.obj              310     0         0      
       s_scalbn.c.obj                 272     0         0      
       fd_cmp_t2.asm.obj              268     0         0      
       ctype.c.obj                    0       257       0      
       fd_mul_t2.asm.obj              252     0         0      
       memcpy_t2.asm.obj              156     0         0      
       ull_div_t2.asm.obj             150     0         0      
       memset_t2.asm.obj              122     0         0      
       copy_decompress_lzss.c.obj     104     0         0      
       s_frexp.c.obj                  100     0         0      
       sprintf.c.obj                  98      0         0      
       ltoa.c.obj                     84      0         0      
       atoi.c.obj                     76      0         0      
       fd_toi_t2.asm.obj              72      0         0      
       autoinit.c.obj                 68      0         0      
       u_divt2.asm.obj                64      0         0      
       boot_cortex_m.c.obj            56      0         0      
       i_tofd_t2.asm.obj              46      0         0      
       strcat.c.obj                   30      0         0      
       memccpy.c.obj                  28      0         0      
       strchr.c.obj                   22      0         0      
       s_copysign.c.obj               20      0         0      
       strcpy.c.obj                   20      0         0      
       strlen.c.obj                   20      0         0      
       wcslen.c.obj                   18      0         0      
       copy_decompress_none.c.obj     14      0         0      
       copy_zero_init.c.obj           12      0         0      
       errno.c.obj                    8       0         4      
       exit.c.obj                     4       0         0      
       pre_init.c.obj                 4       0         0      
       div0.asm.obj                   2       0         0      
    +--+------------------------------+-------+---------+---------+
       Total:                         7805    257       4      
                                                               
       Stack:                         0       0         512    
       Linker Generated:              0       63        0      
    +--+------------------------------+-------+---------+---------+
       Grand Total:                   17749   1690      20109  


LINKER GENERATED COPY TABLES

__TI_cinit_table @ 00004bf0 records: 3, size/record: 8, table size: 24
	.data: load addr=00004bd4, load size=0000000b bytes, run addr=20004e70, run size=00000024 bytes, compression=lzss
	.bss: load addr=00004be0, load size=00000008 bytes, run addr=2000026c, run size=00004a00 bytes, compression=zero_init
	.vtable: load addr=00004be8, load size=00000008 bytes, run addr=20000000, run size=0000026c bytes, compression=zero_init


LINKER GENERATED HANDLER TABLE

__TI_handler_table @ 00004bc8 records: 3, size/record: 4, table size: 12
	index: 0, handler: __TI_zero_init
	index: 1, handler: __TI_decompress_lzss
	index: 2, handler: __TI_decompress_none


GLOBAL SYMBOLS: SORTED ALPHABETICALLY BY Name 

address   name                          
-------   ----                          
000005c9  ATesp                         
000047c7  C$$EXIT                       
00000703  CIPAPesp                      
000007d9  CIPCLOSEesp                   
00000725  CIPMUXesp                     
0000086d  CIPSENDesp                    
0000074d  CIPSERVEResp                  
000007b7  CIPSTARTesp                   
00004733  CPUcpsie                      
00000691  CWJAPesp                      
00000783  CWLIFesp                      
00000651  CWMODEesp                     
000006bf  CWQAPesp                      
000006e1  CWSAPesp                      
00004553  GPIODirModeSet                
00003463  GPIOPadConfigSet              
00004231  GPIOPinConfigure              
000045d7  GPIOPinTypeGPIOOutput         
000046b1  GPIOPinTypeUART               
000047a9  GPIOPinWrite                  
0000038d  InitBToothUART                
0000034b  InitESPUART                   
0000030f  InitUART                      
00003ea1  IntDisable                    
00003f09  IntEnable                     
000046e7  IntMasterEnable               
000044bd  IntRegister                   
00000609  RSTesp                        
0000474b  ResetISR                      
00000405  SearchIndexOf                 
000004d5  SendATCommand                 
000036b9  SysCtlClockGet                
000039d5  SysCtlClockSet                
000047af  SysCtlDelay                   
000044f1  SysCtlPeripheralEnable        
0000444d  SysCtlPeripheralPresent       
0000464d  SysTickEnable                 
000046f9  SysTickPeriodSet              
0000029f  Timer5IntHandler              
0000403d  TimerConfigure                
00004709  TimerEnable                   
000047bb  TimerIntClear                 
00004789  TimerIntEnable                
000045ef  TimerIntRegister              
000046c3  TimerLoadSet                  
00004791  UARTBusy                      
00004757  UARTCharGet                   
00004761  UARTCharPut                   
00004717  UARTCharsAvail                
000047b5  UARTClockSourceSet            
000042c1  UARTConfigSetExpClk           
0000457d  UARTDisable                   
00004661  UARTEnable                    
0000476b  UARTFIFODisable               
000047bf  UARTIntClear                  
00004799  UARTIntEnable                 
00004607  UARTIntRegister               
00004775  UARTIntStatus                 
00002515  UARTStdioConfig               
0000265b  UARTgetc                      
000025a1  UARTgets                      
0000297b  UARTprintf                    
00002681  UARTvprintf                   
0000255b  UARTwrite                     
20004e70  __STACK_END                   
00000200  __STACK_SIZE                  
20004e70  __STACK_TOP                   
00004bf0  __TI_CINIT_Base               
00004c08  __TI_CINIT_Limit              
00004bc8  __TI_Handler_Table_Base       
00004bd4  __TI_Handler_Table_Limit      
00004309  __TI_auto_init_nobinit_nopinit
00003f71  __TI_decompress_lzss          
00004725  __TI_decompress_none          
ffffffff  __TI_pprof_out_hndl           
00001ab5  __TI_printfi                  
ffffffff  __TI_prof_data_size           
ffffffff  __TI_prof_data_start          
00000000  __TI_static_base__            
0000473f  __TI_zero_init                
00003cad  __aeabi_cdcmpeq               
00003cad  __aeabi_cdcmple               
00003d33  __aeabi_cdrcmple              
00004279  __aeabi_d2iz                  
00003043  __aeabi_dadd                  
0000332d  __aeabi_ddiv                  
000038d9  __aeabi_dmul                  
00003039  __aeabi_dsub                  
000047a1  __aeabi_errno_addr            
00004525  __aeabi_i2d                   
00002513  __aeabi_idiv0                 
00002513  __aeabi_ldiv0                 
00003db9  __aeabi_memclr                
00003db9  __aeabi_memclr4               
00003db9  __aeabi_memclr8               
00003b7b  __aeabi_memcpy                
00003b7b  __aeabi_memcpy4               
00003b7b  __aeabi_memcpy8               
00003dbb  __aeabi_memset                
00003dbb  __aeabi_memset4               
00003dbb  __aeabi_memset8               
0000438d  __aeabi_uidiv                 
0000438d  __aeabi_uidivmod              
00003c17  __aeabi_uldivmod              
ffffffff  __binit__                     
ffffffff  __c_args__                    
UNDEFED   __mpu_init                    
20004c70  __stack                       
00004485  _c_int00_noargs               
000047cc  _ctypes_                      
UNDEFED   _system_post_cinit            
000047c3  _system_pre_init              
000047c7  abort                         
000041e5  atoi                          
ffffffff  binit                         
00001105  btHandler                     
20004e83  btStart                       
20004e81  cMode                         
00002cf1  clearLCD                      
00000c3f  closeServerByResetting        
00000f75  connectToDB                   
00004675  copysign                      
00004675  copysignl                     
000009fd  createServer                  
00002d47  cursorOffLCD                  
00002d3b  cursorOnLCD                   
00000fb3  dcFromDB                      
20004e84  delTime                       
0000026d  delayMs                       
00000287  delayUs                       
00002d53  displayOffLCD                 
00002d5f  displayOnLCD                  
20004e90  errno                         
000004ad  flushUART                     
00003fd9  frexp                         
00003fd9  frexpl                        
20000000  g_pfnRAMVectors               
00000000  g_pfnVectors                  
00000d0d  getData                       
00002d11  homeLCD                       
00002d6b  initLCD                       
20004e80  isConnection                  
00000f39  isESPworks                    
000037c9  ldexp                         
000037c9  ldexpl                        
000040f3  ltoa                          
00001349  main                          
000045bb  memccpy                       
00003b7b  memcpy                        
00003dc1  memset                        
00000309  millis                        
00000fbf  postToDB                      
00002e39  printLCD                      
00002c21  pulseLCD                      
00000591  recvFind                      
00000519  recvString                    
00000fd3  restartTIVA                   
000037c9  scalbn                        
000037c9  scalbnl                       
00002c71  sendByte                      
20004e82  sendTime                      
0000103b  sendToBT                      
00002d23  setBlockCursorLCD             
00002c55  setCmd                        
00002cb1  setCursorPositionLCD          
00002c63  setData                       
00002d2f  setLineCursorLCD              
00000bb9  setLocalMode                  
00000aaf  setOnlineMode                 
00000fdb  setSystem                     
000043cd  sprintf                       
0000459d  strcat                        
00004637  strchr                        
00004689  strcpy                        
0000469d  strlen                        
000002b3  timerInit                     
000046d5  wcslen                        


GLOBAL SYMBOLS: SORTED BY Symbol Address 

address   name                          
-------   ----                          
00000000  __TI_static_base__            
00000000  g_pfnVectors                  
00000200  __STACK_SIZE                  
0000026d  delayMs                       
00000287  delayUs                       
0000029f  Timer5IntHandler              
000002b3  timerInit                     
00000309  millis                        
0000030f  InitUART                      
0000034b  InitESPUART                   
0000038d  InitBToothUART                
00000405  SearchIndexOf                 
000004ad  flushUART                     
000004d5  SendATCommand                 
00000519  recvString                    
00000591  recvFind                      
000005c9  ATesp                         
00000609  RSTesp                        
00000651  CWMODEesp                     
00000691  CWJAPesp                      
000006bf  CWQAPesp                      
000006e1  CWSAPesp                      
00000703  CIPAPesp                      
00000725  CIPMUXesp                     
0000074d  CIPSERVEResp                  
00000783  CWLIFesp                      
000007b7  CIPSTARTesp                   
000007d9  CIPCLOSEesp                   
0000086d  CIPSENDesp                    
000009fd  createServer                  
00000aaf  setOnlineMode                 
00000bb9  setLocalMode                  
00000c3f  closeServerByResetting        
00000d0d  getData                       
00000f39  isESPworks                    
00000f75  connectToDB                   
00000fb3  dcFromDB                      
00000fbf  postToDB                      
00000fd3  restartTIVA                   
00000fdb  setSystem                     
0000103b  sendToBT                      
00001105  btHandler                     
00001349  main                          
00001ab5  __TI_printfi                  
00002513  __aeabi_idiv0                 
00002513  __aeabi_ldiv0                 
00002515  UARTStdioConfig               
0000255b  UARTwrite                     
000025a1  UARTgets                      
0000265b  UARTgetc                      
00002681  UARTvprintf                   
0000297b  UARTprintf                    
00002c21  pulseLCD                      
00002c55  setCmd                        
00002c63  setData                       
00002c71  sendByte                      
00002cb1  setCursorPositionLCD          
00002cf1  clearLCD                      
00002d11  homeLCD                       
00002d23  setBlockCursorLCD             
00002d2f  setLineCursorLCD              
00002d3b  cursorOnLCD                   
00002d47  cursorOffLCD                  
00002d53  displayOffLCD                 
00002d5f  displayOnLCD                  
00002d6b  initLCD                       
00002e39  printLCD                      
00003039  __aeabi_dsub                  
00003043  __aeabi_dadd                  
0000332d  __aeabi_ddiv                  
00003463  GPIOPadConfigSet              
000036b9  SysCtlClockGet                
000037c9  ldexp                         
000037c9  ldexpl                        
000037c9  scalbn                        
000037c9  scalbnl                       
000038d9  __aeabi_dmul                  
000039d5  SysCtlClockSet                
00003b7b  __aeabi_memcpy                
00003b7b  __aeabi_memcpy4               
00003b7b  __aeabi_memcpy8               
00003b7b  memcpy                        
00003c17  __aeabi_uldivmod              
00003cad  __aeabi_cdcmpeq               
00003cad  __aeabi_cdcmple               
00003d33  __aeabi_cdrcmple              
00003db9  __aeabi_memclr                
00003db9  __aeabi_memclr4               
00003db9  __aeabi_memclr8               
00003dbb  __aeabi_memset                
00003dbb  __aeabi_memset4               
00003dbb  __aeabi_memset8               
00003dc1  memset                        
00003ea1  IntDisable                    
00003f09  IntEnable                     
00003f71  __TI_decompress_lzss          
00003fd9  frexp                         
00003fd9  frexpl                        
0000403d  TimerConfigure                
000040f3  ltoa                          
000041e5  atoi                          
00004231  GPIOPinConfigure              
00004279  __aeabi_d2iz                  
000042c1  UARTConfigSetExpClk           
00004309  __TI_auto_init_nobinit_nopinit
0000438d  __aeabi_uidiv                 
0000438d  __aeabi_uidivmod              
000043cd  sprintf                       
0000444d  SysCtlPeripheralPresent       
00004485  _c_int00_noargs               
000044bd  IntRegister                   
000044f1  SysCtlPeripheralEnable        
00004525  __aeabi_i2d                   
00004553  GPIODirModeSet                
0000457d  UARTDisable                   
0000459d  strcat                        
000045bb  memccpy                       
000045d7  GPIOPinTypeGPIOOutput         
000045ef  TimerIntRegister              
00004607  UARTIntRegister               
00004637  strchr                        
0000464d  SysTickEnable                 
00004661  UARTEnable                    
00004675  copysign                      
00004675  copysignl                     
00004689  strcpy                        
0000469d  strlen                        
000046b1  GPIOPinTypeUART               
000046c3  TimerLoadSet                  
000046d5  wcslen                        
000046e7  IntMasterEnable               
000046f9  SysTickPeriodSet              
00004709  TimerEnable                   
00004717  UARTCharsAvail                
00004725  __TI_decompress_none          
00004733  CPUcpsie                      
0000473f  __TI_zero_init                
0000474b  ResetISR                      
00004757  UARTCharGet                   
00004761  UARTCharPut                   
0000476b  UARTFIFODisable               
00004775  UARTIntStatus                 
00004789  TimerIntEnable                
00004791  UARTBusy                      
00004799  UARTIntEnable                 
000047a1  __aeabi_errno_addr            
000047a9  GPIOPinWrite                  
000047af  SysCtlDelay                   
000047b5  UARTClockSourceSet            
000047bb  TimerIntClear                 
000047bf  UARTIntClear                  
000047c3  _system_pre_init              
000047c7  C$$EXIT                       
000047c7  abort                         
000047cc  _ctypes_                      
00004bc8  __TI_Handler_Table_Base       
00004bd4  __TI_Handler_Table_Limit      
00004bf0  __TI_CINIT_Base               
00004c08  __TI_CINIT_Limit              
20000000  g_pfnRAMVectors               
20004c70  __stack                       
20004e70  __STACK_END                   
20004e70  __STACK_TOP                   
20004e80  isConnection                  
20004e81  cMode                         
20004e82  sendTime                      
20004e83  btStart                       
20004e84  delTime                       
20004e90  errno                         
ffffffff  __TI_pprof_out_hndl           
ffffffff  __TI_prof_data_size           
ffffffff  __TI_prof_data_start          
ffffffff  __binit__                     
ffffffff  __c_args__                    
ffffffff  binit                         
UNDEFED   __mpu_init                    
UNDEFED   _system_post_cinit            

[177 symbols]
