<?xml version="1.0" encoding="ISO-8859-1" ?>
<link_info>
   <banner>TI ARM Linker PC v18.1.4.LTS</banner>
   <copyright>Copyright (c) 1996-2018 Texas Instruments Incorporated</copyright>
   <link_time>0x5ceec2b6</link_time>
   <link_errors>0x0</link_errors>
   <output_file>rgb.out</output_file>
   <entry_point>
      <name>_c_int00_noargs</name>
      <address>0x4485</address>
   </entry_point>
   <input_file_list>
      <input_file id="fl-2">
         <path>.\</path>
         <kind>object</kind>
         <file>display.obj</file>
         <name>display.obj</name>
      </input_file>
      <input_file id="fl-3">
         <path>.\</path>
         <kind>object</kind>
         <file>main.obj</file>
         <name>main.obj</name>
      </input_file>
      <input_file id="fl-4">
         <path>.\</path>
         <kind>object</kind>
         <file>tm4c123gh6pm_startup_ccs.obj</file>
         <name>tm4c123gh6pm_startup_ccs.obj</name>
      </input_file>
      <input_file id="fl-5">
         <path>.\utils\</path>
         <kind>object</kind>
         <file>cmdline.obj</file>
         <name>cmdline.obj</name>
      </input_file>
      <input_file id="fl-6">
         <path>.\utils\</path>
         <kind>object</kind>
         <file>uartstdio.obj</file>
         <name>uartstdio.obj</name>
      </input_file>
      <input_file id="fl-c">
         <kind>object</kind>
         <file>&lt;internal&gt;</file>
         <name>&lt;internal&gt;</name>
      </input_file>
      <input_file id="fl-d">
         <path>C:\Program Files\ti\ccs830\TivaWare_C_Series-2.1.4.178\driverlib\ccs\Debug\</path>
         <kind>archive</kind>
         <file>driverlib.lib</file>
         <name>gpio.obj</name>
      </input_file>
      <input_file id="fl-e">
         <path>C:\Program Files\ti\ccs830\TivaWare_C_Series-2.1.4.178\driverlib\ccs\Debug\</path>
         <kind>archive</kind>
         <file>driverlib.lib</file>
         <name>interrupt.obj</name>
      </input_file>
      <input_file id="fl-f">
         <path>C:\Program Files\ti\ccs830\TivaWare_C_Series-2.1.4.178\driverlib\ccs\Debug\</path>
         <kind>archive</kind>
         <file>driverlib.lib</file>
         <name>sysctl.obj</name>
      </input_file>
      <input_file id="fl-10">
         <path>C:\Program Files\ti\ccs830\TivaWare_C_Series-2.1.4.178\driverlib\ccs\Debug\</path>
         <kind>archive</kind>
         <file>driverlib.lib</file>
         <name>systick.obj</name>
      </input_file>
      <input_file id="fl-11">
         <path>C:\Program Files\ti\ccs830\TivaWare_C_Series-2.1.4.178\driverlib\ccs\Debug\</path>
         <kind>archive</kind>
         <file>driverlib.lib</file>
         <name>timer.obj</name>
      </input_file>
      <input_file id="fl-12">
         <path>C:\Program Files\ti\ccs830\TivaWare_C_Series-2.1.4.178\driverlib\ccs\Debug\</path>
         <kind>archive</kind>
         <file>driverlib.lib</file>
         <name>uart.obj</name>
      </input_file>
      <input_file id="fl-13">
         <path>C:\Program Files\ti\ccs830\TivaWare_C_Series-2.1.4.178\driverlib\ccs\Debug\</path>
         <kind>archive</kind>
         <file>driverlib.lib</file>
         <name>cpu.obj</name>
      </input_file>
      <input_file id="fl-c9">
         <path>C:\Program Files\ti\ccs830\ccsv8\tools\compiler\ti-cgt-arm_18.1.4.LTS\lib\</path>
         <kind>archive</kind>
         <file>rtsv7M4_T_le_v4SPD16_eabi.lib</file>
         <name>u_divt2.asm.obj</name>
      </input_file>
      <input_file id="fl-ca">
         <path>C:\Program Files\ti\ccs830\ccsv8\tools\compiler\ti-cgt-arm_18.1.4.LTS\lib\</path>
         <kind>archive</kind>
         <file>rtsv7M4_T_le_v4SPD16_eabi.lib</file>
         <name>memcpy_t2.asm.obj</name>
      </input_file>
      <input_file id="fl-cb">
         <path>C:\Program Files\ti\ccs830\ccsv8\tools\compiler\ti-cgt-arm_18.1.4.LTS\lib\</path>
         <kind>archive</kind>
         <file>rtsv7M4_T_le_v4SPD16_eabi.lib</file>
         <name>memset_t2.asm.obj</name>
      </input_file>
      <input_file id="fl-cc">
         <path>C:\Program Files\ti\ccs830\ccsv8\tools\compiler\ti-cgt-arm_18.1.4.LTS\lib\</path>
         <kind>archive</kind>
         <file>rtsv7M4_T_le_v4SPD16_eabi.lib</file>
         <name>copy_zero_init.c.obj</name>
      </input_file>
      <input_file id="fl-cd">
         <path>C:\Program Files\ti\ccs830\ccsv8\tools\compiler\ti-cgt-arm_18.1.4.LTS\lib\</path>
         <kind>archive</kind>
         <file>rtsv7M4_T_le_v4SPD16_eabi.lib</file>
         <name>copy_decompress_none.c.obj</name>
      </input_file>
      <input_file id="fl-ce">
         <path>C:\Program Files\ti\ccs830\ccsv8\tools\compiler\ti-cgt-arm_18.1.4.LTS\lib\</path>
         <kind>archive</kind>
         <file>rtsv7M4_T_le_v4SPD16_eabi.lib</file>
         <name>copy_decompress_lzss.c.obj</name>
      </input_file>
      <input_file id="fl-cf">
         <path>C:\Program Files\ti\ccs830\ccsv8\tools\compiler\ti-cgt-arm_18.1.4.LTS\lib\</path>
         <kind>archive</kind>
         <file>rtsv7M4_T_le_v4SPD16_eabi.lib</file>
         <name>boot_cortex_m.c.obj</name>
      </input_file>
      <input_file id="fl-d0">
         <path>C:\Program Files\ti\ccs830\ccsv8\tools\compiler\ti-cgt-arm_18.1.4.LTS\lib\</path>
         <kind>archive</kind>
         <file>rtsv7M4_T_le_v4SPD16_eabi.lib</file>
         <name>exit.c.obj</name>
      </input_file>
      <input_file id="fl-d1">
         <path>C:\Program Files\ti\ccs830\ccsv8\tools\compiler\ti-cgt-arm_18.1.4.LTS\lib\</path>
         <kind>archive</kind>
         <file>rtsv7M4_T_le_v4SPD16_eabi.lib</file>
         <name>_lock.c.obj</name>
      </input_file>
      <input_file id="fl-d2">
         <path>C:\Program Files\ti\ccs830\ccsv8\tools\compiler\ti-cgt-arm_18.1.4.LTS\lib\</path>
         <kind>archive</kind>
         <file>rtsv7M4_T_le_v4SPD16_eabi.lib</file>
         <name>args_main.c.obj</name>
      </input_file>
      <input_file id="fl-d3">
         <path>C:\Program Files\ti\ccs830\ccsv8\tools\compiler\ti-cgt-arm_18.1.4.LTS\lib\</path>
         <kind>archive</kind>
         <file>rtsv7M4_T_le_v4SPD16_eabi.lib</file>
         <name>atoi.c.obj</name>
      </input_file>
      <input_file id="fl-d4">
         <path>C:\Program Files\ti\ccs830\ccsv8\tools\compiler\ti-cgt-arm_18.1.4.LTS\lib\</path>
         <kind>archive</kind>
         <file>rtsv7M4_T_le_v4SPD16_eabi.lib</file>
         <name>ctype.c.obj</name>
      </input_file>
      <input_file id="fl-d5">
         <path>C:\Program Files\ti\ccs830\ccsv8\tools\compiler\ti-cgt-arm_18.1.4.LTS\lib\</path>
         <kind>archive</kind>
         <file>rtsv7M4_T_le_v4SPD16_eabi.lib</file>
         <name>sprintf.c.obj</name>
      </input_file>
      <input_file id="fl-d6">
         <path>C:\Program Files\ti\ccs830\ccsv8\tools\compiler\ti-cgt-arm_18.1.4.LTS\lib\</path>
         <kind>archive</kind>
         <file>rtsv7M4_T_le_v4SPD16_eabi.lib</file>
         <name>strcat.c.obj</name>
      </input_file>
      <input_file id="fl-d7">
         <path>C:\Program Files\ti\ccs830\ccsv8\tools\compiler\ti-cgt-arm_18.1.4.LTS\lib\</path>
         <kind>archive</kind>
         <file>rtsv7M4_T_le_v4SPD16_eabi.lib</file>
         <name>strcmp.c.obj</name>
      </input_file>
      <input_file id="fl-d8">
         <path>C:\Program Files\ti\ccs830\ccsv8\tools\compiler\ti-cgt-arm_18.1.4.LTS\lib\</path>
         <kind>archive</kind>
         <file>rtsv7M4_T_le_v4SPD16_eabi.lib</file>
         <name>strcpy.c.obj</name>
      </input_file>
      <input_file id="fl-d9">
         <path>C:\Program Files\ti\ccs830\ccsv8\tools\compiler\ti-cgt-arm_18.1.4.LTS\lib\</path>
         <kind>archive</kind>
         <file>rtsv7M4_T_le_v4SPD16_eabi.lib</file>
         <name>strlen.c.obj</name>
      </input_file>
      <input_file id="fl-da">
         <path>C:\Program Files\ti\ccs830\ccsv8\tools\compiler\ti-cgt-arm_18.1.4.LTS\lib\</path>
         <kind>archive</kind>
         <file>rtsv7M4_T_le_v4SPD16_eabi.lib</file>
         <name>div0.asm.obj</name>
      </input_file>
      <input_file id="fl-db">
         <path>C:\Program Files\ti\ccs830\ccsv8\tools\compiler\ti-cgt-arm_18.1.4.LTS\lib\</path>
         <kind>archive</kind>
         <file>rtsv7M4_T_le_v4SPD16_eabi.lib</file>
         <name>autoinit.c.obj</name>
      </input_file>
      <input_file id="fl-dc">
         <path>C:\Program Files\ti\ccs830\ccsv8\tools\compiler\ti-cgt-arm_18.1.4.LTS\lib\</path>
         <kind>archive</kind>
         <file>rtsv7M4_T_le_v4SPD16_eabi.lib</file>
         <name>pre_init.c.obj</name>
      </input_file>
      <input_file id="fl-dd">
         <path>C:\Program Files\ti\ccs830\ccsv8\tools\compiler\ti-cgt-arm_18.1.4.LTS\lib\</path>
         <kind>archive</kind>
         <file>rtsv7M4_T_le_v4SPD16_eabi.lib</file>
         <name>cpy_tbl.c.obj</name>
      </input_file>
      <input_file id="fl-de">
         <path>C:\Program Files\ti\ccs830\ccsv8\tools\compiler\ti-cgt-arm_18.1.4.LTS\lib\</path>
         <kind>archive</kind>
         <file>rtsv7M4_T_le_v4SPD16_eabi.lib</file>
         <name>_printfi.c.obj</name>
      </input_file>
      <input_file id="fl-df">
         <path>C:\Program Files\ti\ccs830\ccsv8\tools\compiler\ti-cgt-arm_18.1.4.LTS\lib\</path>
         <kind>archive</kind>
         <file>rtsv7M4_T_le_v4SPD16_eabi.lib</file>
         <name>ltoa.c.obj</name>
      </input_file>
      <input_file id="fl-e0">
         <path>C:\Program Files\ti\ccs830\ccsv8\tools\compiler\ti-cgt-arm_18.1.4.LTS\lib\</path>
         <kind>archive</kind>
         <file>rtsv7M4_T_le_v4SPD16_eabi.lib</file>
         <name>memccpy.c.obj</name>
      </input_file>
      <input_file id="fl-e1">
         <path>C:\Program Files\ti\ccs830\ccsv8\tools\compiler\ti-cgt-arm_18.1.4.LTS\lib\</path>
         <kind>archive</kind>
         <file>rtsv7M4_T_le_v4SPD16_eabi.lib</file>
         <name>strchr.c.obj</name>
      </input_file>
      <input_file id="fl-e2">
         <path>C:\Program Files\ti\ccs830\ccsv8\tools\compiler\ti-cgt-arm_18.1.4.LTS\lib\</path>
         <kind>archive</kind>
         <file>rtsv7M4_T_le_v4SPD16_eabi.lib</file>
         <name>wcslen.c.obj</name>
      </input_file>
      <input_file id="fl-e3">
         <path>C:\Program Files\ti\ccs830\ccsv8\tools\compiler\ti-cgt-arm_18.1.4.LTS\lib\</path>
         <kind>archive</kind>
         <file>rtsv7M4_T_le_v4SPD16_eabi.lib</file>
         <name>s_frexp.c.obj</name>
      </input_file>
      <input_file id="fl-e4">
         <path>C:\Program Files\ti\ccs830\ccsv8\tools\compiler\ti-cgt-arm_18.1.4.LTS\lib\</path>
         <kind>archive</kind>
         <file>rtsv7M4_T_le_v4SPD16_eabi.lib</file>
         <name>s_scalbn.c.obj</name>
      </input_file>
      <input_file id="fl-e5">
         <path>C:\Program Files\ti\ccs830\ccsv8\tools\compiler\ti-cgt-arm_18.1.4.LTS\lib\</path>
         <kind>archive</kind>
         <file>rtsv7M4_T_le_v4SPD16_eabi.lib</file>
         <name>fd_add_t2.asm.obj</name>
      </input_file>
      <input_file id="fl-e6">
         <path>C:\Program Files\ti\ccs830\ccsv8\tools\compiler\ti-cgt-arm_18.1.4.LTS\lib\</path>
         <kind>archive</kind>
         <file>rtsv7M4_T_le_v4SPD16_eabi.lib</file>
         <name>fd_cmp_t2.asm.obj</name>
      </input_file>
      <input_file id="fl-e7">
         <path>C:\Program Files\ti\ccs830\ccsv8\tools\compiler\ti-cgt-arm_18.1.4.LTS\lib\</path>
         <kind>archive</kind>
         <file>rtsv7M4_T_le_v4SPD16_eabi.lib</file>
         <name>fd_div_t2.asm.obj</name>
      </input_file>
      <input_file id="fl-e8">
         <path>C:\Program Files\ti\ccs830\ccsv8\tools\compiler\ti-cgt-arm_18.1.4.LTS\lib\</path>
         <kind>archive</kind>
         <file>rtsv7M4_T_le_v4SPD16_eabi.lib</file>
         <name>fd_mul_t2.asm.obj</name>
      </input_file>
      <input_file id="fl-e9">
         <path>C:\Program Files\ti\ccs830\ccsv8\tools\compiler\ti-cgt-arm_18.1.4.LTS\lib\</path>
         <kind>archive</kind>
         <file>rtsv7M4_T_le_v4SPD16_eabi.lib</file>
         <name>fd_toi_t2.asm.obj</name>
      </input_file>
      <input_file id="fl-ea">
         <path>C:\Program Files\ti\ccs830\ccsv8\tools\compiler\ti-cgt-arm_18.1.4.LTS\lib\</path>
         <kind>archive</kind>
         <file>rtsv7M4_T_le_v4SPD16_eabi.lib</file>
         <name>i_tofd_t2.asm.obj</name>
      </input_file>
      <input_file id="fl-eb">
         <path>C:\Program Files\ti\ccs830\ccsv8\tools\compiler\ti-cgt-arm_18.1.4.LTS\lib\</path>
         <kind>archive</kind>
         <file>rtsv7M4_T_le_v4SPD16_eabi.lib</file>
         <name>ull_div_t2.asm.obj</name>
      </input_file>
      <input_file id="fl-ec">
         <path>C:\Program Files\ti\ccs830\ccsv8\tools\compiler\ti-cgt-arm_18.1.4.LTS\lib\</path>
         <kind>archive</kind>
         <file>rtsv7M4_T_le_v4SPD16_eabi.lib</file>
         <name>errno.c.obj</name>
      </input_file>
      <input_file id="fl-ed">
         <path>C:\Program Files\ti\ccs830\ccsv8\tools\compiler\ti-cgt-arm_18.1.4.LTS\lib\</path>
         <kind>archive</kind>
         <file>rtsv7M4_T_le_v4SPD16_eabi.lib</file>
         <name>s_copysign.c.obj</name>
      </input_file>
   </input_file_list>
   <object_component_list>
      <object_component id="oc-f">
         <name>.intvecs</name>
         <load_address>0x0</load_address>
         <run_address>0x0</run_address>
         <size>0x26c</size>
         <input_file_ref idref="fl-4"/>
      </object_component>
      <object_component id="oc-98">
         <name>.text</name>
         <load_address>0x26c</load_address>
         <run_address>0x26c</run_address>
         <size>0x1848</size>
         <input_file_ref idref="fl-3"/>
      </object_component>
      <object_component id="oc-278">
         <name>.text:__TI_printfi</name>
         <load_address>0x1ab4</load_address>
         <run_address>0x1ab4</run_address>
         <size>0xa5e</size>
         <input_file_ref idref="fl-de"/>
      </object_component>
      <object_component id="oc-2f2">
         <name>.text</name>
         <load_address>0x2512</load_address>
         <run_address>0x2512</run_address>
         <size>0x2</size>
         <input_file_ref idref="fl-da"/>
      </object_component>
      <object_component id="oc-11b">
         <name>.text</name>
         <load_address>0x2514</load_address>
         <run_address>0x2514</run_address>
         <size>0x49c</size>
         <input_file_ref idref="fl-6"/>
      </object_component>
      <object_component id="oc-327">
         <name>.text:_pconv_a</name>
         <load_address>0x29b0</load_address>
         <run_address>0x29b0</run_address>
         <size>0x270</size>
         <input_file_ref idref="fl-de"/>
      </object_component>
      <object_component id="oc-196">
         <name>.text</name>
         <load_address>0x2c20</load_address>
         <run_address>0x2c20</run_address>
         <size>0x248</size>
         <input_file_ref idref="fl-2"/>
      </object_component>
      <object_component id="oc-315">
         <name>.text:_pconv_g</name>
         <load_address>0x2e68</load_address>
         <run_address>0x2e68</run_address>
         <size>0x1d0</size>
         <input_file_ref idref="fl-de"/>
      </object_component>
      <object_component id="oc-3a6">
         <name>.text</name>
         <load_address>0x3038</load_address>
         <run_address>0x3038</run_address>
         <size>0x1b6</size>
         <input_file_ref idref="fl-e5"/>
      </object_component>
      <object_component id="oc-321">
         <name>.text:_pconv_e</name>
         <load_address>0x31f0</load_address>
         <run_address>0x31f0</run_address>
         <size>0x13c</size>
         <input_file_ref idref="fl-de"/>
      </object_component>
      <object_component id="oc-38c">
         <name>.text</name>
         <load_address>0x332c</load_address>
         <run_address>0x332c</run_address>
         <size>0x136</size>
         <input_file_ref idref="fl-e7"/>
      </object_component>
      <object_component id="oc-1ae">
         <name>.text:GPIOPadConfigSet</name>
         <load_address>0x3462</load_address>
         <run_address>0x3462</run_address>
         <size>0x132</size>
         <input_file_ref idref="fl-d"/>
      </object_component>
      <object_component id="oc-3b8">
         <name>.text:fcvt</name>
         <load_address>0x3594</load_address>
         <run_address>0x3594</run_address>
         <size>0x124</size>
         <input_file_ref idref="fl-de"/>
      </object_component>
      <object_component id="oc-c0">
         <name>.text:SysCtlClockGet</name>
         <load_address>0x36b8</load_address>
         <run_address>0x36b8</run_address>
         <size>0x110</size>
         <input_file_ref idref="fl-f"/>
      </object_component>
      <object_component id="oc-3cc">
         <name>.text:scalbn</name>
         <load_address>0x37c8</load_address>
         <run_address>0x37c8</run_address>
         <size>0x110</size>
         <input_file_ref idref="fl-e4"/>
      </object_component>
      <object_component id="oc-387">
         <name>.text</name>
         <load_address>0x38d8</load_address>
         <run_address>0x38d8</run_address>
         <size>0xfc</size>
         <input_file_ref idref="fl-e8"/>
      </object_component>
      <object_component id="oc-1a2">
         <name>.text:SysCtlClockSet</name>
         <load_address>0x39d4</load_address>
         <run_address>0x39d4</run_address>
         <size>0xf4</size>
         <input_file_ref idref="fl-f"/>
      </object_component>
      <object_component id="oc-30a">
         <name>.text:_ltostr</name>
         <load_address>0x3ac8</load_address>
         <run_address>0x3ac8</run_address>
         <size>0xb1</size>
         <input_file_ref idref="fl-de"/>
      </object_component>
      <object_component id="oc-38">
         <name>.text</name>
         <load_address>0x3b7a</load_address>
         <run_address>0x3b7a</run_address>
         <size>0x9c</size>
         <input_file_ref idref="fl-ca"/>
      </object_component>
      <object_component id="oc-380">
         <name>.text</name>
         <load_address>0x3c16</load_address>
         <run_address>0x3c16</run_address>
         <size>0x96</size>
         <input_file_ref idref="fl-eb"/>
      </object_component>
      <object_component id="oc-310">
         <name>.text:__aeabi_cdcmple</name>
         <load_address>0x3cac</load_address>
         <run_address>0x3cac</run_address>
         <size>0x86</size>
         <input_file_ref idref="fl-e6"/>
      </object_component>
      <object_component id="oc-391">
         <name>.text:__aeabi_cdrcmple</name>
         <load_address>0x3d32</load_address>
         <run_address>0x3d32</run_address>
         <size>0x86</size>
         <input_file_ref idref="fl-e6"/>
      </object_component>
      <object_component id="oc-8c">
         <name>.text</name>
         <load_address>0x3db8</load_address>
         <run_address>0x3db8</run_address>
         <size>0x7a</size>
         <input_file_ref idref="fl-cb"/>
      </object_component>
      <object_component id="oc-3b1">
         <name>.text:_mcpy</name>
         <load_address>0x3e32</load_address>
         <run_address>0x3e32</run_address>
         <size>0x6e</size>
         <input_file_ref idref="fl-de"/>
      </object_component>
      <object_component id="oc-12d">
         <name>.text:IntDisable</name>
         <load_address>0x3ea0</load_address>
         <run_address>0x3ea0</run_address>
         <size>0x68</size>
         <input_file_ref idref="fl-e"/>
      </object_component>
      <object_component id="oc-f1">
         <name>.text:IntEnable</name>
         <load_address>0x3f08</load_address>
         <run_address>0x3f08</run_address>
         <size>0x68</size>
         <input_file_ref idref="fl-e"/>
      </object_component>
      <object_component id="oc-12">
         <name>.text:decompress:lzss:__TI_decompress_lzss</name>
         <load_address>0x3f70</load_address>
         <run_address>0x3f70</run_address>
         <size>0x68</size>
         <input_file_ref idref="fl-ce"/>
      </object_component>
      <object_component id="oc-3c6">
         <name>.text:frexp</name>
         <load_address>0x3fd8</load_address>
         <run_address>0x3fd8</run_address>
         <size>0x64</size>
         <input_file_ref idref="fl-e3"/>
      </object_component>
      <object_component id="oc-df">
         <name>.text:TimerConfigure</name>
         <load_address>0x403c</load_address>
         <run_address>0x403c</run_address>
         <size>0x60</size>
         <input_file_ref idref="fl-11"/>
      </object_component>
      <object_component id="oc-31b">
         <name>.text:_pconv_f</name>
         <load_address>0x409c</load_address>
         <run_address>0x409c</run_address>
         <size>0x56</size>
         <input_file_ref idref="fl-de"/>
      </object_component>
      <object_component id="oc-39b">
         <name>.text:ltoa</name>
         <load_address>0x40f2</load_address>
         <run_address>0x40f2</run_address>
         <size>0x54</size>
         <input_file_ref idref="fl-df"/>
      </object_component>
      <object_component id="oc-3ab">
         <name>.text:_ecpy</name>
         <load_address>0x4146</load_address>
         <run_address>0x4146</run_address>
         <size>0x52</size>
         <input_file_ref idref="fl-de"/>
      </object_component>
      <object_component id="oc-216">
         <name>.text:_TimerIntNumberGet</name>
         <load_address>0x4198</load_address>
         <run_address>0x4198</run_address>
         <size>0x4c</size>
         <input_file_ref idref="fl-11"/>
      </object_component>
      <object_component id="oc-18a">
         <name>.text:atoi</name>
         <load_address>0x41e4</load_address>
         <run_address>0x41e4</run_address>
         <size>0x4c</size>
         <input_file_ref idref="fl-d3"/>
      </object_component>
      <object_component id="oc-109">
         <name>.text:GPIOPinConfigure</name>
         <load_address>0x4230</load_address>
         <run_address>0x4230</run_address>
         <size>0x48</size>
         <input_file_ref idref="fl-d"/>
      </object_component>
      <object_component id="oc-396">
         <name>.text</name>
         <load_address>0x4278</load_address>
         <run_address>0x4278</run_address>
         <size>0x48</size>
         <input_file_ref idref="fl-e9"/>
      </object_component>
      <object_component id="oc-121">
         <name>.text:UARTConfigSetExpClk</name>
         <load_address>0x42c0</load_address>
         <run_address>0x42c0</run_address>
         <size>0x46</size>
         <input_file_ref idref="fl-12"/>
      </object_component>
      <object_component id="oc-1d0">
         <name>.text:__TI_auto_init_nobinit_nopinit:__TI_auto_init_nobinit_nopinit</name>
         <load_address>0x4308</load_address>
         <run_address>0x4308</run_address>
         <size>0x44</size>
         <input_file_ref idref="fl-db"/>
      </object_component>
      <object_component id="oc-263">
         <name>.text:_UARTIntNumberGet</name>
         <load_address>0x434c</load_address>
         <run_address>0x434c</run_address>
         <size>0x40</size>
         <input_file_ref idref="fl-12"/>
      </object_component>
      <object_component id="oc-24e">
         <name>.text</name>
         <load_address>0x438c</load_address>
         <run_address>0x438c</run_address>
         <size>0x40</size>
         <input_file_ref idref="fl-c9"/>
      </object_component>
      <object_component id="oc-17b">
         <name>.text:sprintf</name>
         <load_address>0x43cc</load_address>
         <run_address>0x43cc</run_address>
         <size>0x40</size>
         <input_file_ref idref="fl-d5"/>
      </object_component>
      <object_component id="oc-3be">
         <name>.text:_fcpy</name>
         <load_address>0x440c</load_address>
         <run_address>0x440c</run_address>
         <size>0x3e</size>
         <input_file_ref idref="fl-de"/>
      </object_component>
      <object_component id="oc-23f">
         <name>.text:SysCtlPeripheralPresent</name>
         <load_address>0x444c</load_address>
         <run_address>0x444c</run_address>
         <size>0x38</size>
         <input_file_ref idref="fl-f"/>
      </object_component>
      <object_component id="oc-56">
         <name>.text:_c_int00_noargs:_c_int00_noargs</name>
         <load_address>0x4484</load_address>
         <run_address>0x4484</run_address>
         <size>0x38</size>
         <input_file_ref idref="fl-cf"/>
      </object_component>
      <object_component id="oc-21c">
         <name>.text:IntRegister</name>
         <load_address>0x44bc</load_address>
         <run_address>0x44bc</run_address>
         <size>0x34</size>
         <input_file_ref idref="fl-e"/>
      </object_component>
      <object_component id="oc-d9">
         <name>.text:SysCtlPeripheralEnable</name>
         <load_address>0x44f0</load_address>
         <run_address>0x44f0</run_address>
         <size>0x34</size>
         <input_file_ref idref="fl-f"/>
      </object_component>
      <object_component id="oc-3a1">
         <name>.text</name>
         <load_address>0x4524</load_address>
         <run_address>0x4524</run_address>
         <size>0x2e</size>
         <input_file_ref idref="fl-ea"/>
      </object_component>
      <object_component id="oc-236">
         <name>.text:GPIODirModeSet</name>
         <load_address>0x4552</load_address>
         <run_address>0x4552</run_address>
         <size>0x2a</size>
         <input_file_ref idref="fl-d"/>
      </object_component>
      <object_component id="oc-133">
         <name>.text:UARTDisable</name>
         <load_address>0x457c</load_address>
         <run_address>0x457c</run_address>
         <size>0x20</size>
         <input_file_ref idref="fl-12"/>
      </object_component>
      <object_component id="oc-16f">
         <name>.text:strcat</name>
         <load_address>0x459c</load_address>
         <run_address>0x459c</run_address>
         <size>0x1e</size>
         <input_file_ref idref="fl-d6"/>
      </object_component>
      <object_component id="oc-32d">
         <name>.text:memccpy</name>
         <load_address>0x45ba</load_address>
         <run_address>0x45ba</run_address>
         <size>0x1c</size>
         <input_file_ref idref="fl-e0"/>
      </object_component>
      <object_component id="oc-1a8">
         <name>.text:GPIOPinTypeGPIOOutput</name>
         <load_address>0x45d6</load_address>
         <run_address>0x45d6</run_address>
         <size>0x18</size>
         <input_file_ref idref="fl-d"/>
      </object_component>
      <object_component id="oc-eb">
         <name>.text:TimerIntRegister</name>
         <load_address>0x45ee</load_address>
         <run_address>0x45ee</run_address>
         <size>0x18</size>
         <input_file_ref idref="fl-11"/>
      </object_component>
      <object_component id="oc-145">
         <name>.text:UARTIntRegister</name>
         <load_address>0x4606</load_address>
         <run_address>0x4606</run_address>
         <size>0x18</size>
         <input_file_ref idref="fl-12"/>
      </object_component>
      <object_component id="oc-27e">
         <name>.text:_outs</name>
         <load_address>0x461e</load_address>
         <run_address>0x461e</run_address>
         <size>0x18</size>
         <input_file_ref idref="fl-d5"/>
      </object_component>
      <object_component id="oc-3d2">
         <name>.text:strchr</name>
         <load_address>0x4636</load_address>
         <run_address>0x4636</run_address>
         <size>0x16</size>
         <input_file_ref idref="fl-e1"/>
      </object_component>
      <object_component id="oc-d3">
         <name>.text:SysTickEnable</name>
         <load_address>0x464c</load_address>
         <run_address>0x464c</run_address>
         <size>0x14</size>
         <input_file_ref idref="fl-10"/>
      </object_component>
      <object_component id="oc-127">
         <name>.text:UARTEnable</name>
         <load_address>0x4660</load_address>
         <run_address>0x4660</run_address>
         <size>0x14</size>
         <input_file_ref idref="fl-12"/>
      </object_component>
      <object_component id="oc-41d">
         <name>.text:copysign</name>
         <load_address>0x4674</load_address>
         <run_address>0x4674</run_address>
         <size>0x14</size>
         <input_file_ref idref="fl-ed"/>
      </object_component>
      <object_component id="oc-169">
         <name>.text:strcpy</name>
         <load_address>0x4688</load_address>
         <run_address>0x4688</run_address>
         <size>0x14</size>
         <input_file_ref idref="fl-d8"/>
      </object_component>
      <object_component id="oc-175">
         <name>.text:strlen</name>
         <load_address>0x469c</load_address>
         <run_address>0x469c</run_address>
         <size>0x14</size>
         <input_file_ref idref="fl-d9"/>
      </object_component>
      <object_component id="oc-10f">
         <name>.text:GPIOPinTypeUART</name>
         <load_address>0x46b0</load_address>
         <run_address>0x46b0</run_address>
         <size>0x12</size>
         <input_file_ref idref="fl-d"/>
      </object_component>
      <object_component id="oc-e5">
         <name>.text:TimerLoadSet</name>
         <load_address>0x46c2</load_address>
         <run_address>0x46c2</run_address>
         <size>0x12</size>
         <input_file_ref idref="fl-11"/>
      </object_component>
      <object_component id="oc-333">
         <name>.text:wcslen</name>
         <load_address>0x46d4</load_address>
         <run_address>0x46d4</run_address>
         <size>0x12</size>
         <input_file_ref idref="fl-e2"/>
      </object_component>
      <object_component id="oc-103">
         <name>.text:IntMasterEnable</name>
         <load_address>0x46e6</load_address>
         <run_address>0x46e6</run_address>
         <size>0x10</size>
         <input_file_ref idref="fl-e"/>
      </object_component>
      <object_component id="oc-cd">
         <name>.text:SysTickPeriodSet</name>
         <load_address>0x46f8</load_address>
         <run_address>0x46f8</run_address>
         <size>0x10</size>
         <input_file_ref idref="fl-10"/>
      </object_component>
      <object_component id="oc-fd">
         <name>.text:TimerEnable</name>
         <load_address>0x4708</load_address>
         <run_address>0x4708</run_address>
         <size>0xe</size>
         <input_file_ref idref="fl-11"/>
      </object_component>
      <object_component id="oc-151">
         <name>.text:UARTCharsAvail</name>
         <load_address>0x4716</load_address>
         <run_address>0x4716</run_address>
         <size>0xe</size>
         <input_file_ref idref="fl-12"/>
      </object_component>
      <object_component id="oc-18">
         <name>.text:decompress:none:__TI_decompress_none</name>
         <load_address>0x4724</load_address>
         <run_address>0x4724</run_address>
         <size>0xe</size>
         <input_file_ref idref="fl-cd"/>
      </object_component>
      <object_component id="oc-22a">
         <name>.text:CPUcpsie</name>
         <load_address>0x4732</load_address>
         <run_address>0x4732</run_address>
         <size>0xc</size>
         <input_file_ref idref="fl-13"/>
      </object_component>
      <object_component id="oc-4a">
         <name>.text:decompress:ZI:__TI_zero_init</name>
         <load_address>0x473e</load_address>
         <run_address>0x473e</run_address>
         <size>0xc</size>
         <input_file_ref idref="fl-cc"/>
      </object_component>
      <object_component id="oc-24">
         <name>.text</name>
         <load_address>0x474a</load_address>
         <run_address>0x474a</run_address>
         <size>0xc</size>
         <input_file_ref idref="fl-4"/>
      </object_component>
      <object_component id="oc-14b">
         <name>.text:UARTCharGet</name>
         <load_address>0x4756</load_address>
         <run_address>0x4756</run_address>
         <size>0xa</size>
         <input_file_ref idref="fl-12"/>
      </object_component>
      <object_component id="oc-15d">
         <name>.text:UARTCharPut</name>
         <load_address>0x4760</load_address>
         <run_address>0x4760</run_address>
         <size>0xa</size>
         <input_file_ref idref="fl-12"/>
      </object_component>
      <object_component id="oc-139">
         <name>.text:UARTFIFODisable</name>
         <load_address>0x476a</load_address>
         <run_address>0x476a</run_address>
         <size>0xa</size>
         <input_file_ref idref="fl-12"/>
      </object_component>
      <object_component id="oc-190">
         <name>.text:UARTIntStatus</name>
         <load_address>0x4774</load_address>
         <run_address>0x4774</run_address>
         <size>0xa</size>
         <input_file_ref idref="fl-12"/>
      </object_component>
      <object_component id="oc-284">
         <name>.text:_outc</name>
         <load_address>0x477e</load_address>
         <run_address>0x477e</run_address>
         <size>0xa</size>
         <input_file_ref idref="fl-d5"/>
      </object_component>
      <object_component id="oc-f7">
         <name>.text:TimerIntEnable</name>
         <load_address>0x4788</load_address>
         <run_address>0x4788</run_address>
         <size>0x8</size>
         <input_file_ref idref="fl-11"/>
      </object_component>
      <object_component id="oc-157">
         <name>.text:UARTBusy</name>
         <load_address>0x4790</load_address>
         <run_address>0x4790</run_address>
         <size>0x8</size>
         <input_file_ref idref="fl-12"/>
      </object_component>
      <object_component id="oc-13f">
         <name>.text:UARTIntEnable</name>
         <load_address>0x4798</load_address>
         <run_address>0x4798</run_address>
         <size>0x8</size>
         <input_file_ref idref="fl-12"/>
      </object_component>
      <object_component id="oc-339">
         <name>.text:__aeabi_errno_addr</name>
         <load_address>0x47a0</load_address>
         <run_address>0x47a0</run_address>
         <size>0x8</size>
         <input_file_ref idref="fl-ec"/>
      </object_component>
      <object_component id="oc-1b4">
         <name>.text:GPIOPinWrite</name>
         <load_address>0x47a8</load_address>
         <run_address>0x47a8</run_address>
         <size>0x6</size>
         <input_file_ref idref="fl-d"/>
      </object_component>
      <object_component id="oc-c6">
         <name>.text:SysCtlDelay</name>
         <load_address>0x47ae</load_address>
         <run_address>0x47ae</run_address>
         <size>0x6</size>
         <input_file_ref idref="fl-f"/>
      </object_component>
      <object_component id="oc-115">
         <name>.text:UARTClockSourceSet</name>
         <load_address>0x47b4</load_address>
         <run_address>0x47b4</run_address>
         <size>0x6</size>
         <input_file_ref idref="fl-12"/>
      </object_component>
      <object_component id="oc-c7">
         <name>.text:TimerIntClear</name>
         <load_address>0x47ba</load_address>
         <run_address>0x47ba</run_address>
         <size>0x4</size>
         <input_file_ref idref="fl-11"/>
      </object_component>
      <object_component id="oc-19c">
         <name>.text:UARTIntClear</name>
         <load_address>0x47be</load_address>
         <run_address>0x47be</run_address>
         <size>0x4</size>
         <input_file_ref idref="fl-12"/>
      </object_component>
      <object_component id="oc-92">
         <name>.text:_system_pre_init</name>
         <load_address>0x47c2</load_address>
         <run_address>0x47c2</run_address>
         <size>0x4</size>
         <input_file_ref idref="fl-dc"/>
      </object_component>
      <object_component id="oc-1c4">
         <name>.text:abort:abort</name>
         <load_address>0x47c6</load_address>
         <run_address>0x47c6</run_address>
         <size>0x4</size>
         <input_file_ref idref="fl-d0"/>
      </object_component>
      <object_component id="oc-292">
         <name>.const:.string:_ctypes_</name>
         <load_address>0x47cc</load_address>
         <run_address>0x47cc</run_address>
         <size>0x101</size>
         <input_file_ref idref="fl-d4"/>
      </object_component>
      <object_component id="oc-231">
         <name>.const:g_pui32GPIOBaseAddrs</name>
         <load_address>0x48d0</load_address>
         <run_address>0x48d0</run_address>
         <size>0x90</size>
         <input_file_ref idref="fl-d"/>
      </object_component>
      <object_component id="oc-223">
         <name>.const</name>
         <load_address>0x4960</load_address>
         <run_address>0x4960</run_address>
         <size>0x70</size>
         <input_file_ref idref="fl-e"/>
      </object_component>
      <object_component id="oc-204">
         <name>.const:g_pui32Xtals</name>
         <load_address>0x49d0</load_address>
         <run_address>0x49d0</run_address>
         <size>0x6c</size>
         <input_file_ref idref="fl-f"/>
      </object_component>
      <object_component id="oc-2d4">
         <name>.const:g_ppui32TimerIntMap</name>
         <load_address>0x4a3c</load_address>
         <run_address>0x4a3c</run_address>
         <size>0x60</size>
         <input_file_ref idref="fl-11"/>
      </object_component>
      <object_component id="oc-2d7">
         <name>.const:g_ppui32TimerIntMapSnowflake</name>
         <load_address>0x4a9c</load_address>
         <run_address>0x4a9c</run_address>
         <size>0x40</size>
         <input_file_ref idref="fl-11"/>
      </object_component>
      <object_component id="oc-2fd">
         <name>.const:g_ppui32UARTIntMap</name>
         <load_address>0x4adc</load_address>
         <run_address>0x4adc</run_address>
         <size>0x40</size>
         <input_file_ref idref="fl-12"/>
      </object_component>
      <object_component id="oc-300">
         <name>.const:g_ppui32UARTIntMapSnowflake</name>
         <load_address>0x4b1c</load_address>
         <run_address>0x4b1c</run_address>
         <size>0x40</size>
         <input_file_ref idref="fl-12"/>
      </object_component>
      <object_component id="oc-184">
         <name>.const:.string:$P$T1$2</name>
         <load_address>0x4b5c</load_address>
         <run_address>0x4b5c</run_address>
         <size>0x1d</size>
         <input_file_ref idref="fl-3"/>
      </object_component>
      <object_component id="oc-2f8">
         <name>.const:.string</name>
         <load_address>0x4b7c</load_address>
         <run_address>0x4b7c</run_address>
         <size>0x12</size>
         <input_file_ref idref="fl-6"/>
      </object_component>
      <object_component id="oc-187">
         <name>.const:.string:$P$T2$3</name>
         <load_address>0x4b8e</load_address>
         <run_address>0x4b8e</run_address>
         <size>0xf</size>
         <input_file_ref idref="fl-3"/>
      </object_component>
      <object_component id="oc-24b">
         <name>.const:g_ui32UARTBase</name>
         <load_address>0x4ba0</load_address>
         <run_address>0x4ba0</run_address>
         <size>0xc</size>
         <input_file_ref idref="fl-6"/>
      </object_component>
      <object_component id="oc-245">
         <name>.const:g_ui32UARTPeriph</name>
         <load_address>0x4bac</load_address>
         <run_address>0x4bac</run_address>
         <size>0xc</size>
         <input_file_ref idref="fl-6"/>
      </object_component>
      <object_component id="oc-181">
         <name>.const:.string:$P$T0$1</name>
         <load_address>0x4bb8</load_address>
         <run_address>0x4bb8</run_address>
         <size>0x8</size>
         <input_file_ref idref="fl-3"/>
      </object_component>
      <object_component id="oc-253">
         <name>.const</name>
         <load_address>0x4bc0</load_address>
         <run_address>0x4bc0</run_address>
         <size>0x4</size>
         <input_file_ref idref="fl-6"/>
      </object_component>
      <object_component id="oc-46e">
         <name>__TI_handler_table</name>
         <load_address>0x4bc8</load_address>
         <run_address>0x4bc8</run_address>
         <size>0xc</size>
      </object_component>
      <object_component id="oc-471">
         <name>.cinit..data.load</name>
         <load_address>0x4bd4</load_address>
         <run_address>0x4bd4</run_address>
         <size>0xb</size>
      </object_component>
      <object_component id="oc-472">
         <name>.cinit..bss.load</name>
         <load_address>0x4be0</load_address>
         <run_address>0x4be0</run_address>
         <size>0x8</size>
      </object_component>
      <object_component id="oc-470">
         <name>.cinit..vtable.load</name>
         <load_address>0x4be8</load_address>
         <run_address>0x4be8</run_address>
         <size>0x8</size>
      </object_component>
      <object_component id="oc-46f">
         <name>__TI_cinit_table</name>
         <load_address>0x4bf0</load_address>
         <run_address>0x4bf0</run_address>
         <size>0x18</size>
      </object_component>
      <object_component id="oc-2db">
         <name>.vtable</name>
         <uninitialized>true</uninitialized>
         <run_address>0x20000000</run_address>
         <size>0x26c</size>
         <input_file_ref idref="fl-e"/>
      </object_component>
      <object_component id="oc-163">
         <name>.data</name>
         <load_address>0x20004e70</load_address>
         <run_address>0x20004e70</run_address>
         <size>0x18</size>
         <input_file_ref idref="fl-3"/>
      </object_component>
      <object_component id="oc-248">
         <name>.data</name>
         <load_address>0x20004e88</load_address>
         <run_address>0x20004e88</run_address>
         <size>0x5</size>
         <input_file_ref idref="fl-6"/>
      </object_component>
      <object_component id="oc-3e2">
         <name>.data</name>
         <load_address>0x20004e90</load_address>
         <run_address>0x20004e90</run_address>
         <size>0x4</size>
         <input_file_ref idref="fl-ec"/>
      </object_component>
      <object_component id="oc-166">
         <name>.bss:ReceivedData</name>
         <uninitialized>true</uninitialized>
         <run_address>0x20004a6c</run_address>
         <size>0x200</size>
         <input_file_ref idref="fl-3"/>
      </object_component>
      <object_component id="oc-1ba">
         <name>.bss:localDB</name>
         <uninitialized>true</uninitialized>
         <run_address>0x2000026c</run_address>
         <size>0x4800</size>
         <input_file_ref idref="fl-3"/>
      </object_component>
      <object_component id="oc-21">
         <name>.stack</name>
         <uninitialized>true</uninitialized>
         <run_address>0x20004c70</run_address>
         <size>0x4</size>
         <input_file_ref idref="fl-cf"/>
      </object_component>
      <object_component id="oc-473">
         <name>.stack</name>
         <uninitialized>true</uninitialized>
         <run_address>0x20004c70</run_address>
         <size>0x0</size>
      </object_component>
      <object_component id="oc-af">
         <name>.debug_info</name>
         <load_address>0x0</load_address>
         <run_address>0x0</run_address>
         <size>0x33f</size>
         <input_file_ref idref="fl-2"/>
      </object_component>
      <object_component id="oc-197">
         <name>.debug_info</name>
         <load_address>0x33f</load_address>
         <run_address>0x33f</run_address>
         <size>0x999</size>
         <input_file_ref idref="fl-2"/>
      </object_component>
      <object_component id="oc-6d">
         <name>.debug_info</name>
         <load_address>0xcd8</load_address>
         <run_address>0xcd8</run_address>
         <size>0x26b</size>
         <input_file_ref idref="fl-2"/>
      </object_component>
      <object_component id="oc-33">
         <name>.debug_info</name>
         <load_address>0xf43</load_address>
         <run_address>0xf43</run_address>
         <size>0x84</size>
         <input_file_ref idref="fl-2"/>
      </object_component>
      <object_component id="oc-aa">
         <name>.debug_info</name>
         <load_address>0xfc7</load_address>
         <run_address>0xfc7</run_address>
         <size>0x297</size>
         <input_file_ref idref="fl-2"/>
      </object_component>
      <object_component id="oc-72">
         <name>.debug_info</name>
         <load_address>0x125e</load_address>
         <run_address>0x125e</run_address>
         <size>0xbb</size>
         <input_file_ref idref="fl-2"/>
      </object_component>
      <object_component id="oc-1c3">
         <name>.debug_info</name>
         <load_address>0x1319</load_address>
         <run_address>0x1319</run_address>
         <size>0xbbd</size>
         <input_file_ref idref="fl-3"/>
      </object_component>
      <object_component id="oc-167">
         <name>.debug_info</name>
         <load_address>0x1ed6</load_address>
         <run_address>0x1ed6</run_address>
         <size>0xca</size>
         <input_file_ref idref="fl-3"/>
      </object_component>
      <object_component id="oc-1bb">
         <name>.debug_info</name>
         <load_address>0x1fa0</load_address>
         <run_address>0x1fa0</run_address>
         <size>0xc0</size>
         <input_file_ref idref="fl-3"/>
      </object_component>
      <object_component id="oc-164">
         <name>.debug_info</name>
         <load_address>0x2060</load_address>
         <run_address>0x2060</run_address>
         <size>0x1c8</size>
         <input_file_ref idref="fl-3"/>
      </object_component>
      <object_component id="oc-182">
         <name>.debug_info</name>
         <load_address>0x2228</load_address>
         <run_address>0x2228</run_address>
         <size>0xc1</size>
         <input_file_ref idref="fl-3"/>
      </object_component>
      <object_component id="oc-185">
         <name>.debug_info</name>
         <load_address>0x22e9</load_address>
         <run_address>0x22e9</run_address>
         <size>0xc1</size>
         <input_file_ref idref="fl-3"/>
      </object_component>
      <object_component id="oc-188">
         <name>.debug_info</name>
         <load_address>0x23aa</load_address>
         <run_address>0x23aa</run_address>
         <size>0xc1</size>
         <input_file_ref idref="fl-3"/>
      </object_component>
      <object_component id="oc-99">
         <name>.debug_info</name>
         <load_address>0x246b</load_address>
         <run_address>0x246b</run_address>
         <size>0x2d00</size>
         <input_file_ref idref="fl-3"/>
      </object_component>
      <object_component id="oc-1be">
         <name>.debug_info</name>
         <load_address>0x516b</load_address>
         <run_address>0x516b</run_address>
         <size>0x8b</size>
         <input_file_ref idref="fl-3"/>
      </object_component>
      <object_component id="oc-2a2">
         <name>.debug_info</name>
         <load_address>0x51f6</load_address>
         <run_address>0x51f6</run_address>
         <size>0xcc</size>
         <input_file_ref idref="fl-3"/>
      </object_component>
      <object_component id="oc-258">
         <name>.debug_info</name>
         <load_address>0x52c2</load_address>
         <run_address>0x52c2</run_address>
         <size>0x2c</size>
         <input_file_ref idref="fl-3"/>
      </object_component>
      <object_component id="oc-2c">
         <name>.debug_info</name>
         <load_address>0x52ee</load_address>
         <run_address>0x52ee</run_address>
         <size>0x2a0</size>
         <input_file_ref idref="fl-4"/>
      </object_component>
      <object_component id="oc-10">
         <name>.debug_info</name>
         <load_address>0x558e</load_address>
         <run_address>0x558e</run_address>
         <size>0xdf</size>
         <input_file_ref idref="fl-4"/>
      </object_component>
      <object_component id="oc-25">
         <name>.debug_info</name>
         <load_address>0x566d</load_address>
         <run_address>0x566d</run_address>
         <size>0x25b</size>
         <input_file_ref idref="fl-4"/>
      </object_component>
      <object_component id="oc-b7">
         <name>.debug_info</name>
         <load_address>0x58c8</load_address>
         <run_address>0x58c8</run_address>
         <size>0x2c</size>
         <input_file_ref idref="fl-5"/>
      </object_component>
      <object_component id="oc-257">
         <name>.debug_info</name>
         <load_address>0x58f4</load_address>
         <run_address>0x58f4</run_address>
         <size>0x40e</size>
         <input_file_ref idref="fl-6"/>
      </object_component>
      <object_component id="oc-249">
         <name>.debug_info</name>
         <load_address>0x5d02</load_address>
         <run_address>0x5d02</run_address>
         <size>0x105</size>
         <input_file_ref idref="fl-6"/>
      </object_component>
      <object_component id="oc-254">
         <name>.debug_info</name>
         <load_address>0x5e07</load_address>
         <run_address>0x5e07</run_address>
         <size>0xff</size>
         <input_file_ref idref="fl-6"/>
      </object_component>
      <object_component id="oc-24c">
         <name>.debug_info</name>
         <load_address>0x5f06</load_address>
         <run_address>0x5f06</run_address>
         <size>0x10d</size>
         <input_file_ref idref="fl-6"/>
      </object_component>
      <object_component id="oc-246">
         <name>.debug_info</name>
         <load_address>0x6013</load_address>
         <run_address>0x6013</run_address>
         <size>0x111</size>
         <input_file_ref idref="fl-6"/>
      </object_component>
      <object_component id="oc-11c">
         <name>.debug_info</name>
         <load_address>0x6124</load_address>
         <run_address>0x6124</run_address>
         <size>0xa66</size>
         <input_file_ref idref="fl-6"/>
      </object_component>
      <object_component id="oc-235">
         <name>.debug_info</name>
         <load_address>0x6b8a</load_address>
         <run_address>0x6b8a</run_address>
         <size>0x240</size>
         <input_file_ref idref="fl-d"/>
      </object_component>
      <object_component id="oc-232">
         <name>.debug_info</name>
         <load_address>0x6dca</load_address>
         <run_address>0x6dca</run_address>
         <size>0x15b</size>
         <input_file_ref idref="fl-d"/>
      </object_component>
      <object_component id="oc-1b6">
         <name>.debug_info</name>
         <load_address>0x6f25</load_address>
         <run_address>0x6f25</run_address>
         <size>0x2a3</size>
         <input_file_ref idref="fl-d"/>
      </object_component>
      <object_component id="oc-238">
         <name>.debug_info</name>
         <load_address>0x71c8</load_address>
         <run_address>0x71c8</run_address>
         <size>0x2b3</size>
         <input_file_ref idref="fl-d"/>
      </object_component>
      <object_component id="oc-1b0">
         <name>.debug_info</name>
         <load_address>0x747b</load_address>
         <run_address>0x747b</run_address>
         <size>0x316</size>
         <input_file_ref idref="fl-d"/>
      </object_component>
      <object_component id="oc-111">
         <name>.debug_info</name>
         <load_address>0x7791</load_address>
         <run_address>0x7791</run_address>
         <size>0x27b</size>
         <input_file_ref idref="fl-d"/>
      </object_component>
      <object_component id="oc-1a9">
         <name>.debug_info</name>
         <load_address>0x7a0c</load_address>
         <run_address>0x7a0c</run_address>
         <size>0x2b7</size>
         <input_file_ref idref="fl-d"/>
      </object_component>
      <object_component id="oc-10a">
         <name>.debug_info</name>
         <load_address>0x7cc3</load_address>
         <run_address>0x7cc3</run_address>
         <size>0x280</size>
         <input_file_ref idref="fl-d"/>
      </object_component>
      <object_component id="oc-208">
         <name>.debug_info</name>
         <load_address>0x7f43</load_address>
         <run_address>0x7f43</run_address>
         <size>0x18b</size>
         <input_file_ref idref="fl-d"/>
      </object_component>
      <object_component id="oc-227">
         <name>.debug_info</name>
         <load_address>0x80ce</load_address>
         <run_address>0x80ce</run_address>
         <size>0x20e</size>
         <input_file_ref idref="fl-e"/>
      </object_component>
      <object_component id="oc-224">
         <name>.debug_info</name>
         <load_address>0x82dc</load_address>
         <run_address>0x82dc</run_address>
         <size>0x210</size>
         <input_file_ref idref="fl-e"/>
      </object_component>
      <object_component id="oc-2dc">
         <name>.debug_info</name>
         <load_address>0x84ec</load_address>
         <run_address>0x84ec</run_address>
         <size>0x157</size>
         <input_file_ref idref="fl-e"/>
      </object_component>
      <object_component id="oc-21d">
         <name>.debug_info</name>
         <load_address>0x8643</load_address>
         <run_address>0x8643</run_address>
         <size>0x2c1</size>
         <input_file_ref idref="fl-e"/>
      </object_component>
      <object_component id="oc-104">
         <name>.debug_info</name>
         <load_address>0x8904</load_address>
         <run_address>0x8904</run_address>
         <size>0x23e</size>
         <input_file_ref idref="fl-e"/>
      </object_component>
      <object_component id="oc-f2">
         <name>.debug_info</name>
         <load_address>0x8b42</load_address>
         <run_address>0x8b42</run_address>
         <size>0x268</size>
         <input_file_ref idref="fl-e"/>
      </object_component>
      <object_component id="oc-12e">
         <name>.debug_info</name>
         <load_address>0x8daa</load_address>
         <run_address>0x8daa</run_address>
         <size>0x26a</size>
         <input_file_ref idref="fl-e"/>
      </object_component>
      <object_component id="oc-213">
         <name>.debug_info</name>
         <load_address>0x9014</load_address>
         <run_address>0x9014</run_address>
         <size>0x298</size>
         <input_file_ref idref="fl-f"/>
      </object_component>
      <object_component id="oc-205">
         <name>.debug_info</name>
         <load_address>0x92ac</load_address>
         <run_address>0x92ac</run_address>
         <size>0x14d</size>
         <input_file_ref idref="fl-f"/>
      </object_component>
      <object_component id="oc-240">
         <name>.debug_info</name>
         <load_address>0x93f9</load_address>
         <run_address>0x93f9</run_address>
         <size>0x283</size>
         <input_file_ref idref="fl-f"/>
      </object_component>
      <object_component id="oc-da">
         <name>.debug_info</name>
         <load_address>0x967c</load_address>
         <run_address>0x967c</run_address>
         <size>0x27d</size>
         <input_file_ref idref="fl-f"/>
      </object_component>
      <object_component id="oc-1a3">
         <name>.debug_info</name>
         <load_address>0x98f9</load_address>
         <run_address>0x98f9</run_address>
         <size>0x2db</size>
         <input_file_ref idref="fl-f"/>
      </object_component>
      <object_component id="oc-c1">
         <name>.debug_info</name>
         <load_address>0x9bd4</load_address>
         <run_address>0x9bd4</run_address>
         <size>0x2b5</size>
         <input_file_ref idref="fl-f"/>
      </object_component>
      <object_component id="oc-2cf">
         <name>.debug_info</name>
         <load_address>0x9e89</load_address>
         <run_address>0x9e89</run_address>
         <size>0x5f</size>
         <input_file_ref idref="fl-f"/>
      </object_component>
      <object_component id="oc-210">
         <name>.debug_info</name>
         <load_address>0x9ee8</load_address>
         <run_address>0x9ee8</run_address>
         <size>0x19d</size>
         <input_file_ref idref="fl-10"/>
      </object_component>
      <object_component id="oc-ce">
         <name>.debug_info</name>
         <load_address>0xa085</load_address>
         <run_address>0xa085</run_address>
         <size>0x261</size>
         <input_file_ref idref="fl-10"/>
      </object_component>
      <object_component id="oc-d5">
         <name>.debug_info</name>
         <load_address>0xa2e6</load_address>
         <run_address>0xa2e6</run_address>
         <size>0x221</size>
         <input_file_ref idref="fl-10"/>
      </object_component>
      <object_component id="oc-20e">
         <name>.debug_info</name>
         <load_address>0xa507</load_address>
         <run_address>0xa507</run_address>
         <size>0x223</size>
         <input_file_ref idref="fl-11"/>
      </object_component>
      <object_component id="oc-2d5">
         <name>.debug_info</name>
         <load_address>0xa72a</load_address>
         <run_address>0xa72a</run_address>
         <size>0x15a</size>
         <input_file_ref idref="fl-11"/>
      </object_component>
      <object_component id="oc-2d8">
         <name>.debug_info</name>
         <load_address>0xa884</load_address>
         <run_address>0xa884</run_address>
         <size>0x16c</size>
         <input_file_ref idref="fl-11"/>
      </object_component>
      <object_component id="oc-e6">
         <name>.debug_info</name>
         <load_address>0xa9f0</load_address>
         <run_address>0xa9f0</run_address>
         <size>0x2ba</size>
         <input_file_ref idref="fl-11"/>
      </object_component>
      <object_component id="oc-217">
         <name>.debug_info</name>
         <load_address>0xacaa</load_address>
         <run_address>0xacaa</run_address>
         <size>0x2eb</size>
         <input_file_ref idref="fl-11"/>
      </object_component>
      <object_component id="oc-ec">
         <name>.debug_info</name>
         <load_address>0xaf95</load_address>
         <run_address>0xaf95</run_address>
         <size>0x2e4</size>
         <input_file_ref idref="fl-11"/>
      </object_component>
      <object_component id="oc-f8">
         <name>.debug_info</name>
         <load_address>0xb279</load_address>
         <run_address>0xb279</run_address>
         <size>0x294</size>
         <input_file_ref idref="fl-11"/>
      </object_component>
      <object_component id="oc-c8">
         <name>.debug_info</name>
         <load_address>0xb50d</load_address>
         <run_address>0xb50d</run_address>
         <size>0x292</size>
         <input_file_ref idref="fl-11"/>
      </object_component>
      <object_component id="oc-fe">
         <name>.debug_info</name>
         <load_address>0xb79f</load_address>
         <run_address>0xb79f</run_address>
         <size>0x27f</size>
         <input_file_ref idref="fl-11"/>
      </object_component>
      <object_component id="oc-e0">
         <name>.debug_info</name>
         <load_address>0xba1e</load_address>
         <run_address>0xba1e</run_address>
         <size>0x28c</size>
         <input_file_ref idref="fl-11"/>
      </object_component>
      <object_component id="oc-23e">
         <name>.debug_info</name>
         <load_address>0xbcaa</load_address>
         <run_address>0xbcaa</run_address>
         <size>0x227</size>
         <input_file_ref idref="fl-12"/>
      </object_component>
      <object_component id="oc-2fe">
         <name>.debug_info</name>
         <load_address>0xbed1</load_address>
         <run_address>0xbed1</run_address>
         <size>0x157</size>
         <input_file_ref idref="fl-12"/>
      </object_component>
      <object_component id="oc-301">
         <name>.debug_info</name>
         <load_address>0xc028</load_address>
         <run_address>0xc028</run_address>
         <size>0x169</size>
         <input_file_ref idref="fl-12"/>
      </object_component>
      <object_component id="oc-265">
         <name>.debug_info</name>
         <load_address>0xc191</load_address>
         <run_address>0xc191</run_address>
         <size>0x27e</size>
         <input_file_ref idref="fl-12"/>
      </object_component>
      <object_component id="oc-193">
         <name>.debug_info</name>
         <load_address>0xc40f</load_address>
         <run_address>0xc40f</run_address>
         <size>0x27f</size>
         <input_file_ref idref="fl-12"/>
      </object_component>
      <object_component id="oc-148">
         <name>.debug_info</name>
         <load_address>0xc68e</load_address>
         <run_address>0xc68e</run_address>
         <size>0x2c3</size>
         <input_file_ref idref="fl-12"/>
      </object_component>
      <object_component id="oc-142">
         <name>.debug_info</name>
         <load_address>0xc951</load_address>
         <run_address>0xc951</run_address>
         <size>0x28f</size>
         <input_file_ref idref="fl-12"/>
      </object_component>
      <object_component id="oc-19f">
         <name>.debug_info</name>
         <load_address>0xcbe0</load_address>
         <run_address>0xcbe0</run_address>
         <size>0x28d</size>
         <input_file_ref idref="fl-12"/>
      </object_component>
      <object_component id="oc-13c">
         <name>.debug_info</name>
         <load_address>0xce6d</load_address>
         <run_address>0xce6d</run_address>
         <size>0x251</size>
         <input_file_ref idref="fl-12"/>
      </object_component>
      <object_component id="oc-12a">
         <name>.debug_info</name>
         <load_address>0xd0be</load_address>
         <run_address>0xd0be</run_address>
         <size>0x247</size>
         <input_file_ref idref="fl-12"/>
      </object_component>
      <object_component id="oc-136">
         <name>.debug_info</name>
         <load_address>0xd305</load_address>
         <run_address>0xd305</run_address>
         <size>0x249</size>
         <input_file_ref idref="fl-12"/>
      </object_component>
      <object_component id="oc-124">
         <name>.debug_info</name>
         <load_address>0xd54e</load_address>
         <run_address>0xd54e</run_address>
         <size>0x326</size>
         <input_file_ref idref="fl-12"/>
      </object_component>
      <object_component id="oc-118">
         <name>.debug_info</name>
         <load_address>0xd874</load_address>
         <run_address>0xd874</run_address>
         <size>0x291</size>
         <input_file_ref idref="fl-12"/>
      </object_component>
      <object_component id="oc-154">
         <name>.debug_info</name>
         <load_address>0xdb05</load_address>
         <run_address>0xdb05</run_address>
         <size>0x253</size>
         <input_file_ref idref="fl-12"/>
      </object_component>
      <object_component id="oc-160">
         <name>.debug_info</name>
         <load_address>0xdd58</load_address>
         <run_address>0xdd58</run_address>
         <size>0x273</size>
         <input_file_ref idref="fl-12"/>
      </object_component>
      <object_component id="oc-14e">
         <name>.debug_info</name>
         <load_address>0xdfcb</load_address>
         <run_address>0xdfcb</run_address>
         <size>0x24d</size>
         <input_file_ref idref="fl-12"/>
      </object_component>
      <object_component id="oc-15a">
         <name>.debug_info</name>
         <load_address>0xe218</load_address>
         <run_address>0xe218</run_address>
         <size>0x247</size>
         <input_file_ref idref="fl-12"/>
      </object_component>
      <object_component id="oc-22b">
         <name>.debug_info</name>
         <load_address>0xe45f</load_address>
         <run_address>0xe45f</run_address>
         <size>0x212</size>
         <input_file_ref idref="fl-13"/>
      </object_component>
      <object_component id="oc-251">
         <name>.debug_info</name>
         <load_address>0xe671</load_address>
         <run_address>0xe671</run_address>
         <size>0x145</size>
         <input_file_ref idref="fl-c9"/>
      </object_component>
      <object_component id="oc-3b">
         <name>.debug_info</name>
         <load_address>0xe7b6</load_address>
         <run_address>0xe7b6</run_address>
         <size>0x11c</size>
         <input_file_ref idref="fl-ca"/>
      </object_component>
      <object_component id="oc-8d">
         <name>.debug_info</name>
         <load_address>0xe8d2</load_address>
         <run_address>0xe8d2</run_address>
         <size>0x14a</size>
         <input_file_ref idref="fl-cb"/>
      </object_component>
      <object_component id="oc-8b">
         <name>.debug_info</name>
         <load_address>0xea1c</load_address>
         <run_address>0xea1c</run_address>
         <size>0x31e</size>
         <input_file_ref idref="fl-cc"/>
      </object_component>
      <object_component id="oc-4b">
         <name>.debug_info</name>
         <load_address>0xed3a</load_address>
         <run_address>0xed3a</run_address>
         <size>0x1b5</size>
         <input_file_ref idref="fl-cc"/>
      </object_component>
      <object_component id="oc-86">
         <name>.debug_info</name>
         <load_address>0xeeef</load_address>
         <run_address>0xeeef</run_address>
         <size>0x46</size>
         <input_file_ref idref="fl-cc"/>
      </object_component>
      <object_component id="oc-43">
         <name>.debug_info</name>
         <load_address>0xef35</load_address>
         <run_address>0xef35</run_address>
         <size>0x2a8</size>
         <input_file_ref idref="fl-cd"/>
      </object_component>
      <object_component id="oc-19">
         <name>.debug_info</name>
         <load_address>0xf1dd</load_address>
         <run_address>0xf1dd</run_address>
         <size>0x1ea</size>
         <input_file_ref idref="fl-cd"/>
      </object_component>
      <object_component id="oc-3e">
         <name>.debug_info</name>
         <load_address>0xf3c7</load_address>
         <run_address>0xf3c7</run_address>
         <size>0x46</size>
         <input_file_ref idref="fl-cd"/>
      </object_component>
      <object_component id="oc-7e">
         <name>.debug_info</name>
         <load_address>0xf40d</load_address>
         <run_address>0xf40d</run_address>
         <size>0x2c</size>
         <input_file_ref idref="fl-cd"/>
      </object_component>
      <object_component id="oc-7c">
         <name>.debug_info</name>
         <load_address>0xf439</load_address>
         <run_address>0xf439</run_address>
         <size>0x29e</size>
         <input_file_ref idref="fl-ce"/>
      </object_component>
      <object_component id="oc-14">
         <name>.debug_info</name>
         <load_address>0xf6d7</load_address>
         <run_address>0xf6d7</run_address>
         <size>0x250</size>
         <input_file_ref idref="fl-ce"/>
      </object_component>
      <object_component id="oc-2e">
         <name>.debug_info</name>
         <load_address>0xf927</load_address>
         <run_address>0xf927</run_address>
         <size>0x60</size>
         <input_file_ref idref="fl-ce"/>
      </object_component>
      <object_component id="oc-b0">
         <name>.debug_info</name>
         <load_address>0xf987</load_address>
         <run_address>0xf987</run_address>
         <size>0x46</size>
         <input_file_ref idref="fl-ce"/>
      </object_component>
      <object_component id="oc-77">
         <name>.debug_info</name>
         <load_address>0xf9cd</load_address>
         <run_address>0xf9cd</run_address>
         <size>0x39</size>
         <input_file_ref idref="fl-ce"/>
      </object_component>
      <object_component id="oc-22">
         <name>.debug_info</name>
         <load_address>0xfa06</load_address>
         <run_address>0xfa06</run_address>
         <size>0x10b</size>
         <input_file_ref idref="fl-cf"/>
      </object_component>
      <object_component id="oc-57">
         <name>.debug_info</name>
         <load_address>0xfb11</load_address>
         <run_address>0xfb11</run_address>
         <size>0x1af</size>
         <input_file_ref idref="fl-cf"/>
      </object_component>
      <object_component id="oc-1c5">
         <name>.debug_info</name>
         <load_address>0xfcc0</load_address>
         <run_address>0xfcc0</run_address>
         <size>0x122</size>
         <input_file_ref idref="fl-d0"/>
      </object_component>
      <object_component id="oc-296">
         <name>.debug_info</name>
         <load_address>0xfde2</load_address>
         <run_address>0xfde2</run_address>
         <size>0x2b9</size>
         <input_file_ref idref="fl-d3"/>
      </object_component>
      <object_component id="oc-18b">
         <name>.debug_info</name>
         <load_address>0x1009b</load_address>
         <run_address>0x1009b</run_address>
         <size>0x17c</size>
         <input_file_ref idref="fl-d3"/>
      </object_component>
      <object_component id="oc-351">
         <name>.debug_info</name>
         <load_address>0x10217</load_address>
         <run_address>0x10217</run_address>
         <size>0xf9</size>
         <input_file_ref idref="fl-d4"/>
      </object_component>
      <object_component id="oc-293">
         <name>.debug_info</name>
         <load_address>0x10310</load_address>
         <run_address>0x10310</run_address>
         <size>0x105</size>
         <input_file_ref idref="fl-d4"/>
      </object_component>
      <object_component id="oc-28b">
         <name>.debug_info</name>
         <load_address>0x10415</load_address>
         <run_address>0x10415</run_address>
         <size>0x333</size>
         <input_file_ref idref="fl-d5"/>
      </object_component>
      <object_component id="oc-17c">
         <name>.debug_info</name>
         <load_address>0x10748</load_address>
         <run_address>0x10748</run_address>
         <size>0x1d1</size>
         <input_file_ref idref="fl-d5"/>
      </object_component>
      <object_component id="oc-27f">
         <name>.debug_info</name>
         <load_address>0x10919</load_address>
         <run_address>0x10919</run_address>
         <size>0x18d</size>
         <input_file_ref idref="fl-d5"/>
      </object_component>
      <object_component id="oc-285">
         <name>.debug_info</name>
         <load_address>0x10aa6</load_address>
         <run_address>0x10aa6</run_address>
         <size>0x16d</size>
         <input_file_ref idref="fl-d5"/>
      </object_component>
      <object_component id="oc-3e9">
         <name>.debug_info</name>
         <load_address>0x10c13</load_address>
         <run_address>0x10c13</run_address>
         <size>0x2c</size>
         <input_file_ref idref="fl-d5"/>
      </object_component>
      <object_component id="oc-275">
         <name>.debug_info</name>
         <load_address>0x10c3f</load_address>
         <run_address>0x10c3f</run_address>
         <size>0x2a4</size>
         <input_file_ref idref="fl-d6"/>
      </object_component>
      <object_component id="oc-170">
         <name>.debug_info</name>
         <load_address>0x10ee3</load_address>
         <run_address>0x10ee3</run_address>
         <size>0x26d</size>
         <input_file_ref idref="fl-d6"/>
      </object_component>
      <object_component id="oc-273">
         <name>.debug_info</name>
         <load_address>0x11150</load_address>
         <run_address>0x11150</run_address>
         <size>0x2a4</size>
         <input_file_ref idref="fl-d8"/>
      </object_component>
      <object_component id="oc-16c">
         <name>.debug_info</name>
         <load_address>0x113f4</load_address>
         <run_address>0x113f4</run_address>
         <size>0x252</size>
         <input_file_ref idref="fl-d8"/>
      </object_component>
      <object_component id="oc-277">
         <name>.debug_info</name>
         <load_address>0x11646</load_address>
         <run_address>0x11646</run_address>
         <size>0x28f</size>
         <input_file_ref idref="fl-d9"/>
      </object_component>
      <object_component id="oc-176">
         <name>.debug_info</name>
         <load_address>0x118d5</load_address>
         <run_address>0x118d5</run_address>
         <size>0x24b</size>
         <input_file_ref idref="fl-d9"/>
      </object_component>
      <object_component id="oc-2f3">
         <name>.debug_info</name>
         <load_address>0x11b20</load_address>
         <run_address>0x11b20</run_address>
         <size>0x118</size>
         <input_file_ref idref="fl-da"/>
      </object_component>
      <object_component id="oc-2b2">
         <name>.debug_info</name>
         <load_address>0x11c38</load_address>
         <run_address>0x11c38</run_address>
         <size>0x552</size>
         <input_file_ref idref="fl-db"/>
      </object_component>
      <object_component id="oc-1d1">
         <name>.debug_info</name>
         <load_address>0x1218a</load_address>
         <run_address>0x1218a</run_address>
         <size>0x1a6</size>
         <input_file_ref idref="fl-db"/>
      </object_component>
      <object_component id="oc-364">
         <name>.debug_info</name>
         <load_address>0x12330</load_address>
         <run_address>0x12330</run_address>
         <size>0x39</size>
         <input_file_ref idref="fl-db"/>
      </object_component>
      <object_component id="oc-3fd">
         <name>.debug_info</name>
         <load_address>0x12369</load_address>
         <run_address>0x12369</run_address>
         <size>0x39</size>
         <input_file_ref idref="fl-db"/>
      </object_component>
      <object_component id="oc-369">
         <name>.debug_info</name>
         <load_address>0x123a2</load_address>
         <run_address>0x123a2</run_address>
         <size>0x39</size>
         <input_file_ref idref="fl-db"/>
      </object_component>
      <object_component id="oc-36e">
         <name>.debug_info</name>
         <load_address>0x123db</load_address>
         <run_address>0x123db</run_address>
         <size>0xcd</size>
         <input_file_ref idref="fl-db"/>
      </object_component>
      <object_component id="oc-93">
         <name>.debug_info</name>
         <load_address>0x124a8</load_address>
         <run_address>0x124a8</run_address>
         <size>0x153</size>
         <input_file_ref idref="fl-dc"/>
      </object_component>
      <object_component id="oc-340">
         <name>.debug_info</name>
         <load_address>0x125fb</load_address>
         <run_address>0x125fb</run_address>
         <size>0x8b1</size>
         <input_file_ref idref="fl-de"/>
      </object_component>
      <object_component id="oc-30c">
         <name>.debug_info</name>
         <load_address>0x12eac</load_address>
         <run_address>0x12eac</run_address>
         <size>0x21e</size>
         <input_file_ref idref="fl-de"/>
      </object_component>
      <object_component id="oc-3ad">
         <name>.debug_info</name>
         <load_address>0x130ca</load_address>
         <run_address>0x130ca</run_address>
         <size>0x1b3</size>
         <input_file_ref idref="fl-de"/>
      </object_component>
      <object_component id="oc-3b3">
         <name>.debug_info</name>
         <load_address>0x1327d</load_address>
         <run_address>0x1327d</run_address>
         <size>0x21b</size>
         <input_file_ref idref="fl-de"/>
      </object_component>
      <object_component id="oc-317">
         <name>.debug_info</name>
         <load_address>0x13498</load_address>
         <run_address>0x13498</run_address>
         <size>0x3bb</size>
         <input_file_ref idref="fl-de"/>
      </object_component>
      <object_component id="oc-3ba">
         <name>.debug_info</name>
         <load_address>0x13853</load_address>
         <run_address>0x13853</run_address>
         <size>0x305</size>
         <input_file_ref idref="fl-de"/>
      </object_component>
      <object_component id="oc-3c0">
         <name>.debug_info</name>
         <load_address>0x13b58</load_address>
         <run_address>0x13b58</run_address>
         <size>0x215</size>
         <input_file_ref idref="fl-de"/>
      </object_component>
      <object_component id="oc-31d">
         <name>.debug_info</name>
         <load_address>0x13d6d</load_address>
         <run_address>0x13d6d</run_address>
         <size>0x215</size>
         <input_file_ref idref="fl-de"/>
      </object_component>
      <object_component id="oc-323">
         <name>.debug_info</name>
         <load_address>0x13f82</load_address>
         <run_address>0x13f82</run_address>
         <size>0x304</size>
         <input_file_ref idref="fl-de"/>
      </object_component>
      <object_component id="oc-329">
         <name>.debug_info</name>
         <load_address>0x14286</load_address>
         <run_address>0x14286</run_address>
         <size>0x4b0</size>
         <input_file_ref idref="fl-de"/>
      </object_component>
      <object_component id="oc-27a">
         <name>.debug_info</name>
         <load_address>0x14736</load_address>
         <run_address>0x14736</run_address>
         <size>0x5d8</size>
         <input_file_ref idref="fl-de"/>
      </object_component>
      <object_component id="oc-341">
         <name>.debug_info</name>
         <load_address>0x14d0e</load_address>
         <run_address>0x14d0e</run_address>
         <size>0x86</size>
         <input_file_ref idref="fl-de"/>
      </object_component>
      <object_component id="oc-3ee">
         <name>.debug_info</name>
         <load_address>0x14d94</load_address>
         <run_address>0x14d94</run_address>
         <size>0x39</size>
         <input_file_ref idref="fl-de"/>
      </object_component>
      <object_component id="oc-434">
         <name>.debug_info</name>
         <load_address>0x14dcd</load_address>
         <run_address>0x14dcd</run_address>
         <size>0xb6</size>
         <input_file_ref idref="fl-de"/>
      </object_component>
      <object_component id="oc-3f3">
         <name>.debug_info</name>
         <load_address>0x14e83</load_address>
         <run_address>0x14e83</run_address>
         <size>0x46</size>
         <input_file_ref idref="fl-de"/>
      </object_component>
      <object_component id="oc-346">
         <name>.debug_info</name>
         <load_address>0x14ec9</load_address>
         <run_address>0x14ec9</run_address>
         <size>0x46</size>
         <input_file_ref idref="fl-de"/>
      </object_component>
      <object_component id="oc-40f">
[...]
         <object_component_ref idref="oc-98"/>
      </symbol>
      <symbol id="sm-254">
         <name>CWLIFesp</name>
         <value>0x783</value>
         <object_component_ref idref="oc-98"/>
      </symbol>
      <symbol id="sm-255">
         <name>CIPSERVEResp</name>
         <value>0x74d</value>
         <object_component_ref idref="oc-98"/>
      </symbol>
      <symbol id="sm-256">
         <name>main</name>
         <value>0x1349</value>
         <object_component_ref idref="oc-98"/>
      </symbol>
      <symbol id="sm-257">
         <name>sendTime</name>
         <value>0x20004e82</value>
         <object_component_ref idref="oc-163"/>
      </symbol>
      <symbol id="sm-258">
         <name>CIPCLOSEesp</name>
         <value>0x7d9</value>
         <object_component_ref idref="oc-98"/>
      </symbol>
      <symbol id="sm-259">
         <name>postToDB</name>
         <value>0xfbf</value>
         <object_component_ref idref="oc-98"/>
      </symbol>
      <symbol id="sm-25a">
         <name>SearchIndexOf</name>
         <value>0x405</value>
         <object_component_ref idref="oc-98"/>
      </symbol>
      <symbol id="sm-25b">
         <name>delayMs</name>
         <value>0x26d</value>
         <object_component_ref idref="oc-98"/>
      </symbol>
      <symbol id="sm-25c">
         <name>CIPAPesp</name>
         <value>0x703</value>
         <object_component_ref idref="oc-98"/>
      </symbol>
      <symbol id="sm-25d">
         <name>isConnection</name>
         <value>0x20004e80</value>
         <object_component_ref idref="oc-163"/>
      </symbol>
      <symbol id="sm-25e">
         <name>setSystem</name>
         <value>0xfdb</value>
         <object_component_ref idref="oc-98"/>
      </symbol>
      <symbol id="sm-25f">
         <name>CIPSENDesp</name>
         <value>0x86d</value>
         <object_component_ref idref="oc-98"/>
      </symbol>
      <symbol id="sm-260">
         <name>ATesp</name>
         <value>0x5c9</value>
         <object_component_ref idref="oc-98"/>
      </symbol>
      <symbol id="sm-261">
         <name>recvFind</name>
         <value>0x591</value>
         <object_component_ref idref="oc-98"/>
      </symbol>
      <symbol id="sm-262">
         <name>cMode</name>
         <value>0x20004e81</value>
         <object_component_ref idref="oc-163"/>
      </symbol>
      <symbol id="sm-263">
         <name>RSTesp</name>
         <value>0x609</value>
         <object_component_ref idref="oc-98"/>
      </symbol>
      <symbol id="sm-264">
         <name>Timer5IntHandler</name>
         <value>0x29f</value>
         <object_component_ref idref="oc-98"/>
      </symbol>
      <symbol id="sm-265">
         <name>dcFromDB</name>
         <value>0xfb3</value>
         <object_component_ref idref="oc-98"/>
      </symbol>
      <symbol id="sm-266">
         <name>btHandler</name>
         <value>0x1105</value>
         <object_component_ref idref="oc-98"/>
      </symbol>
      <symbol id="sm-267">
         <name>SendATCommand</name>
         <value>0x4d5</value>
         <object_component_ref idref="oc-98"/>
      </symbol>
      <symbol id="sm-283">
         <name>ResetISR</name>
         <value>0x474b</value>
         <object_component_ref idref="oc-24"/>
      </symbol>
      <symbol id="sm-284">
         <name>g_pfnVectors</name>
         <value>0x0</value>
         <object_component_ref idref="oc-f"/>
      </symbol>
      <symbol id="sm-2f9">
         <name>UARTgetc</name>
         <value>0x265b</value>
         <object_component_ref idref="oc-11b"/>
      </symbol>
      <symbol id="sm-2fa">
         <name>UARTgets</name>
         <value>0x25a1</value>
         <object_component_ref idref="oc-11b"/>
      </symbol>
      <symbol id="sm-2fb">
         <name>UARTStdioConfig</name>
         <value>0x2515</value>
         <object_component_ref idref="oc-11b"/>
      </symbol>
      <symbol id="sm-2fc">
         <name>UARTwrite</name>
         <value>0x255b</value>
         <object_component_ref idref="oc-11b"/>
      </symbol>
      <symbol id="sm-2fd">
         <name>UARTprintf</name>
         <value>0x297b</value>
         <object_component_ref idref="oc-11b"/>
      </symbol>
      <symbol id="sm-2fe">
         <name>UARTvprintf</name>
         <value>0x2681</value>
         <object_component_ref idref="oc-11b"/>
      </symbol>
      <symbol id="sm-345">
         <name>GPIOPinConfigure</name>
         <value>0x4231</value>
         <object_component_ref idref="oc-109"/>
      </symbol>
      <symbol id="sm-346">
         <name>GPIOPinTypeUART</name>
         <value>0x46b1</value>
         <object_component_ref idref="oc-10f"/>
      </symbol>
      <symbol id="sm-347">
         <name>GPIOPinTypeGPIOOutput</name>
         <value>0x45d7</value>
         <object_component_ref idref="oc-1a8"/>
      </symbol>
      <symbol id="sm-348">
         <name>GPIODirModeSet</name>
         <value>0x4553</value>
         <object_component_ref idref="oc-236"/>
      </symbol>
      <symbol id="sm-349">
         <name>GPIOPinWrite</name>
         <value>0x47a9</value>
         <object_component_ref idref="oc-1b4"/>
      </symbol>
      <symbol id="sm-34a">
         <name>GPIOPadConfigSet</name>
         <value>0x3463</value>
         <object_component_ref idref="oc-1ae"/>
      </symbol>
      <symbol id="sm-39f">
         <name>IntEnable</name>
         <value>0x3f09</value>
         <object_component_ref idref="oc-f1"/>
      </symbol>
      <symbol id="sm-3a0">
         <name>IntDisable</name>
         <value>0x3ea1</value>
         <object_component_ref idref="oc-12d"/>
      </symbol>
      <symbol id="sm-3a1">
         <name>IntRegister</name>
         <value>0x44bd</value>
         <object_component_ref idref="oc-21c"/>
      </symbol>
      <symbol id="sm-3a2">
         <name>g_pfnRAMVectors</name>
         <value>0x20000000</value>
         <object_component_ref idref="oc-2db"/>
      </symbol>
      <symbol id="sm-3a3">
         <name>IntMasterEnable</name>
         <value>0x46e7</value>
         <object_component_ref idref="oc-103"/>
      </symbol>
      <symbol id="sm-400">
         <name>SysCtlPeripheralPresent</name>
         <value>0x444d</value>
         <object_component_ref idref="oc-23f"/>
      </symbol>
      <symbol id="sm-401">
         <name>SysCtlClockSet</name>
         <value>0x39d5</value>
         <object_component_ref idref="oc-1a2"/>
      </symbol>
      <symbol id="sm-402">
         <name>SysCtlDelay</name>
         <value>0x47af</value>
         <object_component_ref idref="oc-c6"/>
      </symbol>
      <symbol id="sm-403">
         <name>SysCtlPeripheralEnable</name>
         <value>0x44f1</value>
         <object_component_ref idref="oc-d9"/>
      </symbol>
      <symbol id="sm-404">
         <name>SysCtlClockGet</name>
         <value>0x36b9</value>
         <object_component_ref idref="oc-c0"/>
      </symbol>
      <symbol id="sm-41d">
         <name>SysTickEnable</name>
         <value>0x464d</value>
         <object_component_ref idref="oc-d3"/>
      </symbol>
      <symbol id="sm-41e">
         <name>SysTickPeriodSet</name>
         <value>0x46f9</value>
         <object_component_ref idref="oc-cd"/>
      </symbol>
      <symbol id="sm-479">
         <name>TimerLoadSet</name>
         <value>0x46c3</value>
         <object_component_ref idref="oc-e5"/>
      </symbol>
      <symbol id="sm-47a">
         <name>TimerIntRegister</name>
         <value>0x45ef</value>
         <object_component_ref idref="oc-eb"/>
      </symbol>
      <symbol id="sm-47b">
         <name>TimerEnable</name>
         <value>0x4709</value>
         <object_component_ref idref="oc-fd"/>
      </symbol>
      <symbol id="sm-47c">
         <name>TimerIntEnable</name>
         <value>0x4789</value>
         <object_component_ref idref="oc-f7"/>
      </symbol>
      <symbol id="sm-47d">
         <name>TimerConfigure</name>
         <value>0x403d</value>
         <object_component_ref idref="oc-df"/>
      </symbol>
      <symbol id="sm-47e">
         <name>TimerIntClear</name>
         <value>0x47bb</value>
         <object_component_ref idref="oc-c7"/>
      </symbol>
      <symbol id="sm-510">
         <name>UARTFIFODisable</name>
         <value>0x476b</value>
         <object_component_ref idref="oc-139"/>
      </symbol>
      <symbol id="sm-511">
         <name>UARTConfigSetExpClk</name>
         <value>0x42c1</value>
         <object_component_ref idref="oc-121"/>
      </symbol>
      <symbol id="sm-512">
         <name>UARTDisable</name>
         <value>0x457d</value>
         <object_component_ref idref="oc-133"/>
      </symbol>
      <symbol id="sm-513">
         <name>UARTBusy</name>
         <value>0x4791</value>
         <object_component_ref idref="oc-157"/>
      </symbol>
      <symbol id="sm-514">
         <name>UARTIntEnable</name>
         <value>0x4799</value>
         <object_component_ref idref="oc-13f"/>
      </symbol>
      <symbol id="sm-515">
         <name>UARTCharsAvail</name>
         <value>0x4717</value>
         <object_component_ref idref="oc-151"/>
      </symbol>
      <symbol id="sm-516">
         <name>UARTClockSourceSet</name>
         <value>0x47b5</value>
         <object_component_ref idref="oc-115"/>
      </symbol>
      <symbol id="sm-517">
         <name>UARTCharPut</name>
         <value>0x4761</value>
         <object_component_ref idref="oc-15d"/>
      </symbol>
      <symbol id="sm-518">
         <name>UARTEnable</name>
         <value>0x4661</value>
         <object_component_ref idref="oc-127"/>
      </symbol>
      <symbol id="sm-519">
         <name>UARTIntClear</name>
         <value>0x47bf</value>
         <object_component_ref idref="oc-19c"/>
      </symbol>
      <symbol id="sm-51a">
         <name>UARTIntStatus</name>
         <value>0x4775</value>
         <object_component_ref idref="oc-190"/>
      </symbol>
      <symbol id="sm-51b">
         <name>UARTCharGet</name>
         <value>0x4757</value>
         <object_component_ref idref="oc-14b"/>
      </symbol>
      <symbol id="sm-51c">
         <name>UARTIntRegister</name>
         <value>0x4607</value>
         <object_component_ref idref="oc-145"/>
      </symbol>
      <symbol id="sm-526">
         <name>CPUcpsie</name>
         <value>0x4733</value>
         <object_component_ref idref="oc-22a"/>
      </symbol>
      <symbol id="sm-535">
         <name>__aeabi_uidivmod</name>
         <value>0x438d</value>
         <object_component_ref idref="oc-24e"/>
      </symbol>
      <symbol id="sm-536">
         <name>__aeabi_uidiv</name>
         <value>0x438d</value>
         <object_component_ref idref="oc-24e"/>
      </symbol>
      <symbol id="sm-551">
         <name>memcpy</name>
         <value>0x3b7b</value>
         <object_component_ref idref="oc-38"/>
      </symbol>
      <symbol id="sm-552">
         <name>__aeabi_memcpy</name>
         <value>0x3b7b</value>
         <object_component_ref idref="oc-38"/>
      </symbol>
      <symbol id="sm-553">
         <name>__aeabi_memcpy8</name>
         <value>0x3b7b</value>
         <object_component_ref idref="oc-38"/>
      </symbol>
      <symbol id="sm-554">
         <name>__aeabi_memcpy4</name>
         <value>0x3b7b</value>
         <object_component_ref idref="oc-38"/>
      </symbol>
      <symbol id="sm-563">
         <name>__aeabi_memset</name>
         <value>0x3dbb</value>
         <object_component_ref idref="oc-8c"/>
      </symbol>
      <symbol id="sm-564">
         <name>memset</name>
         <value>0x3dc1</value>
         <object_component_ref idref="oc-8c"/>
      </symbol>
      <symbol id="sm-565">
         <name>__aeabi_memset8</name>
         <value>0x3dbb</value>
         <object_component_ref idref="oc-8c"/>
      </symbol>
      <symbol id="sm-566">
         <name>__aeabi_memset4</name>
         <value>0x3dbb</value>
         <object_component_ref idref="oc-8c"/>
      </symbol>
      <symbol id="sm-567">
         <name>__aeabi_memclr8</name>
         <value>0x3db9</value>
         <object_component_ref idref="oc-8c"/>
      </symbol>
      <symbol id="sm-568">
         <name>__aeabi_memclr4</name>
         <value>0x3db9</value>
         <object_component_ref idref="oc-8c"/>
      </symbol>
      <symbol id="sm-569">
         <name>__aeabi_memclr</name>
         <value>0x3db9</value>
         <object_component_ref idref="oc-8c"/>
      </symbol>
      <symbol id="sm-57b">
         <name>__TI_zero_init</name>
         <value>0x473f</value>
         <object_component_ref idref="oc-4a"/>
      </symbol>
      <symbol id="sm-592">
         <name>__TI_decompress_none</name>
         <value>0x4725</value>
         <object_component_ref idref="oc-18"/>
      </symbol>
      <symbol id="sm-5b5">
         <name>__TI_decompress_lzss</name>
         <value>0x3f71</value>
         <object_component_ref idref="oc-12"/>
      </symbol>
      <symbol id="sm-5c8">
         <name>__stack</name>
         <value>0x20004c70</value>
         <object_component_ref idref="oc-21"/>
      </symbol>
      <symbol id="sm-5c9">
         <name>_c_int00_noargs</name>
         <value>0x4485</value>
         <object_component_ref idref="oc-56"/>
      </symbol>
      <symbol id="sm-5d4">
         <name>C$$EXIT</name>
         <value>0x47c7</value>
         <object_component_ref idref="oc-1c4"/>
      </symbol>
      <symbol id="sm-5d5">
         <name>abort</name>
         <value>0x47c7</value>
         <object_component_ref idref="oc-1c4"/>
      </symbol>
      <symbol id="sm-5ed">
         <name>atoi</name>
         <value>0x41e5</value>
         <object_component_ref idref="oc-18a"/>
      </symbol>
      <symbol id="sm-5f8">
         <name>_ctypes_</name>
         <value>0x47cc</value>
         <object_component_ref idref="oc-292"/>
      </symbol>
      <symbol id="sm-61f">
         <name>sprintf</name>
         <value>0x43cd</value>
         <object_component_ref idref="oc-17b"/>
      </symbol>
      <symbol id="sm-62f">
         <name>strcat</name>
         <value>0x459d</value>
         <object_component_ref idref="oc-16f"/>
      </symbol>
      <symbol id="sm-63e">
         <name>strcpy</name>
         <value>0x4689</value>
         <object_component_ref idref="oc-169"/>
      </symbol>
      <symbol id="sm-64c">
         <name>strlen</name>
         <value>0x469d</value>
         <object_component_ref idref="oc-175"/>
      </symbol>
      <symbol id="sm-656">
         <name>__aeabi_idiv0</name>
         <value>0x2513</value>
         <object_component_ref idref="oc-2f2"/>
      </symbol>
      <symbol id="sm-657">
         <name>__aeabi_ldiv0</name>
         <value>0x2513</value>
         <object_component_ref idref="oc-2f2"/>
      </symbol>
      <symbol id="sm-67f">
         <name>__TI_auto_init_nobinit_nopinit</name>
         <value>0x4309</value>
         <object_component_ref idref="oc-1d0"/>
      </symbol>
      <symbol id="sm-689">
         <name>_system_pre_init</name>
         <value>0x47c3</value>
         <object_component_ref idref="oc-92"/>
      </symbol>
      <symbol id="sm-7ef">
         <name>__TI_printfi</name>
         <value>0x1ab5</value>
         <object_component_ref idref="oc-278"/>
      </symbol>
      <symbol id="sm-7fe">
         <name>ltoa</name>
         <value>0x40f3</value>
         <object_component_ref idref="oc-39b"/>
      </symbol>
      <symbol id="sm-80e">
         <name>memccpy</name>
         <value>0x45bb</value>
         <object_component_ref idref="oc-32d"/>
      </symbol>
      <symbol id="sm-81e">
         <name>strchr</name>
         <value>0x4637</value>
         <object_component_ref idref="oc-3d2"/>
      </symbol>
      <symbol id="sm-837">
         <name>wcslen</name>
         <value>0x46d5</value>
         <object_component_ref idref="oc-333"/>
      </symbol>
      <symbol id="sm-857">
         <name>frexpl</name>
         <value>0x3fd9</value>
         <object_component_ref idref="oc-3c6"/>
      </symbol>
      <symbol id="sm-858">
         <name>frexp</name>
         <value>0x3fd9</value>
         <object_component_ref idref="oc-3c6"/>
      </symbol>
      <symbol id="sm-875">
         <name>scalbn</name>
         <value>0x37c9</value>
         <object_component_ref idref="oc-3cc"/>
      </symbol>
      <symbol id="sm-876">
         <name>scalbnl</name>
         <value>0x37c9</value>
         <object_component_ref idref="oc-3cc"/>
      </symbol>
      <symbol id="sm-877">
         <name>ldexpl</name>
         <value>0x37c9</value>
         <object_component_ref idref="oc-3cc"/>
      </symbol>
      <symbol id="sm-878">
         <name>ldexp</name>
         <value>0x37c9</value>
         <object_component_ref idref="oc-3cc"/>
      </symbol>
      <symbol id="sm-88f">
         <name>__aeabi_dsub</name>
         <value>0x3039</value>
         <object_component_ref idref="oc-3a6"/>
      </symbol>
      <symbol id="sm-890">
         <name>__aeabi_dadd</name>
         <value>0x3043</value>
         <object_component_ref idref="oc-3a6"/>
      </symbol>
      <symbol id="sm-8b2">
         <name>__aeabi_cdcmpeq</name>
         <value>0x3cad</value>
         <object_component_ref idref="oc-310"/>
      </symbol>
      <symbol id="sm-8b3">
         <name>__aeabi_cdcmple</name>
         <value>0x3cad</value>
         <object_component_ref idref="oc-310"/>
      </symbol>
      <symbol id="sm-8b4">
         <name>__aeabi_cdrcmple</name>
         <value>0x3d33</value>
         <object_component_ref idref="oc-391"/>
      </symbol>
      <symbol id="sm-8c8">
         <name>__aeabi_ddiv</name>
         <value>0x332d</value>
         <object_component_ref idref="oc-38c"/>
      </symbol>
      <symbol id="sm-8d3">
         <name>__aeabi_dmul</name>
         <value>0x38d9</value>
         <object_component_ref idref="oc-387"/>
      </symbol>
      <symbol id="sm-8dd">
         <name>__aeabi_d2iz</name>
         <value>0x4279</value>
         <object_component_ref idref="oc-396"/>
      </symbol>
      <symbol id="sm-8e7">
         <name>__aeabi_i2d</name>
         <value>0x4525</value>
         <object_component_ref idref="oc-3a1"/>
      </symbol>
      <symbol id="sm-8f4">
         <name>__aeabi_uldivmod</name>
         <value>0x3c17</value>
         <object_component_ref idref="oc-380"/>
      </symbol>
      <symbol id="sm-90a">
         <name>__aeabi_errno_addr</name>
         <value>0x47a1</value>
         <object_component_ref idref="oc-339"/>
      </symbol>
      <symbol id="sm-90b">
         <name>errno</name>
         <value>0x20004e90</value>
         <object_component_ref idref="oc-3e2"/>
      </symbol>
      <symbol id="sm-915">
         <name>copysign</name>
         <value>0x4675</value>
         <object_component_ref idref="oc-41d"/>
      </symbol>
      <symbol id="sm-916">
         <name>copysignl</name>
         <value>0x4675</value>
         <object_component_ref idref="oc-41d"/>
      </symbol>
      <symbol id="sm-917">
         <name>__TI_static_base__</name>
         <value>0x0</value>
      </symbol>
      <symbol id="sm-91a">
         <name>__mpu_init</name>
         <value>0x0</value>
      </symbol>
      <symbol id="sm-91b">
         <name>_system_post_cinit</name>
         <value>0x0</value>
      </symbol>
   </symbol_table>
   <title>Link successful</title>
</link_info>
