******************************************************************************
                  TI ARM Linker PC v18.1.4                     
******************************************************************************
>> Linked Tue May 21 20:26:23 2019

OUTPUT FILE NAME:   <rgb.out>
ENTRY POINT SYMBOL: "_c_int00_noargs"  address: 0000405d


MEMORY CONFIGURATION

         name            origin    length      used     unused   attr    fill
----------------------  --------  ---------  --------  --------  ----  --------
  FLASH                 00000000   00040000  000047da  0003b826  R  X
  SRAM                  20000000   00008000  00004e8c  00003174  RW X


SEGMENT ALLOCATION MAP

run origin  load origin   length   init length attrs members
----------  ----------- ---------- ----------- ----- -------
00000000    00000000    000047e0   000047e0    r-x
  00000000    00000000    0000026c   0000026c    r-- .intvecs
  0000026c    0000026c    00004136   00004136    r-x .text
  000043a4    000043a4    000003f8   000003f8    r-- .const
  000047a0    000047a0    00000040   00000040    r-- .cinit
20000000    20000000    00004e90   00000000    rw-
  20000000    20000000    0000026c   00000000    rw- .vtable
  2000026c    2000026c    00004a00   00000000    rw- .bss
  20004c70    20004c70    00000200   00000000    rw- .stack
  20004e70    20004e70    00000020   00000000    rw- .data


SECTION ALLOCATION MAP

 output                                  attributes/
section   page    origin      length       input sections
--------  ----  ----------  ----------   ----------------
.intvecs   0    00000000    0000026c     
                  00000000    0000026c     tm4c123gh6pm_startup_ccs.obj (.intvecs)

.text      0    0000026c    00004136     
                  0000026c    00001430     main.obj (.text)
                  0000169c    00000a5e     rtsv7M4_T_le_v4SPD16_eabi.lib : _printfi.c.obj (.text:__TI_printfi)
                  000020fa    00000002                                   : div0.asm.obj (.text)
                  000020fc    0000049c     uartstdio.obj (.text)
                  00002598    00000270     rtsv7M4_T_le_v4SPD16_eabi.lib : _printfi.c.obj (.text:_pconv_a)
                  00002808    00000238     display.obj (.text)
                  00002a40    000001d0     rtsv7M4_T_le_v4SPD16_eabi.lib : _printfi.c.obj (.text:_pconv_g)
                  00002c10    000001b6                                   : fd_add_t2.asm.obj (.text)
                  00002dc6    00000002     --HOLE-- [fill = 0]
                  00002dc8    0000013c                                   : _printfi.c.obj (.text:_pconv_e)
                  00002f04    00000136                                   : fd_div_t2.asm.obj (.text)
                  0000303a    00000132     driverlib.lib : gpio.obj (.text:GPIOPadConfigSet)
                  0000316c    00000124     rtsv7M4_T_le_v4SPD16_eabi.lib : _printfi.c.obj (.text:fcvt)
                  00003290    00000110     driverlib.lib : sysctl.obj (.text:SysCtlClockGet)
                  000033a0    00000110     rtsv7M4_T_le_v4SPD16_eabi.lib : s_scalbn.c.obj (.text:scalbn)
                  000034b0    000000fc                                   : fd_mul_t2.asm.obj (.text)
                  000035ac    000000f4     driverlib.lib : sysctl.obj (.text:SysCtlClockSet)
                  000036a0    000000b1     rtsv7M4_T_le_v4SPD16_eabi.lib : _printfi.c.obj (.text:_ltostr)
                  00003751    00000001     --HOLE-- [fill = 0]
                  00003752    0000009c                                   : memcpy_t2.asm.obj (.text)
                  000037ee    00000096                                   : ull_div_t2.asm.obj (.text)
                  00003884    00000086                                   : fd_cmp_t2.asm.obj (.text:__aeabi_cdcmple)
                  0000390a    00000086                                   : fd_cmp_t2.asm.obj (.text:__aeabi_cdrcmple)
                  00003990    0000007a                                   : memset_t2.asm.obj (.text)
                  00003a0a    0000006e                                   : _printfi.c.obj (.text:_mcpy)
                  00003a78    00000068     driverlib.lib : interrupt.obj (.text:IntDisable)
                  00003ae0    00000068                   : interrupt.obj (.text:IntEnable)
                  00003b48    00000068     rtsv7M4_T_le_v4SPD16_eabi.lib : copy_decompress_lzss.c.obj (.text:decompress:lzss:__TI_decompress_lzss)
                  00003bb0    00000064                                   : s_frexp.c.obj (.text:frexp)
                  00003c14    00000060     driverlib.lib : timer.obj (.text:TimerConfigure)
                  00003c74    00000056     rtsv7M4_T_le_v4SPD16_eabi.lib : _printfi.c.obj (.text:_pconv_f)
                  00003cca    00000054                                   : ltoa.c.obj (.text:ltoa)
                  00003d1e    00000052                                   : _printfi.c.obj (.text:_ecpy)
                  00003d70    0000004c     driverlib.lib : timer.obj (.text:_TimerIntNumberGet)
                  00003dbc    0000004c     rtsv7M4_T_le_v4SPD16_eabi.lib : atoi.c.obj (.text:atoi)
                  00003e08    00000048     driverlib.lib : gpio.obj (.text:GPIOPinConfigure)
                  00003e50    00000048     rtsv7M4_T_le_v4SPD16_eabi.lib : fd_toi_t2.asm.obj (.text)
                  00003e98    00000046     driverlib.lib : uart.obj (.text:UARTConfigSetExpClk)
                  00003ede    00000002     --HOLE-- [fill = 0]
                  00003ee0    00000044     rtsv7M4_T_le_v4SPD16_eabi.lib : autoinit.c.obj (.text:__TI_auto_init_nobinit_nopinit:__TI_auto_init_nobinit_nopinit)
                  00003f24    00000040     driverlib.lib : uart.obj (.text:_UARTIntNumberGet)
                  00003f64    00000040     rtsv7M4_T_le_v4SPD16_eabi.lib : u_divt2.asm.obj (.text)
                  00003fa4    00000040                                   : sprintf.c.obj (.text:sprintf)
                  00003fe4    0000003e                                   : _printfi.c.obj (.text:_fcpy)
                  00004022    00000002     --HOLE-- [fill = 0]
                  00004024    00000038     driverlib.lib : sysctl.obj (.text:SysCtlPeripheralPresent)
                  0000405c    00000038     rtsv7M4_T_le_v4SPD16_eabi.lib : boot_cortex_m.c.obj (.text:_c_int00_noargs:_c_int00_noargs)
                  00004094    00000034     driverlib.lib : interrupt.obj (.text:IntRegister)
                  000040c8    00000034                   : sysctl.obj (.text:SysCtlPeripheralEnable)
                  000040fc    0000002e     rtsv7M4_T_le_v4SPD16_eabi.lib : i_tofd_t2.asm.obj (.text)
                  0000412a    0000002a     driverlib.lib : gpio.obj (.text:GPIODirModeSet)
                  00004154    00000020                   : uart.obj (.text:UARTDisable)
                  00004174    0000001e     rtsv7M4_T_le_v4SPD16_eabi.lib : strcat.c.obj (.text:strcat)
                  00004192    0000001c                                   : memccpy.c.obj (.text:memccpy)
                  000041ae    00000018     driverlib.lib : gpio.obj (.text:GPIOPinTypeGPIOOutput)
                  000041c6    00000018                   : timer.obj (.text:TimerIntRegister)
                  000041de    00000018                   : uart.obj (.text:UARTIntRegister)
                  000041f6    00000018     rtsv7M4_T_le_v4SPD16_eabi.lib : sprintf.c.obj (.text:_outs)
                  0000420e    00000016                                   : strchr.c.obj (.text:strchr)
                  00004224    00000014     driverlib.lib : systick.obj (.text:SysTickEnable)
                  00004238    00000014                   : uart.obj (.text:UARTEnable)
                  0000424c    00000014     rtsv7M4_T_le_v4SPD16_eabi.lib : s_copysign.c.obj (.text:copysign)
                  00004260    00000014                                   : strcpy.c.obj (.text:strcpy)
                  00004274    00000014                                   : strlen.c.obj (.text:strlen)
                  00004288    00000012     driverlib.lib : gpio.obj (.text:GPIOPinTypeUART)
                  0000429a    00000012                   : timer.obj (.text:TimerLoadSet)
                  000042ac    00000012     rtsv7M4_T_le_v4SPD16_eabi.lib : wcslen.c.obj (.text:wcslen)
                  000042be    00000010     driverlib.lib : interrupt.obj (.text:IntMasterEnable)
                  000042ce    00000002     --HOLE-- [fill = 0]
                  000042d0    00000010                   : systick.obj (.text:SysTickPeriodSet)
                  000042e0    0000000e                   : timer.obj (.text:TimerEnable)
                  000042ee    0000000e                   : uart.obj (.text:UARTCharsAvail)
                  000042fc    0000000e     rtsv7M4_T_le_v4SPD16_eabi.lib : copy_decompress_none.c.obj (.text:decompress:none:__TI_decompress_none)
                  0000430a    0000000c     driverlib.lib : cpu.obj (.text:CPUcpsie)
                  00004316    0000000c     rtsv7M4_T_le_v4SPD16_eabi.lib : copy_zero_init.c.obj (.text:decompress:ZI:__TI_zero_init)
                  00004322    0000000c     tm4c123gh6pm_startup_ccs.obj (.text)
                  0000432e    0000000a     driverlib.lib : uart.obj (.text:UARTCharGet)
                  00004338    0000000a                   : uart.obj (.text:UARTCharPut)
                  00004342    0000000a                   : uart.obj (.text:UARTFIFODisable)
                  0000434c    0000000a                   : uart.obj (.text:UARTIntStatus)
                  00004356    0000000a     rtsv7M4_T_le_v4SPD16_eabi.lib : sprintf.c.obj (.text:_outc)
                  00004360    00000008     driverlib.lib : timer.obj (.text:TimerIntEnable)
                  00004368    00000008                   : uart.obj (.text:UARTBusy)
                  00004370    00000008                   : uart.obj (.text:UARTIntEnable)
                  00004378    00000008     rtsv7M4_T_le_v4SPD16_eabi.lib : errno.c.obj (.text:__aeabi_errno_addr)
                  00004380    00000006     driverlib.lib : gpio.obj (.text:GPIOPinWrite)
                  00004386    00000006                   : sysctl.obj (.text:SysCtlDelay)
                  0000438c    00000006                   : uart.obj (.text:UARTClockSourceSet)
                  00004392    00000004                   : timer.obj (.text:TimerIntClear)
                  00004396    00000004                   : uart.obj (.text:UARTIntClear)
                  0000439a    00000004     rtsv7M4_T_le_v4SPD16_eabi.lib : pre_init.c.obj (.text:_system_pre_init)
                  0000439e    00000004                                   : exit.c.obj (.text:abort:abort)

.const     0    000043a4    000003f8     
                  000043a4    00000101     rtsv7M4_T_le_v4SPD16_eabi.lib : ctype.c.obj (.const:.string:_ctypes_)
                  000044a5    00000003     --HOLE-- [fill = 0]
                  000044a8    00000090     driverlib.lib : gpio.obj (.const:g_pui32GPIOBaseAddrs)
                  00004538    00000070                   : interrupt.obj (.const)
                  000045a8    0000006c                   : sysctl.obj (.const:g_pui32Xtals)
                  00004614    00000060                   : timer.obj (.const:g_ppui32TimerIntMap)
                  00004674    00000040                   : timer.obj (.const:g_ppui32TimerIntMapSnowflake)
                  000046b4    00000040                   : uart.obj (.const:g_ppui32UARTIntMap)
                  000046f4    00000040                   : uart.obj (.const:g_ppui32UARTIntMapSnowflake)
                  00004734    0000001d     main.obj (.const:.string:$P$T1$2)
                  00004751    00000003     --HOLE-- [fill = 0]
                  00004754    00000012     uartstdio.obj (.const:.string)
                  00004766    0000000f     main.obj (.const:.string:$P$T2$3)
                  00004775    00000003     --HOLE-- [fill = 0]
                  00004778    0000000c     uartstdio.obj (.const:g_ui32UARTBase)
                  00004784    0000000c     uartstdio.obj (.const:g_ui32UARTPeriph)
                  00004790    00000008     main.obj (.const:.string:$P$T0$1)
                  00004798    00000004     uartstdio.obj (.const)

.cinit     0    000047a0    00000040     
                  000047a0    0000000c     (__TI_handler_table)
                  000047ac    00000004     --HOLE-- [fill = 0]
                  000047b0    00000008     (.cinit..bss.load) [load image, compression = zero_init]
                  000047b8    00000008     (.cinit..data.load) [load image, compression = lzss]
                  000047c0    00000008     (.cinit..vtable.load) [load image, compression = zero_init]
                  000047c8    00000018     (__TI_cinit_table)

.init_array 
*          0    00000000    00000000     UNINITIALIZED

.vtable    0    20000000    0000026c     UNINITIALIZED
                  20000000    0000026c     driverlib.lib : interrupt.obj (.vtable)

.bss       0    2000026c    00004a00     UNINITIALIZED
                  2000026c    00004800     main.obj (.bss:localDB)
                  20004a6c    00000200     main.obj (.bss:ReceivedData)

.data      0    20004e70    00000020     UNINITIALIZED
                  20004e70    00000013     main.obj (.data)
                  20004e83    00000001     --HOLE--
                  20004e84    00000005     uartstdio.obj (.data)
                  20004e89    00000003     --HOLE--
                  20004e8c    00000004     rtsv7M4_T_le_v4SPD16_eabi.lib : errno.c.obj (.data)

.stack     0    20004c70    00000200     UNINITIALIZED
                  20004c70    00000004     rtsv7M4_T_le_v4SPD16_eabi.lib : boot_cortex_m.c.obj (.stack)
                  20004c74    000001fc     --HOLE--

MODULE SUMMARY

       Module                         code    ro data   rw data
       ------                         ----    -------   -------
    .\
       main.obj                       5168    52        18963  
       tm4c123gh6pm_startup_ccs.obj   12      620       0      
       display.obj                    568     0         0      
    +--+------------------------------+-------+---------+---------+
       Total:                         5748    672       18963  
                                                               
    .\utils\
       uartstdio.obj                  1180    46        5      
    +--+------------------------------+-------+---------+---------+
       Total:                         1180    46        5      
                                                               
    C:/Program Files/ti/ccs830/TivaWare_C_Series-2.1.4.178/driverlib/ccs/Debug/driverlib.lib
       interrupt.obj                  276     112       620    
       sysctl.obj                     630     108       0      
       gpio.obj                       468     144       0      
       uart.obj                       290     128       0      
       timer.obj                      240     160       0      
       systick.obj                    36      0         0      
       cpu.obj                        12      0         0      
    +--+------------------------------+-------+---------+---------+
       Total:                         1952    652       620    
                                                               
    C:\Program Files\ti\ccs830\ccsv8\tools\compiler\ti-cgt-arm_18.1.4.LTS\lib\rtsv7M4_T_le_v4SPD16_eabi.lib
       _printfi.c.obj                 4867    0         0      
       fd_add_t2.asm.obj              438     0         0      
       fd_div_t2.asm.obj              310     0         0      
       s_scalbn.c.obj                 272     0         0      
       fd_cmp_t2.asm.obj              268     0         0      
       ctype.c.obj                    0       257       0      
       fd_mul_t2.asm.obj              252     0         0      
       memcpy_t2.asm.obj              156     0         0      
       ull_div_t2.asm.obj             150     0         0      
       memset_t2.asm.obj              122     0         0      
       copy_decompress_lzss.c.obj     104     0         0      
       s_frexp.c.obj                  100     0         0      
       sprintf.c.obj                  98      0         0      
       ltoa.c.obj                     84      0         0      
       atoi.c.obj                     76      0         0      
       fd_toi_t2.asm.obj              72      0         0      
       autoinit.c.obj                 68      0         0      
       u_divt2.asm.obj                64      0         0      
       boot_cortex_m.c.obj            56      0         0      
       i_tofd_t2.asm.obj              46      0         0      
       strcat.c.obj                   30      0         0      
       memccpy.c.obj                  28      0         0      
       strchr.c.obj                   22      0         0      
       s_copysign.c.obj               20      0         0      
       strcpy.c.obj                   20      0         0      
       strlen.c.obj                   20      0         0      
       wcslen.c.obj                   18      0         0      
       copy_decompress_none.c.obj     14      0         0      
       copy_zero_init.c.obj           12      0         0      
       errno.c.obj                    8       0         4      
       exit.c.obj                     4       0         0      
       pre_init.c.obj                 4       0         0      
       div0.asm.obj                   2       0         0      
    +--+------------------------------+-------+---------+---------+
       Total:                         7805    257       4      
                                                               
       Stack:                         0       0         512    
       Linker Generated:              0       60        0      
    +--+------------------------------+-------+---------+---------+
       Grand Total:                   16685   1687      20104  


LINKER GENERATED COPY TABLES

__TI_cinit_table @ 000047c8 records: 3, size/record: 8, table size: 24
	.bss: load addr=000047b0, load size=00000008 bytes, run addr=2000026c, run size=00004a00 bytes, compression=zero_init
	.data: load addr=000047b8, load size=00000008 bytes, run addr=20004e70, run size=00000020 bytes, compression=lzss
	.vtable: load addr=000047c0, load size=00000008 bytes, run addr=20000000, run size=0000026c bytes, compression=zero_init


LINKER GENERATED HANDLER TABLE

__TI_handler_table @ 000047a0 records: 3, size/record: 4, table size: 12
	index: 0, handler: __TI_zero_init
	index: 1, handler: __TI_decompress_lzss
	index: 2, handler: __TI_decompress_none


GLOBAL SYMBOLS: SORTED ALPHABETICALLY BY Name 

address   name                          
-------   ----                          
000005c9  ATesp                         
0000439f  C$$EXIT                       
00000703  CIPAPesp                      
000007d9  CIPCLOSEesp                   
00000725  CIPMUXesp                     
0000086d  CIPSENDesp                    
0000074d  CIPSERVEResp                  
000007b7  CIPSTARTesp                   
0000430b  CPUcpsie                      
00000691  CWJAPesp                      
00000783  CWLIFesp                      
00000651  CWMODEesp                     
000006bf  CWQAPesp                      
000006e1  CWSAPesp                      
0000412b  GPIODirModeSet                
0000303b  GPIOPadConfigSet              
00003e09  GPIOPinConfigure              
000041af  GPIOPinTypeGPIOOutput         
00004289  GPIOPinTypeUART               
00004381  GPIOPinWrite                  
0000038d  InitBToothUART                
0000034b  InitESPUART                   
0000030f  InitUART                      
00003a79  IntDisable                    
00003ae1  IntEnable                     
000042bf  IntMasterEnable               
00004095  IntRegister                   
00000609  RSTesp                        
00004323  ResetISR                      
00000405  SearchIndexOf                 
000004d5  SendATCommand                 
00003291  SysCtlClockGet                
000035ad  SysCtlClockSet                
00004387  SysCtlDelay                   
000040c9  SysCtlPeripheralEnable        
00004025  SysCtlPeripheralPresent       
00004225  SysTickEnable                 
000042d1  SysTickPeriodSet              
0000029f  Timer5IntHandler              
00003c15  TimerConfigure                
000042e1  TimerEnable                   
00004393  TimerIntClear                 
00004361  TimerIntEnable                
000041c7  TimerIntRegister              
0000429b  TimerLoadSet                  
00004369  UARTBusy                      
0000432f  UARTCharGet                   
00004339  UARTCharPut                   
000042ef  UARTCharsAvail                
0000438d  UARTClockSourceSet            
00003e99  UARTConfigSetExpClk           
00004155  UARTDisable                   
00004239  UARTEnable                    
00004343  UARTFIFODisable               
00004397  UARTIntClear                  
00004371  UARTIntEnable                 
000041df  UARTIntRegister               
0000434d  UARTIntStatus                 
000020fd  UARTStdioConfig               
00002243  UARTgetc                      
00002189  UARTgets                      
00002563  UARTprintf                    
00002269  UARTvprintf                   
00002143  UARTwrite                     
20004e70  __STACK_END                   
00000200  __STACK_SIZE                  
20004e70  __STACK_TOP                   
000047c8  __TI_CINIT_Base               
000047e0  __TI_CINIT_Limit              
000047a0  __TI_Handler_Table_Base       
000047ac  __TI_Handler_Table_Limit      
00003ee1  __TI_auto_init_nobinit_nopinit
00003b49  __TI_decompress_lzss          
000042fd  __TI_decompress_none          
ffffffff  __TI_pprof_out_hndl           
0000169d  __TI_printfi                  
ffffffff  __TI_prof_data_size           
ffffffff  __TI_prof_data_start          
00000000  __TI_static_base__            
00004317  __TI_zero_init                
00003885  __aeabi_cdcmpeq               
00003885  __aeabi_cdcmple               
0000390b  __aeabi_cdrcmple              
00003e51  __aeabi_d2iz                  
00002c1b  __aeabi_dadd                  
00002f05  __aeabi_ddiv                  
000034b1  __aeabi_dmul                  
00002c11  __aeabi_dsub                  
00004379  __aeabi_errno_addr            
000040fd  __aeabi_i2d                   
000020fb  __aeabi_idiv0                 
000020fb  __aeabi_ldiv0                 
00003991  __aeabi_memclr                
00003991  __aeabi_memclr4               
00003991  __aeabi_memclr8               
00003753  __aeabi_memcpy                
00003753  __aeabi_memcpy4               
00003753  __aeabi_memcpy8               
00003993  __aeabi_memset                
00003993  __aeabi_memset4               
00003993  __aeabi_memset8               
00003f65  __aeabi_uidiv                 
00003f65  __aeabi_uidivmod              
000037ef  __aeabi_uldivmod              
ffffffff  __binit__                     
ffffffff  __c_args__                    
UNDEFED   __mpu_init                    
20004c70  __stack                       
0000405d  _c_int00_noargs               
000043a4  _ctypes_                      
UNDEFED   _system_post_cinit            
0000439b  _system_pre_init              
0000439f  abort                         
00003dbd  atoi                          
ffffffff  binit                         
00001095  btHandler                     
20004e81  cMode                         
000028d9  clearLCD                      
00000c1d  closeServerByResetting        
00000f2d  connectToDB                   
0000424d  copysign                      
0000424d  copysignl                     
000009fd  createServer                  
0000292f  cursorOffLCD                  
00002923  cursorOnLCD                   
00000f6b  dcFromDB                      
0000026d  delayMs                       
00000287  delayUs                       
0000293b  displayOffLCD                 
00002947  displayOnLCD                  
20004e8c  errno                         
000004ad  flushUART                     
00003bb1  frexp                         
00003bb1  frexpl                        
20000000  g_pfnRAMVectors               
00000000  g_pfnVectors                  
00000cc3  getData                       
000028f9  homeLCD                       
00002953  initLCD                       
20004e80  isConnection                  
00000ef1  isESPworks                    
000033a1  ldexp                         
000033a1  ldexpl                        
00003ccb  ltoa                          
000011e9  main                          
00004193  memccpy                       
00003753  memcpy                        
00003999  memset                        
00000309  millis                        
00000f77  postToDB                      
00002a13  printLCD                      
00002809  pulseLCD                      
00000591  recvFind                      
00000519  recvString                    
00000f8b  restartTIVA                   
000033a1  scalbn                        
000033a1  scalbnl                       
00002859  sendByte                      
20004e82  sendTime                      
00000ff3  sendToBT                      
0000290b  setBlockCursorLCD             
0000283d  setCmd                        
00002899  setCursorPositionLCD          
0000284b  setData                       
00002917  setLineCursorLCD              
00000b75  setLocalMode                  
00000aaf  setOnlineMode                 
00000f93  setSystem                     
00003fa5  sprintf                       
00004175  strcat                        
0000420f  strchr                        
00004261  strcpy                        
00004275  strlen                        
000002b3  timerInit                     
000042ad  wcslen                        


GLOBAL SYMBOLS: SORTED BY Symbol Address 

address   name                          
-------   ----                          
00000000  __TI_static_base__            
00000000  g_pfnVectors                  
00000200  __STACK_SIZE                  
0000026d  delayMs                       
00000287  delayUs                       
0000029f  Timer5IntHandler              
000002b3  timerInit                     
00000309  millis                        
0000030f  InitUART                      
0000034b  InitESPUART                   
0000038d  InitBToothUART                
00000405  SearchIndexOf                 
000004ad  flushUART                     
000004d5  SendATCommand                 
00000519  recvString                    
00000591  recvFind                      
000005c9  ATesp                         
00000609  RSTesp                        
00000651  CWMODEesp                     
00000691  CWJAPesp                      
000006bf  CWQAPesp                      
000006e1  CWSAPesp                      
00000703  CIPAPesp                      
00000725  CIPMUXesp                     
0000074d  CIPSERVEResp                  
00000783  CWLIFesp                      
000007b7  CIPSTARTesp                   
000007d9  CIPCLOSEesp                   
0000086d  CIPSENDesp                    
000009fd  createServer                  
00000aaf  setOnlineMode                 
00000b75  setLocalMode                  
00000c1d  closeServerByResetting        
00000cc3  getData                       
00000ef1  isESPworks                    
00000f2d  connectToDB                   
00000f6b  dcFromDB                      
00000f77  postToDB                      
00000f8b  restartTIVA                   
00000f93  setSystem                     
00000ff3  sendToBT                      
00001095  btHandler                     
000011e9  main                          
0000169d  __TI_printfi                  
000020fb  __aeabi_idiv0                 
000020fb  __aeabi_ldiv0                 
000020fd  UARTStdioConfig               
00002143  UARTwrite                     
00002189  UARTgets                      
00002243  UARTgetc                      
00002269  UARTvprintf                   
00002563  UARTprintf                    
00002809  pulseLCD                      
0000283d  setCmd                        
0000284b  setData                       
00002859  sendByte                      
00002899  setCursorPositionLCD          
000028d9  clearLCD                      
000028f9  homeLCD                       
0000290b  setBlockCursorLCD             
00002917  setLineCursorLCD              
00002923  cursorOnLCD                   
0000292f  cursorOffLCD                  
0000293b  displayOffLCD                 
00002947  displayOnLCD                  
00002953  initLCD                       
00002a13  printLCD                      
00002c11  __aeabi_dsub                  
00002c1b  __aeabi_dadd                  
00002f05  __aeabi_ddiv                  
0000303b  GPIOPadConfigSet              
00003291  SysCtlClockGet                
000033a1  ldexp                         
000033a1  ldexpl                        
000033a1  scalbn                        
000033a1  scalbnl                       
000034b1  __aeabi_dmul                  
000035ad  SysCtlClockSet                
00003753  __aeabi_memcpy                
00003753  __aeabi_memcpy4               
00003753  __aeabi_memcpy8               
00003753  memcpy                        
000037ef  __aeabi_uldivmod              
00003885  __aeabi_cdcmpeq               
00003885  __aeabi_cdcmple               
0000390b  __aeabi_cdrcmple              
00003991  __aeabi_memclr                
00003991  __aeabi_memclr4               
00003991  __aeabi_memclr8               
00003993  __aeabi_memset                
00003993  __aeabi_memset4               
00003993  __aeabi_memset8               
00003999  memset                        
00003a79  IntDisable                    
00003ae1  IntEnable                     
00003b49  __TI_decompress_lzss          
00003bb1  frexp                         
00003bb1  frexpl                        
00003c15  TimerConfigure                
00003ccb  ltoa                          
00003dbd  atoi                          
00003e09  GPIOPinConfigure              
00003e51  __aeabi_d2iz                  
00003e99  UARTConfigSetExpClk           
00003ee1  __TI_auto_init_nobinit_nopinit
00003f65  __aeabi_uidiv                 
00003f65  __aeabi_uidivmod              
00003fa5  sprintf                       
00004025  SysCtlPeripheralPresent       
0000405d  _c_int00_noargs               
00004095  IntRegister                   
000040c9  SysCtlPeripheralEnable        
000040fd  __aeabi_i2d                   
0000412b  GPIODirModeSet                
00004155  UARTDisable                   
00004175  strcat                        
00004193  memccpy                       
000041af  GPIOPinTypeGPIOOutput         
000041c7  TimerIntRegister              
000041df  UARTIntRegister               
0000420f  strchr                        
00004225  SysTickEnable                 
00004239  UARTEnable                    
0000424d  copysign                      
0000424d  copysignl                     
00004261  strcpy                        
00004275  strlen                        
00004289  GPIOPinTypeUART               
0000429b  TimerLoadSet                  
000042ad  wcslen                        
000042bf  IntMasterEnable               
000042d1  SysTickPeriodSet              
000042e1  TimerEnable                   
000042ef  UARTCharsAvail                
000042fd  __TI_decompress_none          
0000430b  CPUcpsie                      
00004317  __TI_zero_init                
00004323  ResetISR                      
0000432f  UARTCharGet                   
00004339  UARTCharPut                   
00004343  UARTFIFODisable               
0000434d  UARTIntStatus                 
00004361  TimerIntEnable                
00004369  UARTBusy                      
00004371  UARTIntEnable                 
00004379  __aeabi_errno_addr            
00004381  GPIOPinWrite                  
00004387  SysCtlDelay                   
0000438d  UARTClockSourceSet            
00004393  TimerIntClear                 
00004397  UARTIntClear                  
0000439b  _system_pre_init              
0000439f  C$$EXIT                       
0000439f  abort                         
000043a4  _ctypes_                      
000047a0  __TI_Handler_Table_Base       
000047ac  __TI_Handler_Table_Limit      
000047c8  __TI_CINIT_Base               
000047e0  __TI_CINIT_Limit              
20000000  g_pfnRAMVectors               
20004c70  __stack                       
20004e70  __STACK_END                   
20004e70  __STACK_TOP                   
20004e80  isConnection                  
20004e81  cMode                         
20004e82  sendTime                      
20004e8c  errno                         
ffffffff  __TI_pprof_out_hndl           
ffffffff  __TI_prof_data_size           
ffffffff  __TI_prof_data_start          
ffffffff  __binit__                     
ffffffff  __c_args__                    
ffffffff  binit                         
UNDEFED   __mpu_init                    
UNDEFED   _system_post_cinit            

[175 symbols]
