<?xml version="1.0" encoding="ISO-8859-1" ?>
<link_info>
   <banner>TI ARM Linker PC v18.1.4.LTS</banner>
   <copyright>Copyright (c) 1996-2018 Texas Instruments Incorporated</copyright>
   <link_time>0x5ce434bf</link_time>
   <link_errors>0x0</link_errors>
   <output_file>rgb.out</output_file>
   <entry_point>
      <name>_c_int00_noargs</name>
      <address>0x405d</address>
   </entry_point>
   <input_file_list>
      <input_file id="fl-2">
         <path>.\</path>
         <kind>object</kind>
         <file>display.obj</file>
         <name>display.obj</name>
      </input_file>
      <input_file id="fl-3">
         <path>.\</path>
         <kind>object</kind>
         <file>main.obj</file>
         <name>main.obj</name>
      </input_file>
      <input_file id="fl-4">
         <path>.\</path>
         <kind>object</kind>
         <file>tm4c123gh6pm_startup_ccs.obj</file>
         <name>tm4c123gh6pm_startup_ccs.obj</name>
      </input_file>
      <input_file id="fl-5">
         <path>.\utils\</path>
         <kind>object</kind>
         <file>cmdline.obj</file>
         <name>cmdline.obj</name>
      </input_file>
      <input_file id="fl-6">
         <path>.\utils\</path>
         <kind>object</kind>
         <file>uartstdio.obj</file>
         <name>uartstdio.obj</name>
      </input_file>
      <input_file id="fl-c">
         <kind>object</kind>
         <file>&lt;internal&gt;</file>
         <name>&lt;internal&gt;</name>
      </input_file>
      <input_file id="fl-d">
         <path>C:\Program Files\ti\ccs830\TivaWare_C_Series-2.1.4.178\driverlib\ccs\Debug\</path>
         <kind>archive</kind>
         <file>driverlib.lib</file>
         <name>gpio.obj</name>
      </input_file>
      <input_file id="fl-e">
         <path>C:\Program Files\ti\ccs830\TivaWare_C_Series-2.1.4.178\driverlib\ccs\Debug\</path>
         <kind>archive</kind>
         <file>driverlib.lib</file>
         <name>interrupt.obj</name>
      </input_file>
      <input_file id="fl-f">
         <path>C:\Program Files\ti\ccs830\TivaWare_C_Series-2.1.4.178\driverlib\ccs\Debug\</path>
         <kind>archive</kind>
         <file>driverlib.lib</file>
         <name>sysctl.obj</name>
      </input_file>
      <input_file id="fl-10">
         <path>C:\Program Files\ti\ccs830\TivaWare_C_Series-2.1.4.178\driverlib\ccs\Debug\</path>
         <kind>archive</kind>
         <file>driverlib.lib</file>
         <name>systick.obj</name>
      </input_file>
      <input_file id="fl-11">
         <path>C:\Program Files\ti\ccs830\TivaWare_C_Series-2.1.4.178\driverlib\ccs\Debug\</path>
         <kind>archive</kind>
         <file>driverlib.lib</file>
         <name>timer.obj</name>
      </input_file>
      <input_file id="fl-12">
         <path>C:\Program Files\ti\ccs830\TivaWare_C_Series-2.1.4.178\driverlib\ccs\Debug\</path>
         <kind>archive</kind>
         <file>driverlib.lib</file>
         <name>uart.obj</name>
      </input_file>
      <input_file id="fl-13">
         <path>C:\Program Files\ti\ccs830\TivaWare_C_Series-2.1.4.178\driverlib\ccs\Debug\</path>
         <kind>archive</kind>
         <file>driverlib.lib</file>
         <name>cpu.obj</name>
      </input_file>
      <input_file id="fl-c9">
         <path>C:\Program Files\ti\ccs830\ccsv8\tools\compiler\ti-cgt-arm_18.1.4.LTS\lib\</path>
         <kind>archive</kind>
         <file>rtsv7M4_T_le_v4SPD16_eabi.lib</file>
         <name>u_divt2.asm.obj</name>
      </input_file>
      <input_file id="fl-ca">
         <path>C:\Program Files\ti\ccs830\ccsv8\tools\compiler\ti-cgt-arm_18.1.4.LTS\lib\</path>
         <kind>archive</kind>
         <file>rtsv7M4_T_le_v4SPD16_eabi.lib</file>
         <name>memcpy_t2.asm.obj</name>
      </input_file>
      <input_file id="fl-cb">
         <path>C:\Program Files\ti\ccs830\ccsv8\tools\compiler\ti-cgt-arm_18.1.4.LTS\lib\</path>
         <kind>archive</kind>
         <file>rtsv7M4_T_le_v4SPD16_eabi.lib</file>
         <name>memset_t2.asm.obj</name>
      </input_file>
      <input_file id="fl-cc">
         <path>C:\Program Files\ti\ccs830\ccsv8\tools\compiler\ti-cgt-arm_18.1.4.LTS\lib\</path>
         <kind>archive</kind>
         <file>rtsv7M4_T_le_v4SPD16_eabi.lib</file>
         <name>copy_zero_init.c.obj</name>
      </input_file>
      <input_file id="fl-cd">
         <path>C:\Program Files\ti\ccs830\ccsv8\tools\compiler\ti-cgt-arm_18.1.4.LTS\lib\</path>
         <kind>archive</kind>
         <file>rtsv7M4_T_le_v4SPD16_eabi.lib</file>
         <name>copy_decompress_none.c.obj</name>
      </input_file>
      <input_file id="fl-ce">
         <path>C:\Program Files\ti\ccs830\ccsv8\tools\compiler\ti-cgt-arm_18.1.4.LTS\lib\</path>
         <kind>archive</kind>
         <file>rtsv7M4_T_le_v4SPD16_eabi.lib</file>
         <name>copy_decompress_lzss.c.obj</name>
      </input_file>
      <input_file id="fl-cf">
         <path>C:\Program Files\ti\ccs830\ccsv8\tools\compiler\ti-cgt-arm_18.1.4.LTS\lib\</path>
         <kind>archive</kind>
         <file>rtsv7M4_T_le_v4SPD16_eabi.lib</file>
         <name>boot_cortex_m.c.obj</name>
      </input_file>
      <input_file id="fl-d0">
         <path>C:\Program Files\ti\ccs830\ccsv8\tools\compiler\ti-cgt-arm_18.1.4.LTS\lib\</path>
         <kind>archive</kind>
         <file>rtsv7M4_T_le_v4SPD16_eabi.lib</file>
         <name>exit.c.obj</name>
      </input_file>
      <input_file id="fl-d1">
         <path>C:\Program Files\ti\ccs830\ccsv8\tools\compiler\ti-cgt-arm_18.1.4.LTS\lib\</path>
         <kind>archive</kind>
         <file>rtsv7M4_T_le_v4SPD16_eabi.lib</file>
         <name>_lock.c.obj</name>
      </input_file>
      <input_file id="fl-d2">
         <path>C:\Program Files\ti\ccs830\ccsv8\tools\compiler\ti-cgt-arm_18.1.4.LTS\lib\</path>
         <kind>archive</kind>
         <file>rtsv7M4_T_le_v4SPD16_eabi.lib</file>
         <name>args_main.c.obj</name>
      </input_file>
      <input_file id="fl-d3">
         <path>C:\Program Files\ti\ccs830\ccsv8\tools\compiler\ti-cgt-arm_18.1.4.LTS\lib\</path>
         <kind>archive</kind>
         <file>rtsv7M4_T_le_v4SPD16_eabi.lib</file>
         <name>atoi.c.obj</name>
      </input_file>
      <input_file id="fl-d4">
         <path>C:\Program Files\ti\ccs830\ccsv8\tools\compiler\ti-cgt-arm_18.1.4.LTS\lib\</path>
         <kind>archive</kind>
         <file>rtsv7M4_T_le_v4SPD16_eabi.lib</file>
         <name>ctype.c.obj</name>
      </input_file>
      <input_file id="fl-d5">
         <path>C:\Program Files\ti\ccs830\ccsv8\tools\compiler\ti-cgt-arm_18.1.4.LTS\lib\</path>
         <kind>archive</kind>
         <file>rtsv7M4_T_le_v4SPD16_eabi.lib</file>
         <name>sprintf.c.obj</name>
      </input_file>
      <input_file id="fl-d6">
         <path>C:\Program Files\ti\ccs830\ccsv8\tools\compiler\ti-cgt-arm_18.1.4.LTS\lib\</path>
         <kind>archive</kind>
         <file>rtsv7M4_T_le_v4SPD16_eabi.lib</file>
         <name>strcat.c.obj</name>
      </input_file>
      <input_file id="fl-d7">
         <path>C:\Program Files\ti\ccs830\ccsv8\tools\compiler\ti-cgt-arm_18.1.4.LTS\lib\</path>
         <kind>archive</kind>
         <file>rtsv7M4_T_le_v4SPD16_eabi.lib</file>
         <name>strcmp.c.obj</name>
      </input_file>
      <input_file id="fl-d8">
         <path>C:\Program Files\ti\ccs830\ccsv8\tools\compiler\ti-cgt-arm_18.1.4.LTS\lib\</path>
         <kind>archive</kind>
         <file>rtsv7M4_T_le_v4SPD16_eabi.lib</file>
         <name>strcpy.c.obj</name>
      </input_file>
      <input_file id="fl-d9">
         <path>C:\Program Files\ti\ccs830\ccsv8\tools\compiler\ti-cgt-arm_18.1.4.LTS\lib\</path>
         <kind>archive</kind>
         <file>rtsv7M4_T_le_v4SPD16_eabi.lib</file>
         <name>strlen.c.obj</name>
      </input_file>
      <input_file id="fl-da">
         <path>C:\Program Files\ti\ccs830\ccsv8\tools\compiler\ti-cgt-arm_18.1.4.LTS\lib\</path>
         <kind>archive</kind>
         <file>rtsv7M4_T_le_v4SPD16_eabi.lib</file>
         <name>div0.asm.obj</name>
      </input_file>
      <input_file id="fl-db">
         <path>C:\Program Files\ti\ccs830\ccsv8\tools\compiler\ti-cgt-arm_18.1.4.LTS\lib\</path>
         <kind>archive</kind>
         <file>rtsv7M4_T_le_v4SPD16_eabi.lib</file>
         <name>autoinit.c.obj</name>
      </input_file>
      <input_file id="fl-dc">
         <path>C:\Program Files\ti\ccs830\ccsv8\tools\compiler\ti-cgt-arm_18.1.4.LTS\lib\</path>
         <kind>archive</kind>
         <file>rtsv7M4_T_le_v4SPD16_eabi.lib</file>
         <name>pre_init.c.obj</name>
      </input_file>
      <input_file id="fl-dd">
         <path>C:\Program Files\ti\ccs830\ccsv8\tools\compiler\ti-cgt-arm_18.1.4.LTS\lib\</path>
         <kind>archive</kind>
         <file>rtsv7M4_T_le_v4SPD16_eabi.lib</file>
         <name>cpy_tbl.c.obj</name>
      </input_file>
      <input_file id="fl-de">
         <path>C:\Program Files\ti\ccs830\ccsv8\tools\compiler\ti-cgt-arm_18.1.4.LTS\lib\</path>
         <kind>archive</kind>
         <file>rtsv7M4_T_le_v4SPD16_eabi.lib</file>
         <name>_printfi.c.obj</name>
      </input_file>
      <input_file id="fl-df">
         <path>C:\Program Files\ti\ccs830\ccsv8\tools\compiler\ti-cgt-arm_18.1.4.LTS\lib\</path>
         <kind>archive</kind>
         <file>rtsv7M4_T_le_v4SPD16_eabi.lib</file>
         <name>ltoa.c.obj</name>
      </input_file>
      <input_file id="fl-e0">
         <path>C:\Program Files\ti\ccs830\ccsv8\tools\compiler\ti-cgt-arm_18.1.4.LTS\lib\</path>
         <kind>archive</kind>
         <file>rtsv7M4_T_le_v4SPD16_eabi.lib</file>
         <name>memccpy.c.obj</name>
      </input_file>
      <input_file id="fl-e1">
         <path>C:\Program Files\ti\ccs830\ccsv8\tools\compiler\ti-cgt-arm_18.1.4.LTS\lib\</path>
         <kind>archive</kind>
         <file>rtsv7M4_T_le_v4SPD16_eabi.lib</file>
         <name>strchr.c.obj</name>
      </input_file>
      <input_file id="fl-e2">
         <path>C:\Program Files\ti\ccs830\ccsv8\tools\compiler\ti-cgt-arm_18.1.4.LTS\lib\</path>
         <kind>archive</kind>
         <file>rtsv7M4_T_le_v4SPD16_eabi.lib</file>
         <name>wcslen.c.obj</name>
      </input_file>
      <input_file id="fl-e3">
         <path>C:\Program Files\ti\ccs830\ccsv8\tools\compiler\ti-cgt-arm_18.1.4.LTS\lib\</path>
         <kind>archive</kind>
         <file>rtsv7M4_T_le_v4SPD16_eabi.lib</file>
         <name>s_frexp.c.obj</name>
      </input_file>
      <input_file id="fl-e4">
         <path>C:\Program Files\ti\ccs830\ccsv8\tools\compiler\ti-cgt-arm_18.1.4.LTS\lib\</path>
         <kind>archive</kind>
         <file>rtsv7M4_T_le_v4SPD16_eabi.lib</file>
         <name>s_scalbn.c.obj</name>
      </input_file>
      <input_file id="fl-e5">
         <path>C:\Program Files\ti\ccs830\ccsv8\tools\compiler\ti-cgt-arm_18.1.4.LTS\lib\</path>
         <kind>archive</kind>
         <file>rtsv7M4_T_le_v4SPD16_eabi.lib</file>
         <name>fd_add_t2.asm.obj</name>
      </input_file>
      <input_file id="fl-e6">
         <path>C:\Program Files\ti\ccs830\ccsv8\tools\compiler\ti-cgt-arm_18.1.4.LTS\lib\</path>
         <kind>archive</kind>
         <file>rtsv7M4_T_le_v4SPD16_eabi.lib</file>
         <name>fd_cmp_t2.asm.obj</name>
      </input_file>
      <input_file id="fl-e7">
         <path>C:\Program Files\ti\ccs830\ccsv8\tools\compiler\ti-cgt-arm_18.1.4.LTS\lib\</path>
         <kind>archive</kind>
         <file>rtsv7M4_T_le_v4SPD16_eabi.lib</file>
         <name>fd_div_t2.asm.obj</name>
      </input_file>
      <input_file id="fl-e8">
         <path>C:\Program Files\ti\ccs830\ccsv8\tools\compiler\ti-cgt-arm_18.1.4.LTS\lib\</path>
         <kind>archive</kind>
         <file>rtsv7M4_T_le_v4SPD16_eabi.lib</file>
         <name>fd_mul_t2.asm.obj</name>
      </input_file>
      <input_file id="fl-e9">
         <path>C:\Program Files\ti\ccs830\ccsv8\tools\compiler\ti-cgt-arm_18.1.4.LTS\lib\</path>
         <kind>archive</kind>
         <file>rtsv7M4_T_le_v4SPD16_eabi.lib</file>
         <name>fd_toi_t2.asm.obj</name>
      </input_file>
      <input_file id="fl-ea">
         <path>C:\Program Files\ti\ccs830\ccsv8\tools\compiler\ti-cgt-arm_18.1.4.LTS\lib\</path>
         <kind>archive</kind>
         <file>rtsv7M4_T_le_v4SPD16_eabi.lib</file>
         <name>i_tofd_t2.asm.obj</name>
      </input_file>
      <input_file id="fl-eb">
         <path>C:\Program Files\ti\ccs830\ccsv8\tools\compiler\ti-cgt-arm_18.1.4.LTS\lib\</path>
         <kind>archive</kind>
         <file>rtsv7M4_T_le_v4SPD16_eabi.lib</file>
         <name>ull_div_t2.asm.obj</name>
      </input_file>
      <input_file id="fl-ec">
         <path>C:\Program Files\ti\ccs830\ccsv8\tools\compiler\ti-cgt-arm_18.1.4.LTS\lib\</path>
         <kind>archive</kind>
         <file>rtsv7M4_T_le_v4SPD16_eabi.lib</file>
         <name>errno.c.obj</name>
      </input_file>
      <input_file id="fl-ed">
         <path>C:\Program Files\ti\ccs830\ccsv8\tools\compiler\ti-cgt-arm_18.1.4.LTS\lib\</path>
         <kind>archive</kind>
         <file>rtsv7M4_T_le_v4SPD16_eabi.lib</file>
         <name>s_copysign.c.obj</name>
      </input_file>
   </input_file_list>
   <object_component_list>
      <object_component id="oc-f">
         <name>.intvecs</name>
         <load_address>0x0</load_address>
         <run_address>0x0</run_address>
         <size>0x26c</size>
         <input_file_ref idref="fl-4"/>
      </object_component>
      <object_component id="oc-98">
         <name>.text</name>
         <load_address>0x26c</load_address>
         <run_address>0x26c</run_address>
         <size>0x1430</size>
         <input_file_ref idref="fl-3"/>
      </object_component>
      <object_component id="oc-278">
         <name>.text:__TI_printfi</name>
         <load_address>0x169c</load_address>
         <run_address>0x169c</run_address>
         <size>0xa5e</size>
         <input_file_ref idref="fl-de"/>
      </object_component>
      <object_component id="oc-2f2">
         <name>.text</name>
         <load_address>0x20fa</load_address>
         <run_address>0x20fa</run_address>
         <size>0x2</size>
         <input_file_ref idref="fl-da"/>
      </object_component>
      <object_component id="oc-11b">
         <name>.text</name>
         <load_address>0x20fc</load_address>
         <run_address>0x20fc</run_address>
         <size>0x49c</size>
         <input_file_ref idref="fl-6"/>
      </object_component>
      <object_component id="oc-327">
         <name>.text:_pconv_a</name>
         <load_address>0x2598</load_address>
         <run_address>0x2598</run_address>
         <size>0x270</size>
         <input_file_ref idref="fl-de"/>
      </object_component>
      <object_component id="oc-1a2">
         <name>.text</name>
         <load_address>0x2808</load_address>
         <run_address>0x2808</run_address>
         <size>0x238</size>
         <input_file_ref idref="fl-2"/>
      </object_component>
      <object_component id="oc-315">
         <name>.text:_pconv_g</name>
         <load_address>0x2a40</load_address>
         <run_address>0x2a40</run_address>
         <size>0x1d0</size>
         <input_file_ref idref="fl-de"/>
      </object_component>
      <object_component id="oc-3a6">
         <name>.text</name>
         <load_address>0x2c10</load_address>
         <run_address>0x2c10</run_address>
         <size>0x1b6</size>
         <input_file_ref idref="fl-e5"/>
      </object_component>
      <object_component id="oc-321">
         <name>.text:_pconv_e</name>
         <load_address>0x2dc8</load_address>
         <run_address>0x2dc8</run_address>
         <size>0x13c</size>
         <input_file_ref idref="fl-de"/>
      </object_component>
      <object_component id="oc-38c">
         <name>.text</name>
         <load_address>0x2f04</load_address>
         <run_address>0x2f04</run_address>
         <size>0x136</size>
         <input_file_ref idref="fl-e7"/>
      </object_component>
      <object_component id="oc-1ae">
         <name>.text:GPIOPadConfigSet</name>
         <load_address>0x303a</load_address>
         <run_address>0x303a</run_address>
         <size>0x132</size>
         <input_file_ref idref="fl-d"/>
      </object_component>
      <object_component id="oc-3b8">
         <name>.text:fcvt</name>
         <load_address>0x316c</load_address>
         <run_address>0x316c</run_address>
         <size>0x124</size>
         <input_file_ref idref="fl-de"/>
      </object_component>
      <object_component id="oc-c0">
         <name>.text:SysCtlClockGet</name>
         <load_address>0x3290</load_address>
         <run_address>0x3290</run_address>
         <size>0x110</size>
         <input_file_ref idref="fl-f"/>
      </object_component>
      <object_component id="oc-3cc">
         <name>.text:scalbn</name>
         <load_address>0x33a0</load_address>
         <run_address>0x33a0</run_address>
         <size>0x110</size>
         <input_file_ref idref="fl-e4"/>
      </object_component>
      <object_component id="oc-387">
         <name>.text</name>
         <load_address>0x34b0</load_address>
         <run_address>0x34b0</run_address>
         <size>0xfc</size>
         <input_file_ref idref="fl-e8"/>
      </object_component>
      <object_component id="oc-19c">
         <name>.text:SysCtlClockSet</name>
         <load_address>0x35ac</load_address>
         <run_address>0x35ac</run_address>
         <size>0xf4</size>
         <input_file_ref idref="fl-f"/>
      </object_component>
      <object_component id="oc-30a">
         <name>.text:_ltostr</name>
         <load_address>0x36a0</load_address>
         <run_address>0x36a0</run_address>
         <size>0xb1</size>
         <input_file_ref idref="fl-de"/>
      </object_component>
      <object_component id="oc-38">
         <name>.text</name>
         <load_address>0x3752</load_address>
         <run_address>0x3752</run_address>
         <size>0x9c</size>
         <input_file_ref idref="fl-ca"/>
      </object_component>
      <object_component id="oc-380">
         <name>.text</name>
         <load_address>0x37ee</load_address>
         <run_address>0x37ee</run_address>
         <size>0x96</size>
         <input_file_ref idref="fl-eb"/>
      </object_component>
      <object_component id="oc-310">
         <name>.text:__aeabi_cdcmple</name>
         <load_address>0x3884</load_address>
         <run_address>0x3884</run_address>
         <size>0x86</size>
         <input_file_ref idref="fl-e6"/>
      </object_component>
      <object_component id="oc-391">
         <name>.text:__aeabi_cdrcmple</name>
         <load_address>0x390a</load_address>
         <run_address>0x390a</run_address>
         <size>0x86</size>
         <input_file_ref idref="fl-e6"/>
      </object_component>
      <object_component id="oc-8c">
         <name>.text</name>
         <load_address>0x3990</load_address>
         <run_address>0x3990</run_address>
         <size>0x7a</size>
         <input_file_ref idref="fl-cb"/>
      </object_component>
      <object_component id="oc-3b1">
         <name>.text:_mcpy</name>
         <load_address>0x3a0a</load_address>
         <run_address>0x3a0a</run_address>
         <size>0x6e</size>
         <input_file_ref idref="fl-de"/>
      </object_component>
      <object_component id="oc-12d">
         <name>.text:IntDisable</name>
         <load_address>0x3a78</load_address>
         <run_address>0x3a78</run_address>
         <size>0x68</size>
         <input_file_ref idref="fl-e"/>
      </object_component>
      <object_component id="oc-f1">
         <name>.text:IntEnable</name>
         <load_address>0x3ae0</load_address>
         <run_address>0x3ae0</run_address>
         <size>0x68</size>
         <input_file_ref idref="fl-e"/>
      </object_component>
      <object_component id="oc-12">
         <name>.text:decompress:lzss:__TI_decompress_lzss</name>
         <load_address>0x3b48</load_address>
         <run_address>0x3b48</run_address>
         <size>0x68</size>
         <input_file_ref idref="fl-ce"/>
      </object_component>
      <object_component id="oc-3c6">
         <name>.text:frexp</name>
         <load_address>0x3bb0</load_address>
         <run_address>0x3bb0</run_address>
         <size>0x64</size>
         <input_file_ref idref="fl-e3"/>
      </object_component>
      <object_component id="oc-df">
         <name>.text:TimerConfigure</name>
         <load_address>0x3c14</load_address>
         <run_address>0x3c14</run_address>
         <size>0x60</size>
         <input_file_ref idref="fl-11"/>
      </object_component>
      <object_component id="oc-31b">
         <name>.text:_pconv_f</name>
         <load_address>0x3c74</load_address>
         <run_address>0x3c74</run_address>
         <size>0x56</size>
         <input_file_ref idref="fl-de"/>
      </object_component>
      <object_component id="oc-39b">
         <name>.text:ltoa</name>
         <load_address>0x3cca</load_address>
         <run_address>0x3cca</run_address>
         <size>0x54</size>
         <input_file_ref idref="fl-df"/>
      </object_component>
      <object_component id="oc-3ab">
         <name>.text:_ecpy</name>
         <load_address>0x3d1e</load_address>
         <run_address>0x3d1e</run_address>
         <size>0x52</size>
         <input_file_ref idref="fl-de"/>
      </object_component>
      <object_component id="oc-216">
         <name>.text:_TimerIntNumberGet</name>
         <load_address>0x3d70</load_address>
         <run_address>0x3d70</run_address>
         <size>0x4c</size>
         <input_file_ref idref="fl-11"/>
      </object_component>
      <object_component id="oc-18a">
         <name>.text:atoi</name>
         <load_address>0x3dbc</load_address>
         <run_address>0x3dbc</run_address>
         <size>0x4c</size>
         <input_file_ref idref="fl-d3"/>
      </object_component>
      <object_component id="oc-109">
         <name>.text:GPIOPinConfigure</name>
         <load_address>0x3e08</load_address>
         <run_address>0x3e08</run_address>
         <size>0x48</size>
         <input_file_ref idref="fl-d"/>
      </object_component>
      <object_component id="oc-396">
         <name>.text</name>
         <load_address>0x3e50</load_address>
         <run_address>0x3e50</run_address>
         <size>0x48</size>
         <input_file_ref idref="fl-e9"/>
      </object_component>
      <object_component id="oc-121">
         <name>.text:UARTConfigSetExpClk</name>
         <load_address>0x3e98</load_address>
         <run_address>0x3e98</run_address>
         <size>0x46</size>
         <input_file_ref idref="fl-12"/>
      </object_component>
      <object_component id="oc-1d0">
         <name>.text:__TI_auto_init_nobinit_nopinit:__TI_auto_init_nobinit_nopinit</name>
         <load_address>0x3ee0</load_address>
         <run_address>0x3ee0</run_address>
         <size>0x44</size>
         <input_file_ref idref="fl-db"/>
      </object_component>
      <object_component id="oc-263">
         <name>.text:_UARTIntNumberGet</name>
         <load_address>0x3f24</load_address>
         <run_address>0x3f24</run_address>
         <size>0x40</size>
         <input_file_ref idref="fl-12"/>
      </object_component>
      <object_component id="oc-24e">
         <name>.text</name>
         <load_address>0x3f64</load_address>
         <run_address>0x3f64</run_address>
         <size>0x40</size>
         <input_file_ref idref="fl-c9"/>
      </object_component>
      <object_component id="oc-17b">
         <name>.text:sprintf</name>
         <load_address>0x3fa4</load_address>
         <run_address>0x3fa4</run_address>
         <size>0x40</size>
         <input_file_ref idref="fl-d5"/>
      </object_component>
      <object_component id="oc-3be">
         <name>.text:_fcpy</name>
         <load_address>0x3fe4</load_address>
         <run_address>0x3fe4</run_address>
         <size>0x3e</size>
         <input_file_ref idref="fl-de"/>
      </object_component>
      <object_component id="oc-23f">
         <name>.text:SysCtlPeripheralPresent</name>
         <load_address>0x4024</load_address>
         <run_address>0x4024</run_address>
         <size>0x38</size>
         <input_file_ref idref="fl-f"/>
      </object_component>
      <object_component id="oc-56">
         <name>.text:_c_int00_noargs:_c_int00_noargs</name>
         <load_address>0x405c</load_address>
         <run_address>0x405c</run_address>
         <size>0x38</size>
         <input_file_ref idref="fl-cf"/>
      </object_component>
      <object_component id="oc-21c">
         <name>.text:IntRegister</name>
         <load_address>0x4094</load_address>
         <run_address>0x4094</run_address>
         <size>0x34</size>
         <input_file_ref idref="fl-e"/>
      </object_component>
      <object_component id="oc-d9">
         <name>.text:SysCtlPeripheralEnable</name>
         <load_address>0x40c8</load_address>
         <run_address>0x40c8</run_address>
         <size>0x34</size>
         <input_file_ref idref="fl-f"/>
      </object_component>
      <object_component id="oc-3a1">
         <name>.text</name>
         <load_address>0x40fc</load_address>
         <run_address>0x40fc</run_address>
         <size>0x2e</size>
         <input_file_ref idref="fl-ea"/>
      </object_component>
      <object_component id="oc-236">
         <name>.text:GPIODirModeSet</name>
         <load_address>0x412a</load_address>
         <run_address>0x412a</run_address>
         <size>0x2a</size>
         <input_file_ref idref="fl-d"/>
      </object_component>
      <object_component id="oc-133">
         <name>.text:UARTDisable</name>
         <load_address>0x4154</load_address>
         <run_address>0x4154</run_address>
         <size>0x20</size>
         <input_file_ref idref="fl-12"/>
      </object_component>
      <object_component id="oc-16f">
         <name>.text:strcat</name>
         <load_address>0x4174</load_address>
         <run_address>0x4174</run_address>
         <size>0x1e</size>
         <input_file_ref idref="fl-d6"/>
      </object_component>
      <object_component id="oc-32d">
         <name>.text:memccpy</name>
         <load_address>0x4192</load_address>
         <run_address>0x4192</run_address>
         <size>0x1c</size>
         <input_file_ref idref="fl-e0"/>
      </object_component>
      <object_component id="oc-1a8">
         <name>.text:GPIOPinTypeGPIOOutput</name>
         <load_address>0x41ae</load_address>
         <run_address>0x41ae</run_address>
         <size>0x18</size>
         <input_file_ref idref="fl-d"/>
      </object_component>
      <object_component id="oc-eb">
         <name>.text:TimerIntRegister</name>
         <load_address>0x41c6</load_address>
         <run_address>0x41c6</run_address>
         <size>0x18</size>
         <input_file_ref idref="fl-11"/>
      </object_component>
      <object_component id="oc-145">
         <name>.text:UARTIntRegister</name>
         <load_address>0x41de</load_address>
         <run_address>0x41de</run_address>
         <size>0x18</size>
         <input_file_ref idref="fl-12"/>
      </object_component>
      <object_component id="oc-27e">
         <name>.text:_outs</name>
         <load_address>0x41f6</load_address>
         <run_address>0x41f6</run_address>
         <size>0x18</size>
         <input_file_ref idref="fl-d5"/>
      </object_component>
      <object_component id="oc-3d2">
         <name>.text:strchr</name>
         <load_address>0x420e</load_address>
         <run_address>0x420e</run_address>
         <size>0x16</size>
         <input_file_ref idref="fl-e1"/>
      </object_component>
      <object_component id="oc-d3">
         <name>.text:SysTickEnable</name>
         <load_address>0x4224</load_address>
         <run_address>0x4224</run_address>
         <size>0x14</size>
         <input_file_ref idref="fl-10"/>
      </object_component>
      <object_component id="oc-127">
         <name>.text:UARTEnable</name>
         <load_address>0x4238</load_address>
         <run_address>0x4238</run_address>
         <size>0x14</size>
         <input_file_ref idref="fl-12"/>
      </object_component>
      <object_component id="oc-41d">
         <name>.text:copysign</name>
         <load_address>0x424c</load_address>
         <run_address>0x424c</run_address>
         <size>0x14</size>
         <input_file_ref idref="fl-ed"/>
      </object_component>
      <object_component id="oc-169">
         <name>.text:strcpy</name>
         <load_address>0x4260</load_address>
         <run_address>0x4260</run_address>
         <size>0x14</size>
         <input_file_ref idref="fl-d8"/>
      </object_component>
      <object_component id="oc-175">
         <name>.text:strlen</name>
         <load_address>0x4274</load_address>
         <run_address>0x4274</run_address>
         <size>0x14</size>
         <input_file_ref idref="fl-d9"/>
      </object_component>
      <object_component id="oc-10f">
         <name>.text:GPIOPinTypeUART</name>
         <load_address>0x4288</load_address>
         <run_address>0x4288</run_address>
         <size>0x12</size>
         <input_file_ref idref="fl-d"/>
      </object_component>
      <object_component id="oc-e5">
         <name>.text:TimerLoadSet</name>
         <load_address>0x429a</load_address>
         <run_address>0x429a</run_address>
         <size>0x12</size>
         <input_file_ref idref="fl-11"/>
      </object_component>
      <object_component id="oc-333">
         <name>.text:wcslen</name>
         <load_address>0x42ac</load_address>
         <run_address>0x42ac</run_address>
         <size>0x12</size>
         <input_file_ref idref="fl-e2"/>
      </object_component>
      <object_component id="oc-103">
         <name>.text:IntMasterEnable</name>
         <load_address>0x42be</load_address>
         <run_address>0x42be</run_address>
         <size>0x10</size>
         <input_file_ref idref="fl-e"/>
      </object_component>
      <object_component id="oc-cd">
         <name>.text:SysTickPeriodSet</name>
         <load_address>0x42d0</load_address>
         <run_address>0x42d0</run_address>
         <size>0x10</size>
         <input_file_ref idref="fl-10"/>
      </object_component>
      <object_component id="oc-fd">
         <name>.text:TimerEnable</name>
         <load_address>0x42e0</load_address>
         <run_address>0x42e0</run_address>
         <size>0xe</size>
         <input_file_ref idref="fl-11"/>
      </object_component>
      <object_component id="oc-151">
         <name>.text:UARTCharsAvail</name>
         <load_address>0x42ee</load_address>
         <run_address>0x42ee</run_address>
         <size>0xe</size>
         <input_file_ref idref="fl-12"/>
      </object_component>
      <object_component id="oc-18">
         <name>.text:decompress:none:__TI_decompress_none</name>
         <load_address>0x42fc</load_address>
         <run_address>0x42fc</run_address>
         <size>0xe</size>
         <input_file_ref idref="fl-cd"/>
      </object_component>
      <object_component id="oc-22a">
         <name>.text:CPUcpsie</name>
         <load_address>0x430a</load_address>
         <run_address>0x430a</run_address>
         <size>0xc</size>
         <input_file_ref idref="fl-13"/>
      </object_component>
      <object_component id="oc-4a">
         <name>.text:decompress:ZI:__TI_zero_init</name>
         <load_address>0x4316</load_address>
         <run_address>0x4316</run_address>
         <size>0xc</size>
         <input_file_ref idref="fl-cc"/>
      </object_component>
      <object_component id="oc-24">
         <name>.text</name>
         <load_address>0x4322</load_address>
         <run_address>0x4322</run_address>
         <size>0xc</size>
         <input_file_ref idref="fl-4"/>
      </object_component>
      <object_component id="oc-14b">
         <name>.text:UARTCharGet</name>
         <load_address>0x432e</load_address>
         <run_address>0x432e</run_address>
         <size>0xa</size>
         <input_file_ref idref="fl-12"/>
      </object_component>
      <object_component id="oc-15d">
         <name>.text:UARTCharPut</name>
         <load_address>0x4338</load_address>
         <run_address>0x4338</run_address>
         <size>0xa</size>
         <input_file_ref idref="fl-12"/>
      </object_component>
      <object_component id="oc-139">
         <name>.text:UARTFIFODisable</name>
         <load_address>0x4342</load_address>
         <run_address>0x4342</run_address>
         <size>0xa</size>
         <input_file_ref idref="fl-12"/>
      </object_component>
      <object_component id="oc-190">
         <name>.text:UARTIntStatus</name>
         <load_address>0x434c</load_address>
         <run_address>0x434c</run_address>
         <size>0xa</size>
         <input_file_ref idref="fl-12"/>
      </object_component>
      <object_component id="oc-284">
         <name>.text:_outc</name>
         <load_address>0x4356</load_address>
         <run_address>0x4356</run_address>
         <size>0xa</size>
         <input_file_ref idref="fl-d5"/>
      </object_component>
      <object_component id="oc-f7">
         <name>.text:TimerIntEnable</name>
         <load_address>0x4360</load_address>
         <run_address>0x4360</run_address>
         <size>0x8</size>
         <input_file_ref idref="fl-11"/>
      </object_component>
      <object_component id="oc-157">
         <name>.text:UARTBusy</name>
         <load_address>0x4368</load_address>
         <run_address>0x4368</run_address>
         <size>0x8</size>
         <input_file_ref idref="fl-12"/>
      </object_component>
      <object_component id="oc-13f">
         <name>.text:UARTIntEnable</name>
         <load_address>0x4370</load_address>
         <run_address>0x4370</run_address>
         <size>0x8</size>
         <input_file_ref idref="fl-12"/>
      </object_component>
      <object_component id="oc-339">
         <name>.text:__aeabi_errno_addr</name>
         <load_address>0x4378</load_address>
         <run_address>0x4378</run_address>
         <size>0x8</size>
         <input_file_ref idref="fl-ec"/>
      </object_component>
      <object_component id="oc-1b4">
         <name>.text:GPIOPinWrite</name>
         <load_address>0x4380</load_address>
         <run_address>0x4380</run_address>
         <size>0x6</size>
         <input_file_ref idref="fl-d"/>
      </object_component>
      <object_component id="oc-c6">
         <name>.text:SysCtlDelay</name>
         <load_address>0x4386</load_address>
         <run_address>0x4386</run_address>
         <size>0x6</size>
         <input_file_ref idref="fl-f"/>
      </object_component>
      <object_component id="oc-115">
         <name>.text:UARTClockSourceSet</name>
         <load_address>0x438c</load_address>
         <run_address>0x438c</run_address>
         <size>0x6</size>
         <input_file_ref idref="fl-12"/>
      </object_component>
      <object_component id="oc-c7">
         <name>.text:TimerIntClear</name>
         <load_address>0x4392</load_address>
         <run_address>0x4392</run_address>
         <size>0x4</size>
         <input_file_ref idref="fl-11"/>
      </object_component>
      <object_component id="oc-196">
         <name>.text:UARTIntClear</name>
         <load_address>0x4396</load_address>
         <run_address>0x4396</run_address>
         <size>0x4</size>
         <input_file_ref idref="fl-12"/>
      </object_component>
      <object_component id="oc-92">
         <name>.text:_system_pre_init</name>
         <load_address>0x439a</load_address>
         <run_address>0x439a</run_address>
         <size>0x4</size>
         <input_file_ref idref="fl-dc"/>
      </object_component>
      <object_component id="oc-1c4">
         <name>.text:abort:abort</name>
         <load_address>0x439e</load_address>
         <run_address>0x439e</run_address>
         <size>0x4</size>
         <input_file_ref idref="fl-d0"/>
      </object_component>
      <object_component id="oc-292">
         <name>.const:.string:_ctypes_</name>
         <load_address>0x43a4</load_address>
         <run_address>0x43a4</run_address>
         <size>0x101</size>
         <input_file_ref idref="fl-d4"/>
      </object_component>
      <object_component id="oc-231">
         <name>.const:g_pui32GPIOBaseAddrs</name>
         <load_address>0x44a8</load_address>
         <run_address>0x44a8</run_address>
         <size>0x90</size>
         <input_file_ref idref="fl-d"/>
      </object_component>
      <object_component id="oc-223">
         <name>.const</name>
         <load_address>0x4538</load_address>
         <run_address>0x4538</run_address>
         <size>0x70</size>
         <input_file_ref idref="fl-e"/>
      </object_component>
      <object_component id="oc-204">
         <name>.const:g_pui32Xtals</name>
         <load_address>0x45a8</load_address>
         <run_address>0x45a8</run_address>
         <size>0x6c</size>
         <input_file_ref idref="fl-f"/>
      </object_component>
      <object_component id="oc-2d4">
         <name>.const:g_ppui32TimerIntMap</name>
         <load_address>0x4614</load_address>
         <run_address>0x4614</run_address>
         <size>0x60</size>
         <input_file_ref idref="fl-11"/>
      </object_component>
      <object_component id="oc-2d7">
         <name>.const:g_ppui32TimerIntMapSnowflake</name>
         <load_address>0x4674</load_address>
         <run_address>0x4674</run_address>
         <size>0x40</size>
         <input_file_ref idref="fl-11"/>
      </object_component>
      <object_component id="oc-2fd">
         <name>.const:g_ppui32UARTIntMap</name>
         <load_address>0x46b4</load_address>
         <run_address>0x46b4</run_address>
         <size>0x40</size>
         <input_file_ref idref="fl-12"/>
      </object_component>
      <object_component id="oc-300">
         <name>.const:g_ppui32UARTIntMapSnowflake</name>
         <load_address>0x46f4</load_address>
         <run_address>0x46f4</run_address>
         <size>0x40</size>
         <input_file_ref idref="fl-12"/>
      </object_component>
      <object_component id="oc-184">
         <name>.const:.string:$P$T1$2</name>
         <load_address>0x4734</load_address>
         <run_address>0x4734</run_address>
         <size>0x1d</size>
         <input_file_ref idref="fl-3"/>
      </object_component>
      <object_component id="oc-2f8">
         <name>.const:.string</name>
         <load_address>0x4754</load_address>
         <run_address>0x4754</run_address>
         <size>0x12</size>
         <input_file_ref idref="fl-6"/>
      </object_component>
      <object_component id="oc-187">
         <name>.const:.string:$P$T2$3</name>
         <load_address>0x4766</load_address>
         <run_address>0x4766</run_address>
         <size>0xf</size>
         <input_file_ref idref="fl-3"/>
      </object_component>
      <object_component id="oc-24b">
         <name>.const:g_ui32UARTBase</name>
         <load_address>0x4778</load_address>
         <run_address>0x4778</run_address>
         <size>0xc</size>
         <input_file_ref idref="fl-6"/>
      </object_component>
      <object_component id="oc-245">
         <name>.const:g_ui32UARTPeriph</name>
         <load_address>0x4784</load_address>
         <run_address>0x4784</run_address>
         <size>0xc</size>
         <input_file_ref idref="fl-6"/>
      </object_component>
      <object_component id="oc-181">
         <name>.const:.string:$P$T0$1</name>
         <load_address>0x4790</load_address>
         <run_address>0x4790</run_address>
         <size>0x8</size>
         <input_file_ref idref="fl-3"/>
      </object_component>
      <object_component id="oc-253">
         <name>.const</name>
         <load_address>0x4798</load_address>
         <run_address>0x4798</run_address>
         <size>0x4</size>
         <input_file_ref idref="fl-6"/>
      </object_component>
      <object_component id="oc-46e">
         <name>__TI_handler_table</name>
         <load_address>0x47a0</load_address>
         <run_address>0x47a0</run_address>
         <size>0xc</size>
      </object_component>
      <object_component id="oc-472">
         <name>.cinit..bss.load</name>
         <load_address>0x47b0</load_address>
         <run_address>0x47b0</run_address>
         <size>0x8</size>
      </object_component>
      <object_component id="oc-471">
         <name>.cinit..data.load</name>
         <load_address>0x47b8</load_address>
         <run_address>0x47b8</run_address>
         <size>0x8</size>
      </object_component>
      <object_component id="oc-470">
         <name>.cinit..vtable.load</name>
         <load_address>0x47c0</load_address>
         <run_address>0x47c0</run_address>
         <size>0x8</size>
      </object_component>
      <object_component id="oc-46f">
         <name>__TI_cinit_table</name>
         <load_address>0x47c8</load_address>
         <run_address>0x47c8</run_address>
         <size>0x18</size>
      </object_component>
      <object_component id="oc-2db">
         <name>.vtable</name>
         <uninitialized>true</uninitialized>
         <run_address>0x20000000</run_address>
         <size>0x26c</size>
         <input_file_ref idref="fl-e"/>
      </object_component>
      <object_component id="oc-163">
         <name>.data</name>
         <load_address>0x20004e70</load_address>
         <run_address>0x20004e70</run_address>
         <size>0x13</size>
         <input_file_ref idref="fl-3"/>
      </object_component>
      <object_component id="oc-248">
         <name>.data</name>
         <load_address>0x20004e84</load_address>
         <run_address>0x20004e84</run_address>
         <size>0x5</size>
         <input_file_ref idref="fl-6"/>
      </object_component>
      <object_component id="oc-3e2">
         <name>.data</name>
         <load_address>0x20004e8c</load_address>
         <run_address>0x20004e8c</run_address>
         <size>0x4</size>
         <input_file_ref idref="fl-ec"/>
      </object_component>
      <object_component id="oc-166">
         <name>.bss:ReceivedData</name>
         <uninitialized>true</uninitialized>
         <run_address>0x20004a6c</run_address>
         <size>0x200</size>
         <input_file_ref idref="fl-3"/>
      </object_component>
      <object_component id="oc-1ba">
         <name>.bss:localDB</name>
         <uninitialized>true</uninitialized>
         <run_address>0x2000026c</run_address>
         <size>0x4800</size>
         <input_file_ref idref="fl-3"/>
      </object_component>
      <object_component id="oc-21">
         <name>.stack</name>
         <uninitialized>true</uninitialized>
         <run_address>0x20004c70</run_address>
         <size>0x4</size>
         <input_file_ref idref="fl-cf"/>
      </object_component>
      <object_component id="oc-473">
         <name>.stack</name>
         <uninitialized>true</uninitialized>
         <run_address>0x20004c70</run_address>
         <size>0x0</size>
      </object_component>
      <object_component id="oc-af">
         <name>.debug_info</name>
         <load_address>0x0</load_address>
         <run_address>0x0</run_address>
         <size>0x33f</size>
         <input_file_ref idref="fl-2"/>
      </object_component>
      <object_component id="oc-1a3">
         <name>.debug_info</name>
         <load_address>0x33f</load_address>
         <run_address>0x33f</run_address>
         <size>0x978</size>
         <input_file_ref idref="fl-2"/>
      </object_component>
      <object_component id="oc-6d">
         <name>.debug_info</name>
         <load_address>0xcb7</load_address>
         <run_address>0xcb7</run_address>
         <size>0x26b</size>
         <input_file_ref idref="fl-2"/>
      </object_component>
      <object_component id="oc-33">
         <name>.debug_info</name>
         <load_address>0xf22</load_address>
         <run_address>0xf22</run_address>
         <size>0x84</size>
         <input_file_ref idref="fl-2"/>
      </object_component>
      <object_component id="oc-aa">
         <name>.debug_info</name>
         <load_address>0xfa6</load_address>
         <run_address>0xfa6</run_address>
         <size>0x297</size>
         <input_file_ref idref="fl-2"/>
      </object_component>
      <object_component id="oc-72">
         <name>.debug_info</name>
         <load_address>0x123d</load_address>
         <run_address>0x123d</run_address>
         <size>0xbb</size>
         <input_file_ref idref="fl-2"/>
      </object_component>
      <object_component id="oc-1c3">
         <name>.debug_info</name>
         <load_address>0x12f8</load_address>
         <run_address>0x12f8</run_address>
         <size>0xb85</size>
         <input_file_ref idref="fl-3"/>
      </object_component>
      <object_component id="oc-167">
         <name>.debug_info</name>
         <load_address>0x1e7d</load_address>
         <run_address>0x1e7d</run_address>
         <size>0xca</size>
         <input_file_ref idref="fl-3"/>
      </object_component>
      <object_component id="oc-1bb">
         <name>.debug_info</name>
         <load_address>0x1f47</load_address>
         <run_address>0x1f47</run_address>
         <size>0xc0</size>
         <input_file_ref idref="fl-3"/>
      </object_component>
      <object_component id="oc-164">
         <name>.debug_info</name>
         <load_address>0x2007</load_address>
         <run_address>0x2007</run_address>
         <size>0x188</size>
         <input_file_ref idref="fl-3"/>
      </object_component>
      <object_component id="oc-182">
         <name>.debug_info</name>
         <load_address>0x218f</load_address>
         <run_address>0x218f</run_address>
         <size>0xc1</size>
         <input_file_ref idref="fl-3"/>
      </object_component>
      <object_component id="oc-185">
         <name>.debug_info</name>
         <load_address>0x2250</load_address>
         <run_address>0x2250</run_address>
         <size>0xc1</size>
         <input_file_ref idref="fl-3"/>
      </object_component>
      <object_component id="oc-188">
         <name>.debug_info</name>
         <load_address>0x2311</load_address>
         <run_address>0x2311</run_address>
         <size>0xc1</size>
         <input_file_ref idref="fl-3"/>
      </object_component>
      <object_component id="oc-99">
         <name>.debug_info</name>
         <load_address>0x23d2</load_address>
         <run_address>0x23d2</run_address>
         <size>0x292a</size>
         <input_file_ref idref="fl-3"/>
      </object_component>
      <object_component id="oc-1be">
         <name>.debug_info</name>
         <load_address>0x4cfc</load_address>
         <run_address>0x4cfc</run_address>
         <size>0x8b</size>
         <input_file_ref idref="fl-3"/>
      </object_component>
      <object_component id="oc-2a2">
         <name>.debug_info</name>
         <load_address>0x4d87</load_address>
         <run_address>0x4d87</run_address>
         <size>0xcc</size>
         <input_file_ref idref="fl-3"/>
      </object_component>
      <object_component id="oc-258">
         <name>.debug_info</name>
         <load_address>0x4e53</load_address>
         <run_address>0x4e53</run_address>
         <size>0x2c</size>
         <input_file_ref idref="fl-3"/>
      </object_component>
      <object_component id="oc-2c">
         <name>.debug_info</name>
         <load_address>0x4e7f</load_address>
         <run_address>0x4e7f</run_address>
         <size>0x2a0</size>
         <input_file_ref idref="fl-4"/>
      </object_component>
      <object_component id="oc-10">
         <name>.debug_info</name>
         <load_address>0x511f</load_address>
         <run_address>0x511f</run_address>
         <size>0xdf</size>
         <input_file_ref idref="fl-4"/>
      </object_component>
      <object_component id="oc-26">
         <name>.debug_info</name>
         <load_address>0x51fe</load_address>
         <run_address>0x51fe</run_address>
         <size>0x25b</size>
         <input_file_ref idref="fl-4"/>
      </object_component>
      <object_component id="oc-b7">
         <name>.debug_info</name>
         <load_address>0x5459</load_address>
         <run_address>0x5459</run_address>
         <size>0x2c</size>
         <input_file_ref idref="fl-5"/>
      </object_component>
      <object_component id="oc-257">
         <name>.debug_info</name>
         <load_address>0x5485</load_address>
         <run_address>0x5485</run_address>
         <size>0x40e</size>
         <input_file_ref idref="fl-6"/>
      </object_component>
      <object_component id="oc-249">
         <name>.debug_info</name>
         <load_address>0x5893</load_address>
         <run_address>0x5893</run_address>
         <size>0x105</size>
         <input_file_ref idref="fl-6"/>
      </object_component>
      <object_component id="oc-254">
         <name>.debug_info</name>
         <load_address>0x5998</load_address>
         <run_address>0x5998</run_address>
         <size>0xff</size>
         <input_file_ref idref="fl-6"/>
      </object_component>
      <object_component id="oc-24c">
         <name>.debug_info</name>
         <load_address>0x5a97</load_address>
         <run_address>0x5a97</run_address>
         <size>0x10d</size>
         <input_file_ref idref="fl-6"/>
      </object_component>
      <object_component id="oc-246">
         <name>.debug_info</name>
         <load_address>0x5ba4</load_address>
         <run_address>0x5ba4</run_address>
         <size>0x111</size>
         <input_file_ref idref="fl-6"/>
      </object_component>
      <object_component id="oc-11e">
         <name>.debug_info</name>
         <load_address>0x5cb5</load_address>
         <run_address>0x5cb5</run_address>
         <size>0xa66</size>
         <input_file_ref idref="fl-6"/>
      </object_component>
      <object_component id="oc-235">
         <name>.debug_info</name>
         <load_address>0x671b</load_address>
         <run_address>0x671b</run_address>
         <size>0x240</size>
         <input_file_ref idref="fl-d"/>
      </object_component>
      <object_component id="oc-232">
         <name>.debug_info</name>
         <load_address>0x695b</load_address>
         <run_address>0x695b</run_address>
         <size>0x15b</size>
         <input_file_ref idref="fl-d"/>
      </object_component>
      <object_component id="oc-1b7">
         <name>.debug_info</name>
         <load_address>0x6ab6</load_address>
         <run_address>0x6ab6</run_address>
         <size>0x2a3</size>
         <input_file_ref idref="fl-d"/>
      </object_component>
      <object_component id="oc-239">
         <name>.debug_info</name>
         <load_address>0x6d59</load_address>
         <run_address>0x6d59</run_address>
         <size>0x2b3</size>
         <input_file_ref idref="fl-d"/>
      </object_component>
      <object_component id="oc-1b1">
         <name>.debug_info</name>
         <load_address>0x700c</load_address>
         <run_address>0x700c</run_address>
         <size>0x316</size>
         <input_file_ref idref="fl-d"/>
      </object_component>
      <object_component id="oc-112">
         <name>.debug_info</name>
         <load_address>0x7322</load_address>
         <run_address>0x7322</run_address>
         <size>0x27b</size>
         <input_file_ref idref="fl-d"/>
      </object_component>
      <object_component id="oc-1ab">
         <name>.debug_info</name>
         <load_address>0x759d</load_address>
         <run_address>0x759d</run_address>
         <size>0x2b7</size>
         <input_file_ref idref="fl-d"/>
      </object_component>
      <object_component id="oc-10c">
         <name>.debug_info</name>
         <load_address>0x7854</load_address>
         <run_address>0x7854</run_address>
         <size>0x280</size>
         <input_file_ref idref="fl-d"/>
      </object_component>
      <object_component id="oc-208">
         <name>.debug_info</name>
         <load_address>0x7ad4</load_address>
         <run_address>0x7ad4</run_address>
         <size>0x18b</size>
         <input_file_ref idref="fl-d"/>
      </object_component>
      <object_component id="oc-227">
         <name>.debug_info</name>
         <load_address>0x7c5f</load_address>
         <run_address>0x7c5f</run_address>
         <size>0x20e</size>
         <input_file_ref idref="fl-e"/>
      </object_component>
      <object_component id="oc-224">
         <name>.debug_info</name>
         <load_address>0x7e6d</load_address>
         <run_address>0x7e6d</run_address>
         <size>0x210</size>
         <input_file_ref idref="fl-e"/>
      </object_component>
      <object_component id="oc-2dc">
         <name>.debug_info</name>
         <load_address>0x807d</load_address>
         <run_address>0x807d</run_address>
         <size>0x157</size>
         <input_file_ref idref="fl-e"/>
      </object_component>
      <object_component id="oc-21e">
         <name>.debug_info</name>
         <load_address>0x81d4</load_address>
         <run_address>0x81d4</run_address>
         <size>0x2c1</size>
         <input_file_ref idref="fl-e"/>
      </object_component>
      <object_component id="oc-105">
         <name>.debug_info</name>
         <load_address>0x8495</load_address>
         <run_address>0x8495</run_address>
         <size>0x23e</size>
         <input_file_ref idref="fl-e"/>
      </object_component>
      <object_component id="oc-f3">
         <name>.debug_info</name>
         <load_address>0x86d3</load_address>
         <run_address>0x86d3</run_address>
         <size>0x268</size>
         <input_file_ref idref="fl-e"/>
      </object_component>
      <object_component id="oc-12f">
         <name>.debug_info</name>
         <load_address>0x893b</load_address>
         <run_address>0x893b</run_address>
         <size>0x26a</size>
         <input_file_ref idref="fl-e"/>
      </object_component>
      <object_component id="oc-213">
         <name>.debug_info</name>
         <load_address>0x8ba5</load_address>
         <run_address>0x8ba5</run_address>
         <size>0x298</size>
         <input_file_ref idref="fl-f"/>
      </object_component>
      <object_component id="oc-205">
         <name>.debug_info</name>
         <load_address>0x8e3d</load_address>
         <run_address>0x8e3d</run_address>
         <size>0x14d</size>
         <input_file_ref idref="fl-f"/>
      </object_component>
      <object_component id="oc-241">
         <name>.debug_info</name>
         <load_address>0x8f8a</load_address>
         <run_address>0x8f8a</run_address>
         <size>0x283</size>
         <input_file_ref idref="fl-f"/>
      </object_component>
      <object_component id="oc-db">
         <name>.debug_info</name>
         <load_address>0x920d</load_address>
         <run_address>0x920d</run_address>
         <size>0x27d</size>
         <input_file_ref idref="fl-f"/>
      </object_component>
      <object_component id="oc-19d">
         <name>.debug_info</name>
         <load_address>0x948a</load_address>
         <run_address>0x948a</run_address>
         <size>0x2db</size>
         <input_file_ref idref="fl-f"/>
      </object_component>
      <object_component id="oc-c1">
         <name>.debug_info</name>
         <load_address>0x9765</load_address>
         <run_address>0x9765</run_address>
         <size>0x2b5</size>
         <input_file_ref idref="fl-f"/>
      </object_component>
      <object_component id="oc-2cf">
         <name>.debug_info</name>
         <load_address>0x9a1a</load_address>
         <run_address>0x9a1a</run_address>
         <size>0x5f</size>
         <input_file_ref idref="fl-f"/>
      </object_component>
      <object_component id="oc-210">
         <name>.debug_info</name>
         <load_address>0x9a79</load_address>
         <run_address>0x9a79</run_address>
         <size>0x19d</size>
         <input_file_ref idref="fl-10"/>
      </object_component>
      <object_component id="oc-cf">
         <name>.debug_info</name>
         <load_address>0x9c16</load_address>
         <run_address>0x9c16</run_address>
         <size>0x261</size>
         <input_file_ref idref="fl-10"/>
      </object_component>
      <object_component id="oc-d4">
         <name>.debug_info</name>
         <load_address>0x9e77</load_address>
         <run_address>0x9e77</run_address>
         <size>0x221</size>
         <input_file_ref idref="fl-10"/>
      </object_component>
      <object_component id="oc-20e">
         <name>.debug_info</name>
         <load_address>0xa098</load_address>
         <run_address>0xa098</run_address>
         <size>0x223</size>
         <input_file_ref idref="fl-11"/>
      </object_component>
      <object_component id="oc-2d5">
         <name>.debug_info</name>
         <load_address>0xa2bb</load_address>
         <run_address>0xa2bb</run_address>
         <size>0x15a</size>
         <input_file_ref idref="fl-11"/>
      </object_component>
      <object_component id="oc-2d8">
         <name>.debug_info</name>
         <load_address>0xa415</load_address>
         <run_address>0xa415</run_address>
         <size>0x16c</size>
         <input_file_ref idref="fl-11"/>
      </object_component>
      <object_component id="oc-e7">
         <name>.debug_info</name>
         <load_address>0xa581</load_address>
         <run_address>0xa581</run_address>
         <size>0x2ba</size>
         <input_file_ref idref="fl-11"/>
      </object_component>
      <object_component id="oc-217">
         <name>.debug_info</name>
         <load_address>0xa83b</load_address>
         <run_address>0xa83b</run_address>
         <size>0x2eb</size>
         <input_file_ref idref="fl-11"/>
      </object_component>
      <object_component id="oc-ec">
         <name>.debug_info</name>
         <load_address>0xab26</load_address>
         <run_address>0xab26</run_address>
         <size>0x2e4</size>
         <input_file_ref idref="fl-11"/>
      </object_component>
      <object_component id="oc-f8">
         <name>.debug_info</name>
         <load_address>0xae0a</load_address>
         <run_address>0xae0a</run_address>
         <size>0x294</size>
         <input_file_ref idref="fl-11"/>
      </object_component>
      <object_component id="oc-c8">
         <name>.debug_info</name>
         <load_address>0xb09e</load_address>
         <run_address>0xb09e</run_address>
         <size>0x292</size>
         <input_file_ref idref="fl-11"/>
      </object_component>
      <object_component id="oc-fe">
         <name>.debug_info</name>
         <load_address>0xb330</load_address>
         <run_address>0xb330</run_address>
         <size>0x27f</size>
         <input_file_ref idref="fl-11"/>
      </object_component>
      <object_component id="oc-e0">
         <name>.debug_info</name>
         <load_address>0xb5af</load_address>
         <run_address>0xb5af</run_address>
         <size>0x28c</size>
         <input_file_ref idref="fl-11"/>
      </object_component>
      <object_component id="oc-23e">
         <name>.debug_info</name>
         <load_address>0xb83b</load_address>
         <run_address>0xb83b</run_address>
         <size>0x227</size>
         <input_file_ref idref="fl-12"/>
      </object_component>
      <object_component id="oc-2fe">
         <name>.debug_info</name>
         <load_address>0xba62</load_address>
         <run_address>0xba62</run_address>
         <size>0x157</size>
         <input_file_ref idref="fl-12"/>
      </object_component>
      <object_component id="oc-301">
         <name>.debug_info</name>
         <load_address>0xbbb9</load_address>
         <run_address>0xbbb9</run_address>
         <size>0x169</size>
         <input_file_ref idref="fl-12"/>
      </object_component>
      <object_component id="oc-266">
         <name>.debug_info</name>
         <load_address>0xbd22</load_address>
         <run_address>0xbd22</run_address>
         <size>0x27e</size>
         <input_file_ref idref="fl-12"/>
      </object_component>
      <object_component id="oc-193">
         <name>.debug_info</name>
         <load_address>0xbfa0</load_address>
         <run_address>0xbfa0</run_address>
         <size>0x27f</size>
         <input_file_ref idref="fl-12"/>
      </object_component>
      <object_component id="oc-148">
         <name>.debug_info</name>
         <load_address>0xc21f</load_address>
         <run_address>0xc21f</run_address>
         <size>0x2c3</size>
         <input_file_ref idref="fl-12"/>
      </object_component>
      <object_component id="oc-142">
         <name>.debug_info</name>
         <load_address>0xc4e2</load_address>
         <run_address>0xc4e2</run_address>
         <size>0x28f</size>
         <input_file_ref idref="fl-12"/>
      </object_component>
      <object_component id="oc-199">
         <name>.debug_info</name>
         <load_address>0xc771</load_address>
         <run_address>0xc771</run_address>
         <size>0x28d</size>
         <input_file_ref idref="fl-12"/>
      </object_component>
      <object_component id="oc-13c">
         <name>.debug_info</name>
         <load_address>0xc9fe</load_address>
         <run_address>0xc9fe</run_address>
         <size>0x251</size>
         <input_file_ref idref="fl-12"/>
      </object_component>
      <object_component id="oc-12a">
         <name>.debug_info</name>
         <load_address>0xcc4f</load_address>
         <run_address>0xcc4f</run_address>
         <size>0x247</size>
         <input_file_ref idref="fl-12"/>
      </object_component>
      <object_component id="oc-136">
         <name>.debug_info</name>
         <load_address>0xce96</load_address>
         <run_address>0xce96</run_address>
         <size>0x249</size>
         <input_file_ref idref="fl-12"/>
      </object_component>
      <object_component id="oc-124">
         <name>.debug_info</name>
         <load_address>0xd0df</load_address>
         <run_address>0xd0df</run_address>
         <size>0x326</size>
         <input_file_ref idref="fl-12"/>
      </object_component>
      <object_component id="oc-118">
         <name>.debug_info</name>
         <load_address>0xd405</load_address>
         <run_address>0xd405</run_address>
         <size>0x291</size>
         <input_file_ref idref="fl-12"/>
      </object_component>
      <object_component id="oc-154">
         <name>.debug_info</name>
         <load_address>0xd696</load_address>
         <run_address>0xd696</run_address>
         <size>0x253</size>
         <input_file_ref idref="fl-12"/>
      </object_component>
      <object_component id="oc-160">
         <name>.debug_info</name>
         <load_address>0xd8e9</load_address>
         <run_address>0xd8e9</run_address>
         <size>0x273</size>
         <input_file_ref idref="fl-12"/>
      </object_component>
      <object_component id="oc-14e">
         <name>.debug_info</name>
         <load_address>0xdb5c</load_address>
         <run_address>0xdb5c</run_address>
         <size>0x24d</size>
         <input_file_ref idref="fl-12"/>
      </object_component>
      <object_component id="oc-15a">
         <name>.debug_info</name>
         <load_address>0xdda9</load_address>
         <run_address>0xdda9</run_address>
         <size>0x247</size>
         <input_file_ref idref="fl-12"/>
      </object_component>
      <object_component id="oc-22c">
         <name>.debug_info</name>
         <load_address>0xdff0</load_address>
         <run_address>0xdff0</run_address>
         <size>0x212</size>
         <input_file_ref idref="fl-13"/>
      </object_component>
      <object_component id="oc-24f">
         <name>.debug_info</name>
         <load_address>0xe202</load_address>
         <run_address>0xe202</run_address>
         <size>0x145</size>
         <input_file_ref idref="fl-c9"/>
      </object_component>
      <object_component id="oc-39">
         <name>.debug_info</name>
         <load_address>0xe347</load_address>
         <run_address>0xe347</run_address>
         <size>0x11c</size>
         <input_file_ref idref="fl-ca"/>
      </object_component>
      <object_component id="oc-8d">
         <name>.debug_info</name>
         <load_address>0xe463</load_address>
         <run_address>0xe463</run_address>
         <size>0x14a</size>
         <input_file_ref idref="fl-cb"/>
      </object_component>
      <object_component id="oc-8b">
         <name>.debug_info</name>
         <load_address>0xe5ad</load_address>
         <run_address>0xe5ad</run_address>
         <size>0x31e</size>
         <input_file_ref idref="fl-cc"/>
      </object_component>
      <object_component id="oc-4d">
         <name>.debug_info</name>
         <load_address>0xe8cb</load_address>
         <run_address>0xe8cb</run_address>
         <size>0x1b5</size>
         <input_file_ref idref="fl-cc"/>
      </object_component>
      <object_component id="oc-86">
         <name>.debug_info</name>
         <load_address>0xea80</load_address>
         <run_address>0xea80</run_address>
         <size>0x46</size>
         <input_file_ref idref="fl-cc"/>
      </object_component>
      <object_component id="oc-43">
         <name>.debug_info</name>
         <load_address>0xeac6</load_address>
         <run_address>0xeac6</run_address>
         <size>0x2a8</size>
         <input_file_ref idref="fl-cd"/>
      </object_component>
      <object_component id="oc-19">
         <name>.debug_info</name>
         <load_address>0xed6e</load_address>
         <run_address>0xed6e</run_address>
         <size>0x1ea</size>
         <input_file_ref idref="fl-cd"/>
      </object_component>
      <object_component id="oc-3e">
         <name>.debug_info</name>
         <load_address>0xef58</load_address>
         <run_address>0xef58</run_address>
         <size>0x46</size>
         <input_file_ref idref="fl-cd"/>
      </object_component>
      <object_component id="oc-7e">
         <name>.debug_info</name>
         <load_address>0xef9e</load_address>
         <run_address>0xef9e</run_address>
         <size>0x2c</size>
         <input_file_ref idref="fl-cd"/>
      </object_component>
      <object_component id="oc-7c">
         <name>.debug_info</name>
         <load_address>0xefca</load_address>
         <run_address>0xefca</run_address>
         <size>0x29e</size>
         <input_file_ref idref="fl-ce"/>
      </object_component>
      <object_component id="oc-15">
         <name>.debug_info</name>
         <load_address>0xf268</load_address>
         <run_address>0xf268</run_address>
         <size>0x250</size>
         <input_file_ref idref="fl-ce"/>
      </object_component>
      <object_component id="oc-2e">
         <name>.debug_info</name>
         <load_address>0xf4b8</load_address>
         <run_address>0xf4b8</run_address>
         <size>0x60</size>
         <input_file_ref idref="fl-ce"/>
      </object_component>
      <object_component id="oc-b0">
         <name>.debug_info</name>
         <load_address>0xf518</load_address>
         <run_address>0xf518</run_address>
         <size>0x46</size>
         <input_file_ref idref="fl-ce"/>
      </object_component>
      <object_component id="oc-77">
         <name>.debug_info</name>
         <load_address>0xf55e</load_address>
         <run_address>0xf55e</run_address>
         <size>0x39</size>
         <input_file_ref idref="fl-ce"/>
      </object_component>
      <object_component id="oc-22">
         <name>.debug_info</name>
         <load_address>0xf597</load_address>
         <run_address>0xf597</run_address>
         <size>0x10b</size>
         <input_file_ref idref="fl-cf"/>
      </object_component>
      <object_component id="oc-57">
         <name>.debug_info</name>
         <load_address>0xf6a2</load_address>
         <run_address>0xf6a2</run_address>
         <size>0x1af</size>
         <input_file_ref idref="fl-cf"/>
      </object_component>
      <object_component id="oc-1c5">
         <name>.debug_info</name>
         <load_address>0xf851</load_address>
         <run_address>0xf851</run_address>
         <size>0x122</size>
         <input_file_ref idref="fl-d0"/>
      </object_component>
      <object_component id="oc-296">
         <name>.debug_info</name>
         <load_address>0xf973</load_address>
         <run_address>0xf973</run_address>
         <size>0x2b9</size>
         <input_file_ref idref="fl-d3"/>
      </object_component>
      <object_component id="oc-18b">
         <name>.debug_info</name>
         <load_address>0xfc2c</load_address>
         <run_address>0xfc2c</run_address>
         <size>0x17c</size>
         <input_file_ref idref="fl-d3"/>
      </object_component>
      <object_component id="oc-351">
         <name>.debug_info</name>
         <load_address>0xfda8</load_address>
         <run_address>0xfda8</run_address>
         <size>0xf9</size>
         <input_file_ref idref="fl-d4"/>
      </object_component>
      <object_component id="oc-293">
         <name>.debug_info</name>
         <load_address>0xfea1</load_address>
         <run_address>0xfea1</run_address>
         <size>0x105</size>
         <input_file_ref idref="fl-d4"/>
      </object_component>
      <object_component id="oc-28b">
         <name>.debug_info</name>
         <load_address>0xffa6</load_address>
         <run_address>0xffa6</run_address>
         <size>0x333</size>
         <input_file_ref idref="fl-d5"/>
      </object_component>
      <object_component id="oc-17d">
         <name>.debug_info</name>
         <load_address>0x102d9</load_address>
         <run_address>0x102d9</run_address>
         <size>0x1d1</size>
         <input_file_ref idref="fl-d5"/>
      </object_component>
      <object_component id="oc-280">
         <name>.debug_info</name>
         <load_address>0x104aa</load_address>
         <run_address>0x104aa</run_address>
         <size>0x18d</size>
         <input_file_ref idref="fl-d5"/>
      </object_component>
      <object_component id="oc-286">
         <name>.debug_info</name>
         <load_address>0x10637</load_address>
         <run_address>0x10637</run_address>
         <size>0x16d</size>
         <input_file_ref idref="fl-d5"/>
      </object_component>
      <object_component id="oc-3e9">
         <name>.debug_info</name>
         <load_address>0x107a4</load_address>
         <run_address>0x107a4</run_address>
         <size>0x2c</size>
         <input_file_ref idref="fl-d5"/>
      </object_component>
      <object_component id="oc-275">
         <name>.debug_info</name>
         <load_address>0x107d0</load_address>
         <run_address>0x107d0</run_address>
         <size>0x2a4</size>
         <input_file_ref idref="fl-d6"/>
      </object_component>
      <object_component id="oc-172">
         <name>.debug_info</name>
         <load_address>0x10a74</load_address>
         <run_address>0x10a74</run_address>
         <size>0x26d</size>
         <input_file_ref idref="fl-d6"/>
      </object_component>
      <object_component id="oc-273">
         <name>.debug_info</name>
         <load_address>0x10ce1</load_address>
         <run_address>0x10ce1</run_address>
         <size>0x2a4</size>
         <input_file_ref idref="fl-d8"/>
      </object_component>
      <object_component id="oc-16a">
         <name>.debug_info</name>
         <load_address>0x10f85</load_address>
         <run_address>0x10f85</run_address>
         <size>0x252</size>
         <input_file_ref idref="fl-d8"/>
      </object_component>
      <object_component id="oc-277">
         <name>.debug_info</name>
         <load_address>0x111d7</load_address>
         <run_address>0x111d7</run_address>
         <size>0x28f</size>
         <input_file_ref idref="fl-d9"/>
      </object_component>
      <object_component id="oc-176">
         <name>.debug_info</name>
         <load_address>0x11466</load_address>
         <run_address>0x11466</run_address>
         <size>0x24b</size>
         <input_file_ref idref="fl-d9"/>
      </object_component>
      <object_component id="oc-2f4">
         <name>.debug_info</name>
         <load_address>0x116b1</load_address>
         <run_address>0x116b1</run_address>
         <size>0x118</size>
         <input_file_ref idref="fl-da"/>
      </object_component>
      <object_component id="oc-2b2">
         <name>.debug_info</name>
         <load_address>0x117c9</load_address>
         <run_address>0x117c9</run_address>
         <size>0x552</size>
         <input_file_ref idref="fl-db"/>
      </object_component>
      <object_component id="oc-1d1">
         <name>.debug_info</name>
         <load_address>0x11d1b</load_address>
         <run_address>0x11d1b</run_address>
         <size>0x1a6</size>
         <input_file_ref idref="fl-db"/>
      </object_component>
      <object_component id="oc-364">
         <name>.debug_info</name>
         <load_address>0x11ec1</load_address>
         <run_address>0x11ec1</run_address>
         <size>0x39</size>
         <input_file_ref idref="fl-db"/>
      </object_component>
      <object_component id="oc-3fd">
         <name>.debug_info</name>
         <load_address>0x11efa</load_address>
         <run_address>0x11efa</run_address>
         <size>0x39</size>
         <input_file_ref idref="fl-db"/>
      </object_component>
      <object_component id="oc-369">
         <name>.debug_info</name>
         <load_address>0x11f33</load_address>
         <run_address>0x11f33</run_address>
         <size>0x39</size>
         <input_file_ref idref="fl-db"/>
      </object_component>
      <object_component id="oc-36e">
         <name>.debug_info</name>
         <load_address>0x11f6c</load_address>
         <run_address>0x11f6c</run_address>
         <size>0xcd</size>
         <input_file_ref idref="fl-db"/>
      </object_component>
      <object_component id="oc-93">
         <name>.debug_info</name>
         <load_address>0x12039</load_address>
         <run_address>0x12039</run_address>
         <size>0x153</size>
         <input_file_ref idref="fl-dc"/>
      </object_component>
      <object_component id="oc-340">
         <name>.debug_info</name>
         <load_address>0x1218c</load_address>
         <run_address>0x1218c</run_address>
         <size>0x8b1</size>
         <input_file_ref idref="fl-de"/>
      </object_component>
      <object_component id="oc-30b">
         <name>.debug_info</name>
         <load_address>0x12a3d</load_address>
         <run_address>0x12a3d</run_address>
         <size>0x21e</size>
         <input_file_ref idref="fl-de"/>
      </object_component>
      <object_component id="oc-3ac">
         <name>.debug_info</name>
         <load_address>0x12c5b</load_address>
         <run_address>0x12c5b</run_address>
         <size>0x1b3</size>
         <input_file_ref idref="fl-de"/>
      </object_component>
      <object_component id="oc-3b2">
         <name>.debug_info</name>
         <load_address>0x12e0e</load_address>
         <run_address>0x12e0e</run_address>
         <size>0x21b</size>
         <input_file_ref idref="fl-de"/>
      </object_component>
      <object_component id="oc-316">
         <name>.debug_info</name>
         <load_address>0x13029</load_address>
         <run_address>0x13029</run_address>
         <size>0x3bb</size>
         <input_file_ref idref="fl-de"/>
      </object_component>
      <object_component id="oc-3b9">
         <name>.debug_info</name>
         <load_address>0x133e4</load_address>
         <run_address>0x133e4</run_address>
         <size>0x305</size>
         <input_file_ref idref="fl-de"/>
      </object_component>
      <object_component id="oc-3bf">
         <name>.debug_info</name>
         <load_address>0x136e9</load_address>
         <run_address>0x136e9</run_address>
         <size>0x215</size>
         <input_file_ref idref="fl-de"/>
      </object_component>
      <object_component id="oc-31c">
         <name>.debug_info</name>
         <load_address>0x138fe</load_address>
         <run_address>0x138fe</run_address>
         <size>0x215</size>
         <input_file_ref idref="fl-de"/>
      </object_component>
      <object_component id="oc-322">
         <name>.debug_info</name>
         <load_address>0x13b13</load_address>
         <run_address>0x13b13</run_address>
         <size>0x304</size>
         <input_file_ref idref="fl-de"/>
      </object_component>
      <object_component id="oc-328">
         <name>.debug_info</name>
         <load_address>0x13e17</load_address>
         <run_address>0x13e17</run_address>
         <size>0x4b0</size>
         <input_file_ref idref="fl-de"/>
      </object_component>
      <object_component id="oc-279">
         <name>.debug_info</name>
         <load_address>0x142c7</load_address>
         <run_address>0x142c7</run_address>
         <size>0x5d8</size>
         <input_file_ref idref="fl-de"/>
      </object_component>
      <object_component id="oc-341">
         <name>.debug_info</name>
         <load_address>0x1489f</load_address>
         <run_address>0x1489f</run_address>
         <size>0x86</size>
         <input_file_ref idref="fl-de"/>
      </object_component>
      <object_component id="oc-3ee">
         <name>.debug_info</name>
         <load_address>0x14925</load_address>
         <run_address>0x14925</run_address>
         <size>0x39</size>
         <input_file_ref idref="fl-de"/>
      </object_component>
      <object_component id="oc-434">
         <name>.debug_info</name>
         <load_address>0x1495e</load_address>
         <run_address>0x1495e</run_address>
         <size>0xb6</size>
         <input_file_ref idref="fl-de"/>
      </object_component>
      <object_component id="oc-3f3">
         <name>.debug_info</name>
         <load_address>0x14a14</load_address>
         <run_address>0x14a14</run_address>
         <size>0x46</size>
         <input_file_ref idref="fl-de"/>
      </object_component>
      <object_component id="oc-346">
         <name>.debug_info</name>
         <load_address>0x14a5a</load_address>
         <run_address>0x14a5a</run_address>
         <size>0x46</size>
         <input_file_ref idref="fl-de"/>
      </object_component>
      <object_component id="oc-40f">
[...]
         <object_component_ref idref="oc-98"/>
      </symbol>
      <symbol id="sm-20e">
         <name>CWLIFesp</name>
         <value>0x783</value>
         <object_component_ref idref="oc-98"/>
      </symbol>
      <symbol id="sm-20f">
         <name>CIPSERVEResp</name>
         <value>0x74d</value>
         <object_component_ref idref="oc-98"/>
      </symbol>
      <symbol id="sm-210">
         <name>main</name>
         <value>0x11e9</value>
         <object_component_ref idref="oc-98"/>
      </symbol>
      <symbol id="sm-211">
         <name>sendTime</name>
         <value>0x20004e82</value>
         <object_component_ref idref="oc-163"/>
      </symbol>
      <symbol id="sm-212">
         <name>CIPCLOSEesp</name>
         <value>0x7d9</value>
         <object_component_ref idref="oc-98"/>
      </symbol>
      <symbol id="sm-213">
         <name>postToDB</name>
         <value>0xf77</value>
         <object_component_ref idref="oc-98"/>
      </symbol>
      <symbol id="sm-214">
         <name>SearchIndexOf</name>
         <value>0x405</value>
         <object_component_ref idref="oc-98"/>
      </symbol>
      <symbol id="sm-215">
         <name>delayMs</name>
         <value>0x26d</value>
         <object_component_ref idref="oc-98"/>
      </symbol>
      <symbol id="sm-216">
         <name>CIPAPesp</name>
         <value>0x703</value>
         <object_component_ref idref="oc-98"/>
      </symbol>
      <symbol id="sm-217">
         <name>isConnection</name>
         <value>0x20004e80</value>
         <object_component_ref idref="oc-163"/>
      </symbol>
      <symbol id="sm-218">
         <name>setSystem</name>
         <value>0xf93</value>
         <object_component_ref idref="oc-98"/>
      </symbol>
      <symbol id="sm-219">
         <name>CIPSENDesp</name>
         <value>0x86d</value>
         <object_component_ref idref="oc-98"/>
      </symbol>
      <symbol id="sm-21a">
         <name>ATesp</name>
         <value>0x5c9</value>
         <object_component_ref idref="oc-98"/>
      </symbol>
      <symbol id="sm-21b">
         <name>recvFind</name>
         <value>0x591</value>
         <object_component_ref idref="oc-98"/>
      </symbol>
      <symbol id="sm-21c">
         <name>cMode</name>
         <value>0x20004e81</value>
         <object_component_ref idref="oc-163"/>
      </symbol>
      <symbol id="sm-21d">
         <name>RSTesp</name>
         <value>0x609</value>
         <object_component_ref idref="oc-98"/>
      </symbol>
      <symbol id="sm-21e">
         <name>Timer5IntHandler</name>
         <value>0x29f</value>
         <object_component_ref idref="oc-98"/>
      </symbol>
      <symbol id="sm-21f">
         <name>dcFromDB</name>
         <value>0xf6b</value>
         <object_component_ref idref="oc-98"/>
      </symbol>
      <symbol id="sm-220">
         <name>btHandler</name>
         <value>0x1095</value>
         <object_component_ref idref="oc-98"/>
      </symbol>
      <symbol id="sm-221">
         <name>SendATCommand</name>
         <value>0x4d5</value>
         <object_component_ref idref="oc-98"/>
      </symbol>
      <symbol id="sm-23d">
         <name>ResetISR</name>
         <value>0x4323</value>
         <object_component_ref idref="oc-24"/>
      </symbol>
      <symbol id="sm-23e">
         <name>g_pfnVectors</name>
         <value>0x0</value>
         <object_component_ref idref="oc-f"/>
      </symbol>
      <symbol id="sm-2b3">
         <name>UARTgetc</name>
         <value>0x2243</value>
         <object_component_ref idref="oc-11b"/>
      </symbol>
      <symbol id="sm-2b4">
         <name>UARTgets</name>
         <value>0x2189</value>
         <object_component_ref idref="oc-11b"/>
      </symbol>
      <symbol id="sm-2b5">
         <name>UARTStdioConfig</name>
         <value>0x20fd</value>
         <object_component_ref idref="oc-11b"/>
      </symbol>
      <symbol id="sm-2b6">
         <name>UARTwrite</name>
         <value>0x2143</value>
         <object_component_ref idref="oc-11b"/>
      </symbol>
      <symbol id="sm-2b7">
         <name>UARTprintf</name>
         <value>0x2563</value>
         <object_component_ref idref="oc-11b"/>
      </symbol>
      <symbol id="sm-2b8">
         <name>UARTvprintf</name>
         <value>0x2269</value>
         <object_component_ref idref="oc-11b"/>
      </symbol>
      <symbol id="sm-2ff">
         <name>GPIOPinConfigure</name>
         <value>0x3e09</value>
         <object_component_ref idref="oc-109"/>
      </symbol>
      <symbol id="sm-300">
         <name>GPIOPinTypeUART</name>
         <value>0x4289</value>
         <object_component_ref idref="oc-10f"/>
      </symbol>
      <symbol id="sm-301">
         <name>GPIOPinTypeGPIOOutput</name>
         <value>0x41af</value>
         <object_component_ref idref="oc-1a8"/>
      </symbol>
      <symbol id="sm-302">
         <name>GPIODirModeSet</name>
         <value>0x412b</value>
         <object_component_ref idref="oc-236"/>
      </symbol>
      <symbol id="sm-303">
         <name>GPIOPinWrite</name>
         <value>0x4381</value>
         <object_component_ref idref="oc-1b4"/>
      </symbol>
      <symbol id="sm-304">
         <name>GPIOPadConfigSet</name>
         <value>0x303b</value>
         <object_component_ref idref="oc-1ae"/>
      </symbol>
      <symbol id="sm-359">
         <name>IntEnable</name>
         <value>0x3ae1</value>
         <object_component_ref idref="oc-f1"/>
      </symbol>
      <symbol id="sm-35a">
         <name>IntDisable</name>
         <value>0x3a79</value>
         <object_component_ref idref="oc-12d"/>
      </symbol>
      <symbol id="sm-35b">
         <name>IntRegister</name>
         <value>0x4095</value>
         <object_component_ref idref="oc-21c"/>
      </symbol>
      <symbol id="sm-35c">
         <name>g_pfnRAMVectors</name>
         <value>0x20000000</value>
         <object_component_ref idref="oc-2db"/>
      </symbol>
      <symbol id="sm-35d">
         <name>IntMasterEnable</name>
         <value>0x42bf</value>
         <object_component_ref idref="oc-103"/>
      </symbol>
      <symbol id="sm-3ba">
         <name>SysCtlPeripheralPresent</name>
         <value>0x4025</value>
         <object_component_ref idref="oc-23f"/>
      </symbol>
      <symbol id="sm-3bb">
         <name>SysCtlClockSet</name>
         <value>0x35ad</value>
         <object_component_ref idref="oc-19c"/>
      </symbol>
      <symbol id="sm-3bc">
         <name>SysCtlDelay</name>
         <value>0x4387</value>
         <object_component_ref idref="oc-c6"/>
      </symbol>
      <symbol id="sm-3bd">
         <name>SysCtlPeripheralEnable</name>
         <value>0x40c9</value>
         <object_component_ref idref="oc-d9"/>
      </symbol>
      <symbol id="sm-3be">
         <name>SysCtlClockGet</name>
         <value>0x3291</value>
         <object_component_ref idref="oc-c0"/>
      </symbol>
      <symbol id="sm-3d7">
         <name>SysTickEnable</name>
         <value>0x4225</value>
         <object_component_ref idref="oc-d3"/>
      </symbol>
      <symbol id="sm-3d8">
         <name>SysTickPeriodSet</name>
         <value>0x42d1</value>
         <object_component_ref idref="oc-cd"/>
      </symbol>
      <symbol id="sm-433">
         <name>TimerLoadSet</name>
         <value>0x429b</value>
         <object_component_ref idref="oc-e5"/>
      </symbol>
      <symbol id="sm-434">
         <name>TimerIntRegister</name>
         <value>0x41c7</value>
         <object_component_ref idref="oc-eb"/>
      </symbol>
      <symbol id="sm-435">
         <name>TimerEnable</name>
         <value>0x42e1</value>
         <object_component_ref idref="oc-fd"/>
      </symbol>
      <symbol id="sm-436">
         <name>TimerIntEnable</name>
         <value>0x4361</value>
         <object_component_ref idref="oc-f7"/>
      </symbol>
      <symbol id="sm-437">
         <name>TimerConfigure</name>
         <value>0x3c15</value>
         <object_component_ref idref="oc-df"/>
      </symbol>
      <symbol id="sm-438">
         <name>TimerIntClear</name>
         <value>0x4393</value>
         <object_component_ref idref="oc-c7"/>
      </symbol>
      <symbol id="sm-4ca">
         <name>UARTFIFODisable</name>
         <value>0x4343</value>
         <object_component_ref idref="oc-139"/>
      </symbol>
      <symbol id="sm-4cb">
         <name>UARTConfigSetExpClk</name>
         <value>0x3e99</value>
         <object_component_ref idref="oc-121"/>
      </symbol>
      <symbol id="sm-4cc">
         <name>UARTDisable</name>
         <value>0x4155</value>
         <object_component_ref idref="oc-133"/>
      </symbol>
      <symbol id="sm-4cd">
         <name>UARTBusy</name>
         <value>0x4369</value>
         <object_component_ref idref="oc-157"/>
      </symbol>
      <symbol id="sm-4ce">
         <name>UARTIntEnable</name>
         <value>0x4371</value>
         <object_component_ref idref="oc-13f"/>
      </symbol>
      <symbol id="sm-4cf">
         <name>UARTCharsAvail</name>
         <value>0x42ef</value>
         <object_component_ref idref="oc-151"/>
      </symbol>
      <symbol id="sm-4d0">
         <name>UARTClockSourceSet</name>
         <value>0x438d</value>
         <object_component_ref idref="oc-115"/>
      </symbol>
      <symbol id="sm-4d1">
         <name>UARTCharPut</name>
         <value>0x4339</value>
         <object_component_ref idref="oc-15d"/>
      </symbol>
      <symbol id="sm-4d2">
         <name>UARTEnable</name>
         <value>0x4239</value>
         <object_component_ref idref="oc-127"/>
      </symbol>
      <symbol id="sm-4d3">
         <name>UARTIntClear</name>
         <value>0x4397</value>
         <object_component_ref idref="oc-196"/>
      </symbol>
      <symbol id="sm-4d4">
         <name>UARTIntStatus</name>
         <value>0x434d</value>
         <object_component_ref idref="oc-190"/>
      </symbol>
      <symbol id="sm-4d5">
         <name>UARTCharGet</name>
         <value>0x432f</value>
         <object_component_ref idref="oc-14b"/>
      </symbol>
      <symbol id="sm-4d6">
         <name>UARTIntRegister</name>
         <value>0x41df</value>
         <object_component_ref idref="oc-145"/>
      </symbol>
      <symbol id="sm-4e0">
         <name>CPUcpsie</name>
         <value>0x430b</value>
         <object_component_ref idref="oc-22a"/>
      </symbol>
      <symbol id="sm-4ef">
         <name>__aeabi_uidivmod</name>
         <value>0x3f65</value>
         <object_component_ref idref="oc-24e"/>
      </symbol>
      <symbol id="sm-4f0">
         <name>__aeabi_uidiv</name>
         <value>0x3f65</value>
         <object_component_ref idref="oc-24e"/>
      </symbol>
      <symbol id="sm-50b">
         <name>memcpy</name>
         <value>0x3753</value>
         <object_component_ref idref="oc-38"/>
      </symbol>
      <symbol id="sm-50c">
         <name>__aeabi_memcpy</name>
         <value>0x3753</value>
         <object_component_ref idref="oc-38"/>
      </symbol>
      <symbol id="sm-50d">
         <name>__aeabi_memcpy8</name>
         <value>0x3753</value>
         <object_component_ref idref="oc-38"/>
      </symbol>
      <symbol id="sm-50e">
         <name>__aeabi_memcpy4</name>
         <value>0x3753</value>
         <object_component_ref idref="oc-38"/>
      </symbol>
      <symbol id="sm-51d">
         <name>__aeabi_memset</name>
         <value>0x3993</value>
         <object_component_ref idref="oc-8c"/>
      </symbol>
      <symbol id="sm-51e">
         <name>memset</name>
         <value>0x3999</value>
         <object_component_ref idref="oc-8c"/>
      </symbol>
      <symbol id="sm-51f">
         <name>__aeabi_memset8</name>
         <value>0x3993</value>
         <object_component_ref idref="oc-8c"/>
      </symbol>
      <symbol id="sm-520">
         <name>__aeabi_memset4</name>
         <value>0x3993</value>
         <object_component_ref idref="oc-8c"/>
      </symbol>
      <symbol id="sm-521">
         <name>__aeabi_memclr8</name>
         <value>0x3991</value>
         <object_component_ref idref="oc-8c"/>
      </symbol>
      <symbol id="sm-522">
         <name>__aeabi_memclr4</name>
         <value>0x3991</value>
         <object_component_ref idref="oc-8c"/>
      </symbol>
      <symbol id="sm-523">
         <name>__aeabi_memclr</name>
         <value>0x3991</value>
         <object_component_ref idref="oc-8c"/>
      </symbol>
      <symbol id="sm-535">
         <name>__TI_zero_init</name>
         <value>0x4317</value>
         <object_component_ref idref="oc-4a"/>
      </symbol>
      <symbol id="sm-54c">
         <name>__TI_decompress_none</name>
         <value>0x42fd</value>
         <object_component_ref idref="oc-18"/>
      </symbol>
      <symbol id="sm-56f">
         <name>__TI_decompress_lzss</name>
         <value>0x3b49</value>
         <object_component_ref idref="oc-12"/>
      </symbol>
      <symbol id="sm-582">
         <name>__stack</name>
         <value>0x20004c70</value>
         <object_component_ref idref="oc-21"/>
      </symbol>
      <symbol id="sm-583">
         <name>_c_int00_noargs</name>
         <value>0x405d</value>
         <object_component_ref idref="oc-56"/>
      </symbol>
      <symbol id="sm-58e">
         <name>C$$EXIT</name>
         <value>0x439f</value>
         <object_component_ref idref="oc-1c4"/>
      </symbol>
      <symbol id="sm-58f">
         <name>abort</name>
         <value>0x439f</value>
         <object_component_ref idref="oc-1c4"/>
      </symbol>
      <symbol id="sm-5a7">
         <name>atoi</name>
         <value>0x3dbd</value>
         <object_component_ref idref="oc-18a"/>
      </symbol>
      <symbol id="sm-5b2">
         <name>_ctypes_</name>
         <value>0x43a4</value>
         <object_component_ref idref="oc-292"/>
      </symbol>
      <symbol id="sm-5d9">
         <name>sprintf</name>
         <value>0x3fa5</value>
         <object_component_ref idref="oc-17b"/>
      </symbol>
      <symbol id="sm-5e9">
         <name>strcat</name>
         <value>0x4175</value>
         <object_component_ref idref="oc-16f"/>
      </symbol>
      <symbol id="sm-5f8">
         <name>strcpy</name>
         <value>0x4261</value>
         <object_component_ref idref="oc-169"/>
      </symbol>
      <symbol id="sm-606">
         <name>strlen</name>
         <value>0x4275</value>
         <object_component_ref idref="oc-175"/>
      </symbol>
      <symbol id="sm-610">
         <name>__aeabi_idiv0</name>
         <value>0x20fb</value>
         <object_component_ref idref="oc-2f2"/>
      </symbol>
      <symbol id="sm-611">
         <name>__aeabi_ldiv0</name>
         <value>0x20fb</value>
         <object_component_ref idref="oc-2f2"/>
      </symbol>
      <symbol id="sm-639">
         <name>__TI_auto_init_nobinit_nopinit</name>
         <value>0x3ee1</value>
         <object_component_ref idref="oc-1d0"/>
      </symbol>
      <symbol id="sm-643">
         <name>_system_pre_init</name>
         <value>0x439b</value>
         <object_component_ref idref="oc-92"/>
      </symbol>
      <symbol id="sm-7a9">
         <name>__TI_printfi</name>
         <value>0x169d</value>
         <object_component_ref idref="oc-278"/>
      </symbol>
      <symbol id="sm-7b8">
         <name>ltoa</name>
         <value>0x3ccb</value>
         <object_component_ref idref="oc-39b"/>
      </symbol>
      <symbol id="sm-7c8">
         <name>memccpy</name>
         <value>0x4193</value>
         <object_component_ref idref="oc-32d"/>
      </symbol>
      <symbol id="sm-7d8">
         <name>strchr</name>
         <value>0x420f</value>
         <object_component_ref idref="oc-3d2"/>
      </symbol>
      <symbol id="sm-7f1">
         <name>wcslen</name>
         <value>0x42ad</value>
         <object_component_ref idref="oc-333"/>
      </symbol>
      <symbol id="sm-811">
         <name>frexpl</name>
         <value>0x3bb1</value>
         <object_component_ref idref="oc-3c6"/>
      </symbol>
      <symbol id="sm-812">
         <name>frexp</name>
         <value>0x3bb1</value>
         <object_component_ref idref="oc-3c6"/>
      </symbol>
      <symbol id="sm-82f">
         <name>scalbn</name>
         <value>0x33a1</value>
         <object_component_ref idref="oc-3cc"/>
      </symbol>
      <symbol id="sm-830">
         <name>scalbnl</name>
         <value>0x33a1</value>
         <object_component_ref idref="oc-3cc"/>
      </symbol>
      <symbol id="sm-831">
         <name>ldexpl</name>
         <value>0x33a1</value>
         <object_component_ref idref="oc-3cc"/>
      </symbol>
      <symbol id="sm-832">
         <name>ldexp</name>
         <value>0x33a1</value>
         <object_component_ref idref="oc-3cc"/>
      </symbol>
      <symbol id="sm-849">
         <name>__aeabi_dsub</name>
         <value>0x2c11</value>
         <object_component_ref idref="oc-3a6"/>
      </symbol>
      <symbol id="sm-84a">
         <name>__aeabi_dadd</name>
         <value>0x2c1b</value>
         <object_component_ref idref="oc-3a6"/>
      </symbol>
      <symbol id="sm-86c">
         <name>__aeabi_cdcmpeq</name>
         <value>0x3885</value>
         <object_component_ref idref="oc-310"/>
      </symbol>
      <symbol id="sm-86d">
         <name>__aeabi_cdcmple</name>
         <value>0x3885</value>
         <object_component_ref idref="oc-310"/>
      </symbol>
      <symbol id="sm-86e">
         <name>__aeabi_cdrcmple</name>
         <value>0x390b</value>
         <object_component_ref idref="oc-391"/>
      </symbol>
      <symbol id="sm-882">
         <name>__aeabi_ddiv</name>
         <value>0x2f05</value>
         <object_component_ref idref="oc-38c"/>
      </symbol>
      <symbol id="sm-88d">
         <name>__aeabi_dmul</name>
         <value>0x34b1</value>
         <object_component_ref idref="oc-387"/>
      </symbol>
      <symbol id="sm-897">
         <name>__aeabi_d2iz</name>
         <value>0x3e51</value>
         <object_component_ref idref="oc-396"/>
      </symbol>
      <symbol id="sm-8a1">
         <name>__aeabi_i2d</name>
         <value>0x40fd</value>
         <object_component_ref idref="oc-3a1"/>
      </symbol>
      <symbol id="sm-8ae">
         <name>__aeabi_uldivmod</name>
         <value>0x37ef</value>
         <object_component_ref idref="oc-380"/>
      </symbol>
      <symbol id="sm-8c4">
         <name>__aeabi_errno_addr</name>
         <value>0x4379</value>
         <object_component_ref idref="oc-339"/>
      </symbol>
      <symbol id="sm-8c5">
         <name>errno</name>
         <value>0x20004e8c</value>
         <object_component_ref idref="oc-3e2"/>
      </symbol>
      <symbol id="sm-8cf">
         <name>copysign</name>
         <value>0x424d</value>
         <object_component_ref idref="oc-41d"/>
      </symbol>
      <symbol id="sm-8d0">
         <name>copysignl</name>
         <value>0x424d</value>
         <object_component_ref idref="oc-41d"/>
      </symbol>
      <symbol id="sm-8d1">
         <name>__TI_static_base__</name>
         <value>0x0</value>
      </symbol>
      <symbol id="sm-8d4">
         <name>__mpu_init</name>
         <value>0x0</value>
      </symbol>
      <symbol id="sm-8d5">
         <name>_system_post_cinit</name>
         <value>0x0</value>
      </symbol>
   </symbol_table>
   <title>Link successful</title>
</link_info>
